MPLINK 5.00, LINKER
Linker Map File - Created Tue Dec 20 15:23:34 2022

                                 Section Info
                  Section       Type    Address   Location Size(Bytes)
                ---------  ---------  ---------  ---------  ---------
               _entry_scn       code   0x000000    program   0x000006
           .code___init.o       code   0x000006    program   0x000002
      InterruptVectorHigh       code   0x000008    program   0x000006
       .romdata_Numeric.o    romdata   0x00000e    program   0x000004
              math_data_i    romdata   0x000012    program   0x000002
       .romdata_EPFlash.o    romdata   0x000014    program   0x000000
         .romdata_Fuses.o    romdata   0x000014    program   0x000000
        .romdata_IFlash.o    romdata   0x000014    program   0x000000
           .romdata_LED.o    romdata   0x000014    program   0x000000
        .romdata_Window.o    romdata   0x000014    program   0x000000
          .romdata_Main.o    romdata   0x000014    program   0x000000
        .idata_Window.o_i    romdata   0x000014    program   0x000000
          .romdata_UART.o    romdata   0x000014    program   0x000000
          .idata_UART.o_i    romdata   0x000014    program   0x000000
         .romdata_Timer.o    romdata   0x000014    program   0x000000
         .idata_Timer.o_i    romdata   0x000014    program   0x000000
        .idata_Switch.o_i    romdata   0x000014    program   0x000001
        .romdata_Switch.o    romdata   0x000014    program   0x000000
      .idata_c018iz_e.o_i    romdata   0x000014    program   0x000000
      .romdata_c018iz_e.o    romdata   0x000014    program   0x000000
        .romdata___init.o    romdata   0x000014    program   0x000000
        .romdata_Analog.o    romdata   0x000014    program   0x000000
        .idata___init.o_i    romdata   0x000014    program   0x000000
        .romdata_Common.o    romdata   0x000014    program   0x000000
      .idata_Protocol.o_i    romdata   0x000015    program   0x000000
          .idata_Main.o_i    romdata   0x000015    program   0x000000
    .idata_Image_Logo.o_i    romdata   0x000015    program   0x000000
           .idata_LED.o_i    romdata   0x000015    program   0x000000
        .idata_IFlash.o_i    romdata   0x000015    program   0x000000
  .idata_Font_Courier.o_i    romdata   0x000015    program   0x000000
          .idata_Logo.o_i    romdata   0x000015    program   0x000000
         .idata_Fuses.o_i    romdata   0x000015    program   0x000000
    .idata_Font_Icons.o_i    romdata   0x000015    program   0x000000
       .idata_EPFlash.o_i    romdata   0x000015    program   0x000001
       .idata_Display.o_i    romdata   0x000016    program   0x000000
         .code_c018iz_e.o       code   0x000016    program   0x000000
       .code_Font_Icons.o       code   0x000016    program   0x000000
           .idata_Bus.o_i    romdata   0x000016    program   0x000000
       .code_Image_Logo.o       code   0x000016    program   0x000000
     .code_Font_Courier.o       code   0x000016    program   0x000000
        .idata_Common.o_i    romdata   0x000016    program   0x000000
            .code_Fuses.o       code   0x000016    program   0x000000
       InterruptVectorLow       code   0x000018    program   0x0000c0
          .romdata_Logo.o    romdata   0x0000d8    program   0x000028
          EPFlash_Reverse    romdata   0x000100    program   0x000100
                   .cinit    romdata   0x000200    program   0x00003e
    .romdata_Image_Logo.o    romdata   0x00023e    program   0x006403
  .romdata_Font_Courier.o    romdata   0x006641    program   0x0012ff
           .code_Window.o       code   0x007940    program   0x0006d6
          .code_EPFlash.o       code   0x008016    program   0x0005be
          .code_Display.o       code   0x0085d4    program   0x0004e2
             .code_Logo.o       code   0x008ab6    program   0x000406
         .code_Protocol.o       code   0x008ebc    program   0x0002fe
                     PROG       code   0x0091ba    program   0x0002e6
              .code_Bus.o       code   0x0094a0    program   0x00023c
             .code_UART.o       code   0x0096dc    program   0x000228
          .code_Numeric.o       code   0x009904    program   0x000212
                   STRING       code   0x009b16    program   0x000168
                      psc       code   0x009c7e    program   0x000110
           .romdata_Bus.o    romdata   0x009d8e    program   0x000100
           .code_Analog.o       code   0x009e8e    program   0x0000ec
              .code_LED.o       code   0x009f7a    program   0x0000e6
             .stringtable    romdata   0x00a060    program   0x0000db
            .code_Timer.o       code   0x00a13c    program   0x0000c2
    .romdata_Font_Icons.o    romdata   0x00a1fe    program   0x0000a2
               _cinit_scn       code   0x00a2a0    program   0x00009e
           .code_IFlash.o       code   0x00a33e    program   0x000082
                   analog       code   0x00a3c0    program   0x00007e
                      dio       code   0x00a43e    program   0x000074
                math_code       code   0x00a4b2    program   0x00006c
                  epflash       code   0x00a51e    program   0x000066
             .code_Main.o       code   0x00a584    program   0x000064
           .code_Switch.o       code   0x00a5e8    program   0x000062
       .romdata_Display.o    romdata   0x00a64a    program   0x00005d
           .code_Common.o       code   0x00a6a8    program   0x000048
                   window       code   0x00a6f0    program   0x00003a
             D10KTCYXCODE       code   0x00a72a    program   0x000036
              D1KTCYXCODE       code   0x00a760    program   0x000020
                    .code       code   0x00a780    program   0x000020
             _startup_scn       code   0x00a7a0    program   0x00001e
      .romdata_Protocol.o    romdata   0x00a7be    program   0x000014
       .idata_Numeric.o_i    romdata   0x00a7d2    program   0x000004
        .idata_Analog.o_i    romdata   0x00a7d6    program   0x000008
                   CONFIG    romdata   0x01fff8    program   0x000006
             .udata_LED.o      udata   0x000000       data   0x000030
            .udata_Logo.o      udata   0x000030       data   0x00001a
        .udata_c018iz_e.o      udata   0x00004a       data   0x00000a
          .idata_Analog.o      idata   0x000054       data   0x000008
                MATH_DATA      udata   0x00005c       data   0x000004
        .udata_Protocol.o      udata   0x000060       data   0x000007
             .udata_Bus.o      udata   0x000067       data   0x000006
                 .tmpdata      udata   0x00006d       data   0x000006
         .udata_EPFlash.o      udata   0x000073       data   0x000005
         .idata_Numeric.o      idata   0x000078       data   0x000004
          .udata_Switch.o      udata   0x00007c       data   0x000002
              temp_tblptr      udata   0x00007e       data   0x000001
                DELAYDAT2      udata   0x00007f       data   0x000001
                DELAYDAT1      udata   0x000080       data   0x000001
           .udata_Timer.o      udata   0x000081       data   0x000001
          .idata_Switch.o      idata   0x000082       data   0x000001
         .idata_EPFlash.o      idata   0x000083       data   0x000001
            .idata_UART.o      idata   0x000084       data   0x000000
          .idata_Window.o      idata   0x000084       data   0x000000
          .idata___init.o      idata   0x000084       data   0x000000
    .udata_Font_Courier.o      udata   0x000084       data   0x000000
    .idata_Font_Courier.o      idata   0x000084       data   0x000000
      .udata_Font_Icons.o      udata   0x000084       data   0x000000
      .idata_Font_Icons.o      idata   0x000084       data   0x000000
          .udata_Analog.o      udata   0x000084       data   0x000000
            .idata_Logo.o      idata   0x000084       data   0x000000
      .udata_Image_Logo.o      udata   0x000084       data   0x000000
      .idata_Image_Logo.o      idata   0x000084       data   0x000000
          .udata___init.o      udata   0x000084       data   0x000000
        .idata_c018iz_e.o      idata   0x000084       data   0x000000
         .idata_Display.o      idata   0x000084       data   0x000000
         .udata_Display.o      udata   0x000084       data   0x000000
           .udata_Fuses.o      udata   0x000084       data   0x000000
           .idata_Fuses.o      idata   0x000084       data   0x000000
          .udata_IFlash.o      udata   0x000084       data   0x000000
          .idata_IFlash.o      idata   0x000084       data   0x000000
          .idata_Common.o      idata   0x000084       data   0x000000
             .idata_LED.o      idata   0x000084       data   0x000000
            .udata_Main.o      udata   0x000084       data   0x000000
            .idata_Main.o      idata   0x000084       data   0x000000
          .udata_Common.o      udata   0x000084       data   0x000000
        .idata_Protocol.o      idata   0x000084       data   0x000000
             .idata_Bus.o      idata   0x000084       data   0x000000
           .idata_Timer.o      idata   0x000084       data   0x000000
            .udata_UART.o      udata   0x000084       data   0x000000
               Bus_Buffer      udata   0x000100       data   0x000100
               Win_Buffer      udata   0x000800       data   0x000600
                   .stack      udata   0x000e00       data   0x000100
         .udata_Numeric.o      udata   0x000f00       data   0x000030
          .udata_Window.o      udata   0x000f30       data   0x000022
                math_data      idata   0x000f52       data   0x000002
              SFR_BANKED0      udata   0x000f54       data   0x00000c
            SFR_UNBANKED0      udata   0x000f60       data   0x0000a0



                              Program Memory Usage 
                               Start         End      
                           ---------   ---------      
                            0x000000    0x000015      
                            0x000018    0x00a13a      
                            0x00a13c    0x00a6a6      
                            0x00a6a8    0x00a7dd      
                            0x01fff8    0x01fffd      
            42976 out of 131074 program addresses used, program memory utilization is 32%



                              Symbols - Sorted by Name
                     Name    Address   Location    Storage File                     
                ---------  ---------  ---------  --------- ---------                
         Analog_Calibrate   0x009eb0    program     extern C:\Melacs\MelacsDisplay+utils_2021-10-26\DispMelacs.X\Source\Analog.c
              Analog_Init   0x009e8e    program     extern C:\Melacs\MelacsDisplay+utils_2021-10-26\DispMelacs.X\Source\Analog.c
         Analog_Interrupt   0x00a3c0    program     extern Source\Core.asm          
                   Bitmap   0x006641    program     static C:\Melacs\MelacsDisplay+utils_2021-10-26\DispMelacs.X\Source\Data\Font_Courier.c
                   Bitmap   0x00a1fe    program     static C:\Melacs\MelacsDisplay+utils_2021-10-26\DispMelacs.X\Source\Data\Font_Icons.c
          Bus_ChecksumTab   0x009d8e    program     static C:\Melacs\MelacsDisplay+utils_2021-10-26\DispMelacs.X\Source\Bus.c
                  Bus_Get   0x0094d2    program     extern C:\Melacs\MelacsDisplay+utils_2021-10-26\DispMelacs.X\Source\Bus.c
                 Bus_Init   0x0094a0    program     extern C:\Melacs\MelacsDisplay+utils_2021-10-26\DispMelacs.X\Source\Bus.c
            Bus_Interrupt   0x009504    program     extern C:\Melacs\MelacsDisplay+utils_2021-10-26\DispMelacs.X\Source\Bus.c
                  Charset   0x00a28f    program     static C:\Melacs\MelacsDisplay+utils_2021-10-26\DispMelacs.X\Source\Data\Font_Icons.c
                  Charset   0x00783b    program     static C:\Melacs\MelacsDisplay+utils_2021-10-26\DispMelacs.X\Source\Data\Font_Courier.c
                   Config   0x01fff8    program     extern C:\Melacs\MelacsDisplay+utils_2021-10-26\DispMelacs.X\Source\Fuses.c
                   D10K_1   0x00a73a    program     static E:\3.46\pic18-lt\cxx-framework\src\extended\delays\d10ktcyx.asm
                    D10Kl   0x00a748    program     static E:\3.46\pic18-lt\cxx-framework\src\extended\delays\d10ktcyx.asm
                    D10Kx   0x00a736    program     static E:\3.46\pic18-lt\cxx-framework\src\extended\delays\d10ktcyx.asm
                    D1K_1   0x00a76e    program     static E:\3.46\pic18-lt\cxx-framework\src\extended\delays\d1ktcyx.asm
                     D1Kx   0x00a76c    program     static E:\3.46\pic18-lt\cxx-framework\src\extended\delays\d1ktcyx.asm
             Delay10KTCYx   0x00a72a    program     extern E:\3.46\pic18-lt\cxx-framework\src\extended\delays\d10ktcyx.asm
              Delay1KTCYx   0x00a760    program     extern E:\3.46\pic18-lt\cxx-framework\src\extended\delays\d1ktcyx.asm
                Disp_Area   0x0086e6    program     static C:\Melacs\MelacsDisplay+utils_2021-10-26\DispMelacs.X\Source\Display.c
              Disp_EImage   0x008a06    program     extern C:\Melacs\MelacsDisplay+utils_2021-10-26\DispMelacs.X\Source\Display.c
             Disp_Execute   0x0085d4    program     static C:\Melacs\MelacsDisplay+utils_2021-10-26\DispMelacs.X\Source\Display.c
        Disp_GetBacklight   0x0086c4    program     extern C:\Melacs\MelacsDisplay+utils_2021-10-26\DispMelacs.X\Source\Display.c
              Disp_IImage   0x008888    program     extern C:\Melacs\MelacsDisplay+utils_2021-10-26\DispMelacs.X\Source\Display.c
                Disp_Init   0x008638    program     extern C:\Melacs\MelacsDisplay+utils_2021-10-26\DispMelacs.X\Source\Display.c
                Disp_Rect   0x008764    program     extern C:\Melacs\MelacsDisplay+utils_2021-10-26\DispMelacs.X\Source\Display.c
        Disp_SetBacklight   0x0086a0    program     extern C:\Melacs\MelacsDisplay+utils_2021-10-26\DispMelacs.X\Source\Display.c
          EPFlash_Address   0x0080bc    program     static C:\Melacs\MelacsDisplay+utils_2021-10-26\DispMelacs.X\Source\EPFlash.c
          EPFlash_Command   0x008016    program     static C:\Melacs\MelacsDisplay+utils_2021-10-26\DispMelacs.X\Source\EPFlash.c
          EPFlash_Display   0x00837c    program     extern C:\Melacs\MelacsDisplay+utils_2021-10-26\DispMelacs.X\Source\EPFlash.c
            EPFlash_Erase   0x008190    program     extern C:\Melacs\MelacsDisplay+utils_2021-10-26\DispMelacs.X\Source\EPFlash.c
             EPFlash_Init   0x008158    program     extern C:\Melacs\MelacsDisplay+utils_2021-10-26\DispMelacs.X\Source\EPFlash.c
             EPFlash_Read   0x008358    program     extern C:\Melacs\MelacsDisplay+utils_2021-10-26\DispMelacs.X\Source\EPFlash.c
         EPFlash_ReadData   0x0080f8    program     static C:\Melacs\MelacsDisplay+utils_2021-10-26\DispMelacs.X\Source\EPFlash.c
         EPFlash_ReadPage   0x008312    program     static C:\Melacs\MelacsDisplay+utils_2021-10-26\DispMelacs.X\Source\EPFlash.c
       EPFlash_ReadStatus   0x008132    program     static C:\Melacs\MelacsDisplay+utils_2021-10-26\DispMelacs.X\Source\EPFlash.c
          EPFlash_Reverse   0x000100    program     extern C:\Melacs\MelacsDisplay+utils_2021-10-26\DispMelacs.X\Source\Common.c
            EPFlash_Write   0x00824e    program     extern C:\Melacs\MelacsDisplay+utils_2021-10-26\DispMelacs.X\Source\EPFlash.c
        EPFlash_WriteData   0x008034    program     static C:\Melacs\MelacsDisplay+utils_2021-10-26\DispMelacs.X\Source\EPFlash.c
  EPFlash_WritePageCommit   0x00821c    program     static C:\Melacs\MelacsDisplay+utils_2021-10-26\DispMelacs.X\Source\EPFlash.c
 EPFlash_WritePagePrepare   0x0081e6    program     static C:\Melacs\MelacsDisplay+utils_2021-10-26\DispMelacs.X\Source\EPFlash.c
         EPFlash_WriteROM   0x00828a    program     extern C:\Melacs\MelacsDisplay+utils_2021-10-26\DispMelacs.X\Source\EPFlash.c
     EPFlash_WriteROMData   0x00806c    program     static C:\Melacs\MelacsDisplay+utils_2021-10-26\DispMelacs.X\Source\EPFlash.c
              Flash_Erase   0x00a352    program     extern C:\Melacs\MelacsDisplay+utils_2021-10-26\DispMelacs.X\Source\IFlash.c
            Flash_Execute   0x00a33e    program     static C:\Melacs\MelacsDisplay+utils_2021-10-26\DispMelacs.X\Source\IFlash.c
              Flash_Write   0x00a374    program     extern C:\Melacs\MelacsDisplay+utils_2021-10-26\DispMelacs.X\Source\IFlash.c
             Font_Courier   0x007939    program     extern C:\Melacs\MelacsDisplay+utils_2021-10-26\DispMelacs.X\Source\Data\Font_Courier.c
               Font_Icons   0x00a299    program     extern C:\Melacs\MelacsDisplay+utils_2021-10-26\DispMelacs.X\Source\Data\Font_Icons.c
               Image_Logo   0x00023e    program     extern C:\Melacs\MelacsDisplay+utils_2021-10-26\DispMelacs.X\Tools\Image_Logo.c
      InterruptVectorHigh   0x000008    program     extern C:\Melacs\MelacsDisplay+utils_2021-10-26\DispMelacs.X\Source\Common.c
       InterruptVectorLow   0x000018    program     extern C:\Melacs\MelacsDisplay+utils_2021-10-26\DispMelacs.X\Source\Common.c
                 LED_Init   0x009fa6    program     extern C:\Melacs\MelacsDisplay+utils_2021-10-26\DispMelacs.X\Source\LED.c
                  LED_Run   0x009fb6    program     extern C:\Melacs\MelacsDisplay+utils_2021-10-26\DispMelacs.X\Source\LED.c
             LED_Transmit   0x009f7a    program     static C:\Melacs\MelacsDisplay+utils_2021-10-26\DispMelacs.X\Source\LED.c
             Num_Defaults   0x00000e    program     static C:\Melacs\MelacsDisplay+utils_2021-10-26\DispMelacs.X\Source\Numeric.c
              Num_Integer   0x009a86    program     extern C:\Melacs\MelacsDisplay+utils_2021-10-26\DispMelacs.X\Source\Numeric.c
                  Numeric   0x009904    program     extern C:\Melacs\MelacsDisplay+utils_2021-10-26\DispMelacs.X\Source\Numeric.c
                Pins_Init   0x00a6a8    program     extern C:\Melacs\MelacsDisplay+utils_2021-10-26\DispMelacs.X\Source\Common.c
            Proto_FontSet   0x00a7d0    program     static C:\Melacs\MelacsDisplay+utils_2021-10-26\DispMelacs.X\Source\Protocol.c
               Proto_Init   0x008ebc    program     extern C:\Melacs\MelacsDisplay+utils_2021-10-26\DispMelacs.X\Source\Protocol.c
            Proto_Payload   0x00a7be    program     static C:\Melacs\MelacsDisplay+utils_2021-10-26\DispMelacs.X\Source\Protocol.c
                Proto_Run   0x008ec6    program     extern C:\Melacs\MelacsDisplay+utils_2021-10-26\DispMelacs.X\Source\Protocol.c
            Put_Character   0x008ace    program     static C:\Melacs\MelacsDisplay+utils_2021-10-26\DispMelacs.X\Source\Logo.c
               Put_String   0x008ab6    program     static C:\Melacs\MelacsDisplay+utils_2021-10-26\DispMelacs.X\Source\Logo.c
                  RESTORE   0x0092c8    program     static E:\3.46\pic18-lt\cxx-framework\src\extended\math\div32u.asm
                  RESTORE   0x009224    program     static E:\3.46\pic18-lt\cxx-framework\src\extended\math\div16u.asm
              RETQUOTIENT   0x0092b8    program     static E:\3.46\pic18-lt\cxx-framework\src\extended\math\div32u.asm
              RETQUOTIENT   0x00921c    program     static E:\3.46\pic18-lt\cxx-framework\src\extended\math\div16u.asm
                 SETUPSTK   0x009232    program     static E:\3.46\pic18-lt\cxx-framework\src\extended\math\div32u.asm
                 SETUPSTK   0x0091ba    program     static E:\3.46\pic18-lt\cxx-framework\src\extended\math\div16u.asm
                Show_Logo   0x008b6a    program     extern C:\Melacs\MelacsDisplay+utils_2021-10-26\DispMelacs.X\Source\Logo.c
               Switch_Run   0x00a5e8    program     extern C:\Melacs\MelacsDisplay+utils_2021-10-26\DispMelacs.X\Source\Switch.c
                 T_FadeTo   0x008ae2    program     static C:\Melacs\MelacsDisplay+utils_2021-10-26\DispMelacs.X\Source\Logo.c
                T_Palette   0x0000d8    program     static C:\Melacs\MelacsDisplay+utils_2021-10-26\DispMelacs.X\Source\Logo.c
           Timer_CheckRaw   0x00a16a    program     extern C:\Melacs\MelacsDisplay+utils_2021-10-26\DispMelacs.X\Source\Timer.c
                Timer_Get   0x00a14a    program     extern C:\Melacs\MelacsDisplay+utils_2021-10-26\DispMelacs.X\Source\Timer.c
               Timer_Init   0x00a13c    program     extern C:\Melacs\MelacsDisplay+utils_2021-10-26\DispMelacs.X\Source\Timer.c
               Timer_Tick   0x00a1c0    program     extern C:\Melacs\MelacsDisplay+utils_2021-10-26\DispMelacs.X\Source\Timer.c
                    Trace   0x00980a    program     extern C:\Melacs\MelacsDisplay+utils_2021-10-26\DispMelacs.X\Source\UART.c
             UART_GetChar   0x009716    program     extern C:\Melacs\MelacsDisplay+utils_2021-10-26\DispMelacs.X\Source\UART.c
                UART_Init   0x0096dc    program     extern C:\Melacs\MelacsDisplay+utils_2021-10-26\DispMelacs.X\Source\UART.c
           UART_PutBuffer   0x009746    program     extern C:\Melacs\MelacsDisplay+utils_2021-10-26\DispMelacs.X\Source\UART.c
             UART_PutChar   0x0096ec    program     extern C:\Melacs\MelacsDisplay+utils_2021-10-26\DispMelacs.X\Source\UART.c
           UART_PutNumber   0x009772    program     extern C:\Melacs\MelacsDisplay+utils_2021-10-26\DispMelacs.X\Source\UART.c
           UART_PutString   0x009728    program     extern C:\Melacs\MelacsDisplay+utils_2021-10-26\DispMelacs.X\Source\UART.c
             Win_Activate   0x007940    program     static C:\Melacs\MelacsDisplay+utils_2021-10-26\DispMelacs.X\Source\Window.c
              Win_Console   0x007ebe    program     extern C:\Melacs\MelacsDisplay+utils_2021-10-26\DispMelacs.X\Source\Window.c
               Win_Create   0x007a50    program     extern C:\Melacs\MelacsDisplay+utils_2021-10-26\DispMelacs.X\Source\Window.c
               Win_Cursor   0x007cc8    program     extern C:\Melacs\MelacsDisplay+utils_2021-10-26\DispMelacs.X\Source\Window.c
              Win_Destroy   0x007ab8    program     extern C:\Melacs\MelacsDisplay+utils_2021-10-26\DispMelacs.X\Source\Window.c
                 Win_Init   0x0079fa    program     extern C:\Melacs\MelacsDisplay+utils_2021-10-26\DispMelacs.X\Source\Window.c
           Win_Invalidate   0x00a700    program     extern Source\Core.asm          
                Win_Paper   0x007cb6    program     extern C:\Melacs\MelacsDisplay+utils_2021-10-26\DispMelacs.X\Source\Window.c
             Win_PeekChar   0x007efa    program     extern C:\Melacs\MelacsDisplay+utils_2021-10-26\DispMelacs.X\Source\Window.c
              Win_PeekRaw   0x007f0c    program     extern C:\Melacs\MelacsDisplay+utils_2021-10-26\DispMelacs.X\Source\Window.c
            Win_PutBuffer   0x007dca    program     extern C:\Melacs\MelacsDisplay+utils_2021-10-26\DispMelacs.X\Source\Window.c
              Win_PutChar   0x007d3c    program     extern C:\Melacs\MelacsDisplay+utils_2021-10-26\DispMelacs.X\Source\Window.c
               Win_PutRaw   0x007d5c    program     extern C:\Melacs\MelacsDisplay+utils_2021-10-26\DispMelacs.X\Source\Window.c
            Win_PutString   0x007da2    program     extern C:\Melacs\MelacsDisplay+utils_2021-10-26\DispMelacs.X\Source\Window.c
              Win_Refresh   0x007b98    program     extern C:\Melacs\MelacsDisplay+utils_2021-10-26\DispMelacs.X\Source\Window.c
          Win_ReplaceChar   0x007df0    program     extern C:\Melacs\MelacsDisplay+utils_2021-10-26\DispMelacs.X\Source\Window.c
             Win_ScrollUp   0x007e2a    program     extern C:\Melacs\MelacsDisplay+utils_2021-10-26\DispMelacs.X\Source\Window.c
               Win_Select   0x007a16    program     extern C:\Melacs\MelacsDisplay+utils_2021-10-26\DispMelacs.X\Source\Window.c
                 Win_Size   0x007ac6    program     extern C:\Melacs\MelacsDisplay+utils_2021-10-26\DispMelacs.X\Source\Window.c
                   _1join   0x009cd0    program     static Source\Core.asm          
                    _1mix   0x009cc2    program     static Source\Core.asm          
                  _1paper   0x009cca    program     static Source\Core.asm          
              _2jContinue   0x009c6a    program     static E:\3.46\pic18-lt\cxx-framework\src\extended\stdclib\memset.asm
                   _2join   0x009cfc    program     static Source\Core.asm          
                    _2mix   0x009cee    program     static Source\Core.asm          
                  _2paper   0x009cf6    program     static Source\Core.asm          
              _3jContinue   0x009b9e    program     static E:\3.46\pic18-lt\cxx-framework\src\extended\stdclib\mcpyp2r.asm
                   _3jEnd   0x009c74    program     static E:\3.46\pic18-lt\cxx-framework\src\extended\stdclib\memset.asm
                   _3join   0x009d28    program     static Source\Core.asm          
                    _3mix   0x009d1a    program     static Source\Core.asm          
                  _3paper   0x009d22    program     static Source\Core.asm          
              _4jContinue   0x009bf0    program     static E:\3.46\pic18-lt\cxx-framework\src\extended\stdclib\memmove.asm
              _4jContinue   0x009b4a    program     static E:\3.46\pic18-lt\cxx-framework\src\extended\stdclib\memcpy.asm
                   _4jEnd   0x009ba8    program     static E:\3.46\pic18-lt\cxx-framework\src\extended\stdclib\mcpyp2r.asm
                   _4join   0x009d54    program     static Source\Core.asm          
                    _4mix   0x009d46    program     static Source\Core.asm          
                  _4paper   0x009d4e    program     static Source\Core.asm          
                   _5jEnd   0x009bfa    program     static E:\3.46\pic18-lt\cxx-framework\src\extended\stdclib\memmove.asm
                   _5jEnd   0x009b54    program     static E:\3.46\pic18-lt\cxx-framework\src\extended\stdclib\memcpy.asm
                   _5join   0x009d7c    program     static Source\Core.asm          
                    _5mix   0x009d6e    program     static Source\Core.asm          
                  _5paper   0x009d76    program     static Source\Core.asm          
              _6jContinue   0x009c28    program     static E:\3.46\pic18-lt\cxx-framework\src\extended\stdclib\memmove.asm
                   _7jEnd   0x009c32    program     static E:\3.46\pic18-lt\cxx-framework\src\extended\stdclib\memmove.asm
            _Analog_Value   0x00a426    program     extern Source\Core.asm          
       _D10KTCYXCODE_0014   0x00a73e    program     static E:\3.46\pic18-lt\cxx-framework\src\extended\delays\d10ktcyx.asm
       _D10KTCYXCODE_0022   0x00a74c    program     static E:\3.46\pic18-lt\cxx-framework\src\extended\delays\d10ktcyx.asm
        _D1KTCYXCODE_0012   0x00a772    program     static E:\3.46\pic18-lt\cxx-framework\src\extended\delays\d1ktcyx.asm
        _D1KTCYXCODE_0018   0x00a778    program     static E:\3.46\pic18-lt\cxx-framework\src\extended\delays\d1ktcyx.asm
            _Disp_Command   0x00a490    program     extern Source\Core.asm          
      _Disp_CommandDirect   0x00a46e    program     extern Source\Core.asm          
       _Disp_PutSolidChar   0x009c7e    program     extern Source\Core.asm          
         _Disp_ReadDirect   0x00a450    program     extern Source\Core.asm          
           _Disp_Register   0x00a43e    program     extern Source\Core.asm          
              _Disp_Write   0x00a4a0    program     extern Source\Core.asm          
        _Disp_WriteDirect   0x00a47e    program     extern Source\Core.asm          
     _EPFlash_DisplayPage   0x00a51e    program     extern Source\Core.asm          
           _Math_BCDToBin   0x00a4b6    program     extern Source\Core.asm          
           _Math_BinToBCD   0x00a4c4    program     extern Source\Core.asm          
            _Math_Entropy   0x00a50c    program     extern Source\Core.asm          
             _Math_Mul8x8   0x00a4b2    program     extern Source\Core.asm          
             _Math_Random   0x00a4d2    program     extern Source\Core.asm          
               _Win_Clear   0x00a712    program     extern Source\Core.asm          
           ___do_lbl00003   0x00a39e    program     static                          
           ___do_lbl00004   0x00a3a2    program     static                          
           ___do_lbl00005   0x00a398    program     static                          
           ___do_lbl00015   0x0080ec    program     static                          
           ___do_lbl00016   0x0080f0    program     static                          
           ___do_lbl00017   0x0080de    program     static                          
           ___do_lbl00019   0x008858    program     static                          
           ___do_lbl00020   0x008864    program     static                          
           ___do_lbl00021   0x0087f6    program     static                          
           ___do_lbl00023   0x00887a    program     static                          
           ___do_lbl00024   0x00887e    program     static                          
           ___do_lbl00025   0x008872    program     static                          
           ___do_lbl00028   0x0089d4    program     static                          
           ___do_lbl00029   0x0089e0    program     static                          
           ___do_lbl00030   0x008934    program     static                          
           ___do_lbl00032   0x0089f8    program     static                          
           ___do_lbl00033   0x0089fc    program     static                          
           ___do_lbl00034   0x0089ee    program     static                          
           ___if_lbl00004   0x009706    program     static                          
           ___if_lbl00022   0x008864    program     static                          
           ___if_lbl00026   0x00887e    program     static                          
           ___if_lbl00031   0x0089e0    program     static                          
           ___if_lbl00035   0x0089fc    program     static                          
       ___return_lbl00000   0x000004    program     static                          
       ___return_lbl00000   0x00000c    program     static                          
       ___return_lbl00001   0x00a7bc    program     static                          
       ___return_lbl00001   0x00970e    program     static                          
       ___return_lbl00002   0x00a3b8    program     static                          
       ___return_lbl00002   0x00a33c    program     static                          
       ___return_lbl00014   0x0080f0    program     static                          
       ___return_lbl00018   0x008880    program     static                          
       ___return_lbl00027   0x0089fe    program     static                          
        ___while_lbl00002   0x0096fc    program     static                          
        ___while_lbl00003   0x009700    program     static                          
        ___while_lbl00005   0x009706    program     static                          
        ___while_lbl00006   0x00970a    program     static                          
                 __div16u   0x0091d2    program     extern E:\3.46\pic18-lt\cxx-framework\src\extended\math\div16u.asm
                 __div32u   0x00924a    program     extern E:\3.46\pic18-lt\cxx-framework\src\extended\math\div32u.asm
                   __init   0x000006    program     extern E:\3.46\pic18-lt\cxx-framework\src\extended\stdclib\__init.c
                 __mod16u   0x0091d8    program     extern E:\3.46\pic18-lt\cxx-framework\src\extended\math\div16u.asm
                 __mod32u   0x009250    program     extern E:\3.46\pic18-lt\cxx-framework\src\extended\math\div32u.asm
                  __mul16   0x0092d6    program     extern E:\3.46\pic18-lt\cxx-framework\src\extended\math\mul16.asm
                  __mul24   0x00933e    program     extern E:\3.46\pic18-lt\cxx-framework\src\extended\math\mul24.asm
                  __mul32   0x0093fe    program     extern E:\3.46\pic18-lt\cxx-framework\src\extended\math\mul32.asm
                   __pa_0   0x008a8e    program     static C:\Melacs\MelacsDisplay+utils_2021-10-26\DispMelacs.X\Source\Display.c
                   __pa_0   0x008444    program     static C:\Melacs\MelacsDisplay+utils_2021-10-26\DispMelacs.X\Source\EPFlash.c
                   __pa_0   0x007f7e    program     static C:\Melacs\MelacsDisplay+utils_2021-10-26\DispMelacs.X\Source\Window.c
                   __pa_0   0x0096be    program     static C:\Melacs\MelacsDisplay+utils_2021-10-26\DispMelacs.X\Source\Bus.c
                   __pa_0   0x009f68    program     static C:\Melacs\MelacsDisplay+utils_2021-10-26\DispMelacs.X\Source\Analog.c
                   __pa_0   0x009aca    program     static C:\Melacs\MelacsDisplay+utils_2021-10-26\DispMelacs.X\Source\Numeric.c
                   __pa_0   0x008e58    program     static C:\Melacs\MelacsDisplay+utils_2021-10-26\DispMelacs.X\Source\Logo.c
                   __pa_0   0x00918e    program     static C:\Melacs\MelacsDisplay+utils_2021-10-26\DispMelacs.X\Source\Protocol.c
                   __pa_0   0x0098c0    program     static C:\Melacs\MelacsDisplay+utils_2021-10-26\DispMelacs.X\Source\UART.c
                   __pa_0   0x00a1f4    program     static C:\Melacs\MelacsDisplay+utils_2021-10-26\DispMelacs.X\Source\Timer.c
                   __pa_1   0x0096d0    program     static C:\Melacs\MelacsDisplay+utils_2021-10-26\DispMelacs.X\Source\Bus.c
                   __pa_1   0x008a98    program     static C:\Melacs\MelacsDisplay+utils_2021-10-26\DispMelacs.X\Source\Display.c
                   __pa_1   0x008e6a    program     static C:\Melacs\MelacsDisplay+utils_2021-10-26\DispMelacs.X\Source\Logo.c
                   __pa_1   0x008450    program     static C:\Melacs\MelacsDisplay+utils_2021-10-26\DispMelacs.X\Source\EPFlash.c
                   __pa_1   0x009ad4    program     static C:\Melacs\MelacsDisplay+utils_2021-10-26\DispMelacs.X\Source\Numeric.c
                   __pa_1   0x0091a2    program     static C:\Melacs\MelacsDisplay+utils_2021-10-26\DispMelacs.X\Source\Protocol.c
                   __pa_1   0x0098d0    program     static C:\Melacs\MelacsDisplay+utils_2021-10-26\DispMelacs.X\Source\UART.c
                   __pa_1   0x007f88    program     static C:\Melacs\MelacsDisplay+utils_2021-10-26\DispMelacs.X\Source\Window.c
                  __pa_10   0x0084e6    program     static C:\Melacs\MelacsDisplay+utils_2021-10-26\DispMelacs.X\Source\EPFlash.c
                  __pa_10   0x00800a    program     static C:\Melacs\MelacsDisplay+utils_2021-10-26\DispMelacs.X\Source\Window.c
                  __pa_11   0x0084fe    program     static C:\Melacs\MelacsDisplay+utils_2021-10-26\DispMelacs.X\Source\EPFlash.c
                  __pa_12   0x008514    program     static C:\Melacs\MelacsDisplay+utils_2021-10-26\DispMelacs.X\Source\EPFlash.c
                  __pa_13   0x00851c    program     static C:\Melacs\MelacsDisplay+utils_2021-10-26\DispMelacs.X\Source\EPFlash.c
                  __pa_14   0x008524    program     static C:\Melacs\MelacsDisplay+utils_2021-10-26\DispMelacs.X\Source\EPFlash.c
                  __pa_15   0x008536    program     static C:\Melacs\MelacsDisplay+utils_2021-10-26\DispMelacs.X\Source\EPFlash.c
                  __pa_16   0x008548    program     static C:\Melacs\MelacsDisplay+utils_2021-10-26\DispMelacs.X\Source\EPFlash.c
                  __pa_17   0x008554    program     static C:\Melacs\MelacsDisplay+utils_2021-10-26\DispMelacs.X\Source\EPFlash.c
                  __pa_18   0x00855e    program     static C:\Melacs\MelacsDisplay+utils_2021-10-26\DispMelacs.X\Source\EPFlash.c
                  __pa_19   0x008568    program     static C:\Melacs\MelacsDisplay+utils_2021-10-26\DispMelacs.X\Source\EPFlash.c
                   __pa_2   0x0098e4    program     static C:\Melacs\MelacsDisplay+utils_2021-10-26\DispMelacs.X\Source\UART.c
                   __pa_2   0x007fa6    program     static C:\Melacs\MelacsDisplay+utils_2021-10-26\DispMelacs.X\Source\Window.c
                   __pa_2   0x0091b0    program     static C:\Melacs\MelacsDisplay+utils_2021-10-26\DispMelacs.X\Source\Protocol.c
                   __pa_2   0x008e76    program     static C:\Melacs\MelacsDisplay+utils_2021-10-26\DispMelacs.X\Source\Logo.c
                   __pa_2   0x009afa    program     static C:\Melacs\MelacsDisplay+utils_2021-10-26\DispMelacs.X\Source\Numeric.c
                   __pa_2   0x00845a    program     static C:\Melacs\MelacsDisplay+utils_2021-10-26\DispMelacs.X\Source\EPFlash.c
                   __pa_2   0x008aa4    program     static C:\Melacs\MelacsDisplay+utils_2021-10-26\DispMelacs.X\Source\Display.c
                  __pa_20   0x008572    program     static C:\Melacs\MelacsDisplay+utils_2021-10-26\DispMelacs.X\Source\EPFlash.c
                  __pa_21   0x008586    program     static C:\Melacs\MelacsDisplay+utils_2021-10-26\DispMelacs.X\Source\EPFlash.c
                  __pa_22   0x008594    program     static C:\Melacs\MelacsDisplay+utils_2021-10-26\DispMelacs.X\Source\EPFlash.c
                  __pa_23   0x0085a0    program     static C:\Melacs\MelacsDisplay+utils_2021-10-26\DispMelacs.X\Source\EPFlash.c
                  __pa_24   0x0085ac    program     static C:\Melacs\MelacsDisplay+utils_2021-10-26\DispMelacs.X\Source\EPFlash.c
                  __pa_25   0x0085b8    program     static C:\Melacs\MelacsDisplay+utils_2021-10-26\DispMelacs.X\Source\EPFlash.c
                  __pa_26   0x0085c2    program     static C:\Melacs\MelacsDisplay+utils_2021-10-26\DispMelacs.X\Source\EPFlash.c
                  __pa_27   0x0085cc    program     static C:\Melacs\MelacsDisplay+utils_2021-10-26\DispMelacs.X\Source\EPFlash.c
                   __pa_3   0x008e90    program     static C:\Melacs\MelacsDisplay+utils_2021-10-26\DispMelacs.X\Source\Logo.c
                   __pa_3   0x00847c    program     static C:\Melacs\MelacsDisplay+utils_2021-10-26\DispMelacs.X\Source\EPFlash.c
                   __pa_3   0x007fc6    program     static C:\Melacs\MelacsDisplay+utils_2021-10-26\DispMelacs.X\Source\Window.c
                   __pa_3   0x0098f0    program     static C:\Melacs\MelacsDisplay+utils_2021-10-26\DispMelacs.X\Source\UART.c
                   __pa_3   0x008aac    program     static C:\Melacs\MelacsDisplay+utils_2021-10-26\DispMelacs.X\Source\Display.c
                   __pa_3   0x009b0c    program     static C:\Melacs\MelacsDisplay+utils_2021-10-26\DispMelacs.X\Source\Numeric.c
                   __pa_4   0x008490    program     static C:\Melacs\MelacsDisplay+utils_2021-10-26\DispMelacs.X\Source\EPFlash.c
                   __pa_4   0x0098f6    program     static C:\Melacs\MelacsDisplay+utils_2021-10-26\DispMelacs.X\Source\UART.c
                   __pa_4   0x008e98    program     static C:\Melacs\MelacsDisplay+utils_2021-10-26\DispMelacs.X\Source\Logo.c
                   __pa_4   0x007fce    program     static C:\Melacs\MelacsDisplay+utils_2021-10-26\DispMelacs.X\Source\Window.c
                   __pa_5   0x008496    program     static C:\Melacs\MelacsDisplay+utils_2021-10-26\DispMelacs.X\Source\EPFlash.c
                   __pa_5   0x008ea2    program     static C:\Melacs\MelacsDisplay+utils_2021-10-26\DispMelacs.X\Source\Logo.c
                   __pa_5   0x007fe2    program     static C:\Melacs\MelacsDisplay+utils_2021-10-26\DispMelacs.X\Source\Window.c
                   __pa_6   0x007fec    program     static C:\Melacs\MelacsDisplay+utils_2021-10-26\DispMelacs.X\Source\Window.c
                   __pa_6   0x008eac    program     static C:\Melacs\MelacsDisplay+utils_2021-10-26\DispMelacs.X\Source\Logo.c
                   __pa_6   0x00849c    program     static C:\Melacs\MelacsDisplay+utils_2021-10-26\DispMelacs.X\Source\EPFlash.c
                   __pa_7   0x007ff4    program     static C:\Melacs\MelacsDisplay+utils_2021-10-26\DispMelacs.X\Source\Window.c
                   __pa_7   0x008eb6    program     static C:\Melacs\MelacsDisplay+utils_2021-10-26\DispMelacs.X\Source\Logo.c
                   __pa_7   0x0084ba    program     static C:\Melacs\MelacsDisplay+utils_2021-10-26\DispMelacs.X\Source\EPFlash.c
                   __pa_8   0x007ffe    program     static C:\Melacs\MelacsDisplay+utils_2021-10-26\DispMelacs.X\Source\Window.c
                   __pa_8   0x0084c4    program     static C:\Melacs\MelacsDisplay+utils_2021-10-26\DispMelacs.X\Source\EPFlash.c
                   __pa_9   0x0084de    program     static C:\Melacs\MelacsDisplay+utils_2021-10-26\DispMelacs.X\Source\EPFlash.c
                   __pa_9   0x008004    program     static C:\Melacs\MelacsDisplay+utils_2021-10-26\DispMelacs.X\Source\Window.c
               __string_0   0x00a126    program     static C:\Melacs\MelacsDisplay+utils_2021-10-26\DispMelacs.X\Source\Logo.c
               __string_0   0x00a0ba    program     static C:\Melacs\MelacsDisplay+utils_2021-10-26\DispMelacs.X\Source\Protocol.c
               __string_0   0x00a07d    program     static C:\Melacs\MelacsDisplay+utils_2021-10-26\DispMelacs.X\Source\Main.c
               __string_0   0x00a06c    program     static C:\Melacs\MelacsDisplay+utils_2021-10-26\DispMelacs.X\Source\Bus.c
               __string_1   0x00a0b5    program     static C:\Melacs\MelacsDisplay+utils_2021-10-26\DispMelacs.X\Source\Protocol.c
               __string_1   0x00a067    program     static C:\Melacs\MelacsDisplay+utils_2021-10-26\DispMelacs.X\Source\Bus.c
               __string_1   0x00a116    program     static C:\Melacs\MelacsDisplay+utils_2021-10-26\DispMelacs.X\Source\Logo.c
              __string_10   0x00a0be    program     static C:\Melacs\MelacsDisplay+utils_2021-10-26\DispMelacs.X\Source\Logo.c
               __string_2   0x00a0b3    program     static C:\Melacs\MelacsDisplay+utils_2021-10-26\DispMelacs.X\Source\Protocol.c
               __string_2   0x00a060    program     static C:\Melacs\MelacsDisplay+utils_2021-10-26\DispMelacs.X\Source\Bus.c
               __string_2   0x00a102    program     static C:\Melacs\MelacsDisplay+utils_2021-10-26\DispMelacs.X\Source\Logo.c
               __string_3   0x00a0fe    program     static C:\Melacs\MelacsDisplay+utils_2021-10-26\DispMelacs.X\Source\Logo.c
               __string_3   0x00a0a9    program     static C:\Melacs\MelacsDisplay+utils_2021-10-26\DispMelacs.X\Source\Protocol.c
               __string_4   0x00a0f1    program     static C:\Melacs\MelacsDisplay+utils_2021-10-26\DispMelacs.X\Source\Logo.c
               __string_4   0x00a09a    program     static C:\Melacs\MelacsDisplay+utils_2021-10-26\DispMelacs.X\Source\Protocol.c
               __string_5   0x00a0e5    program     static C:\Melacs\MelacsDisplay+utils_2021-10-26\DispMelacs.X\Source\Logo.c
               __string_6   0x00a0e3    program     static C:\Melacs\MelacsDisplay+utils_2021-10-26\DispMelacs.X\Source\Logo.c
               __string_7   0x00a0da    program     static C:\Melacs\MelacsDisplay+utils_2021-10-26\DispMelacs.X\Source\Logo.c
               __string_8   0x00a0ce    program     static C:\Melacs\MelacsDisplay+utils_2021-10-26\DispMelacs.X\Source\Logo.c
               __string_9   0x00a0c0    program     static C:\Melacs\MelacsDisplay+utils_2021-10-26\DispMelacs.X\Source\Logo.c
            __zero_memory   0x00a780    program     extern E:\3.46\pic18-lt\cxx-framework\src\extended\proc\p18f67j93.asm
                _dio_0016   0x00a454    program     static Source\Core.asm          
                _dio_001E   0x00a45c    program     static Source\Core.asm          
                _dio_0024   0x00a462    program     static Source\Core.asm          
                _do_cinit   0x00a2a0    program     extern E:\3.46\pic18-lt\cxx-framework\src\extended\startup\c018iz_e.c
            _early16uexit   0x0091dc    program     extern E:\3.46\pic18-lt\cxx-framework\src\extended\math\div16u.asm
            _early32uexit   0x009254    program     extern E:\3.46\pic18-lt\cxx-framework\src\extended\math\div32u.asm
                   _entry   0x000000    program     extern E:\3.46\pic18-lt\cxx-framework\src\extended\startup\c018iz_e.c
                   _false   0x009298    program     static E:\3.46\pic18-lt\cxx-framework\src\extended\math\div32u.asm
                 _startup   0x00a7a0    program     extern E:\3.46\pic18-lt\cxx-framework\src\extended\startup\c018iz_e.c
         commands_SSD2119   0x00a64a    program     static C:\Melacs\MelacsDisplay+utils_2021-10-26\DispMelacs.X\Source\Display.c
                compare_l   0x00a796    program     static E:\3.46\pic18-lt\cxx-framework\src\extended\proc\p18f67j93.asm
                copy_loop   0x00a312    program     static                          
            copy_one_byte   0x00a318    program     static                          
                divmod16u   0x0091de    program     static E:\3.46\pic18-lt\cxx-framework\src\extended\math\div16u.asm
                divmod32u   0x009256    program     static E:\3.46\pic18-lt\cxx-framework\src\extended\math\div32u.asm
                     done   0x00a33c    program     static                          
             done_copying   0x00a326    program     static                          
                  ed_loop   0x00a53e    program     static Source\Core.asm          
                  ed_push   0x00a534    program     static Source\Core.asm          
                  endloop   0x009204    program     static E:\3.46\pic18-lt\cxx-framework\src\extended\math\div16u.asm
                     jEnd   0x009c38    program     static E:\3.46\pic18-lt\cxx-framework\src\extended\stdclib\memmove.asm
                     jEnd   0x009b5a    program     static E:\3.46\pic18-lt\cxx-framework\src\extended\stdclib\memcpy.asm
                     jEnd   0x009bb0    program     static E:\3.46\pic18-lt\cxx-framework\src\extended\stdclib\mcpyp2r.asm
                     jEnd   0x009c7c    program     static E:\3.46\pic18-lt\cxx-framework\src\extended\stdclib\memset.asm
                    jLoop   0x009b92    program     static E:\3.46\pic18-lt\cxx-framework\src\extended\stdclib\mcpyp2r.asm
                    jLoop   0x009b3e    program     static E:\3.46\pic18-lt\cxx-framework\src\extended\stdclib\memcpy.asm
                    jLoop   0x009be4    program     static E:\3.46\pic18-lt\cxx-framework\src\extended\stdclib\memmove.asm
                    jLoop   0x009c5e    program     static E:\3.46\pic18-lt\cxx-framework\src\extended\stdclib\memset.asm
              jRevCpyLoop   0x009c1c    program     static E:\3.46\pic18-lt\cxx-framework\src\extended\stdclib\memmove.asm
                 jReverse   0x009c00    program     static E:\3.46\pic18-lt\cxx-framework\src\extended\stdclib\memmove.asm
                     loop   0x009264    program     static E:\3.46\pic18-lt\cxx-framework\src\extended\math\div32u.asm
                     loop   0x00a7b2    program     static                          
                     loop   0x0091e8    program     static E:\3.46\pic18-lt\cxx-framework\src\extended\math\div16u.asm
                   loop_h   0x00a78e    program     static E:\3.46\pic18-lt\cxx-framework\src\extended\proc\p18f67j93.asm
                   loop_l   0x00a798    program     static E:\3.46\pic18-lt\cxx-framework\src\extended\proc\p18f67j93.asm
                     main   0x00a584    program     extern C:\Melacs\MelacsDisplay+utils_2021-10-26\DispMelacs.X\Source\Main.c
                  me_loop   0x00a4fa    program     static Source\Core.asm          
               me_reenter   0x00a508    program     static Source\Core.asm          
                   memcpy   0x009b16    program     extern E:\3.46\pic18-lt\cxx-framework\src\extended\stdclib\memcpy.asm
            memcpypgm2ram   0x009b6c    program     extern E:\3.46\pic18-lt\cxx-framework\src\extended\stdclib\mcpyp2r.asm
                  memmove   0x009bb2    program     extern E:\3.46\pic18-lt\cxx-framework\src\extended\stdclib\memmove.asm
                   memset   0x009c4a    program     extern E:\3.46\pic18-lt\cxx-framework\src\extended\stdclib\memset.asm
               psc_pixel0   0x009cae    program     static Source\Core.asm          
               psc_pixel1   0x009cda    program     static Source\Core.asm          
               psc_pixel2   0x009d06    program     static Source\Core.asm          
               psc_pixel3   0x009d32    program     static Source\Core.asm          
               psc_pixel4   0x009d5e    program     static Source\Core.asm          
           setDataAsInput   0x008b56    program     extern C:\Melacs\MelacsDisplay+utils_2021-10-26\DispMelacs.X\Source\Logo.c
          setDataAsOutput   0x008b60    program     extern C:\Melacs\MelacsDisplay+utils_2021-10-26\DispMelacs.X\Source\Logo.c
                     test   0x00a2ba    program     static                          
                w_content   0x00a6f0    program     static Source\Core.asm          
                 wc_enter   0x00a720    program     static Source\Core.asm          
                  wc_loop   0x00a71a    program     static Source\Core.asm          
                 wi_enter   0x00a708    program     static Source\Core.asm          
                  wi_loop   0x00a704    program     static Source\Core.asm          
               zero_block   0x00a78e    program     static E:\3.46\pic18-lt\cxx-framework\src\extended\proc\p18f67j93.asm
                   ADCON0   0x000fc2       data     extern E:\3.46\pic18-lt\cxx-framework\src\extended\proc\p18f67j93.asm
               ADCON0bits   0x000fc2       data     extern E:\3.46\pic18-lt\cxx-framework\src\extended\proc\p18f67j93.asm
                   ADCON1   0x000fc1       data     extern E:\3.46\pic18-lt\cxx-framework\src\extended\proc\p18f67j93.asm
               ADCON1bits   0x000fc1       data     extern E:\3.46\pic18-lt\cxx-framework\src\extended\proc\p18f67j93.asm
                   ADCON2   0x000fc0       data     extern E:\3.46\pic18-lt\cxx-framework\src\extended\proc\p18f67j93.asm
               ADCON2bits   0x000fc0       data     extern E:\3.46\pic18-lt\cxx-framework\src\extended\proc\p18f67j93.asm
                    ADRES   0x000fc3       data     extern E:\3.46\pic18-lt\cxx-framework\src\extended\proc\p18f67j93.asm
                   ADRESH   0x000fc4       data     extern E:\3.46\pic18-lt\cxx-framework\src\extended\proc\p18f67j93.asm
                   ADRESL   0x000fc3       data     extern E:\3.46\pic18-lt\cxx-framework\src\extended\proc\p18f67j93.asm
                  ALRMCFG   0x000f5b       data     extern E:\3.46\pic18-lt\cxx-framework\src\extended\proc\p18f67j93.asm
              ALRMCFGbits   0x000f5b       data     extern E:\3.46\pic18-lt\cxx-framework\src\extended\proc\p18f67j93.asm
                  ALRMRPT   0x000f5a       data     extern E:\3.46\pic18-lt\cxx-framework\src\extended\proc\p18f67j93.asm
              ALRMRPTbits   0x000f5a       data     extern E:\3.46\pic18-lt\cxx-framework\src\extended\proc\p18f67j93.asm
                 ALRMVALH   0x000f59       data     extern E:\3.46\pic18-lt\cxx-framework\src\extended\proc\p18f67j93.asm
                 ALRMVALL   0x000f58       data     extern E:\3.46\pic18-lt\cxx-framework\src\extended\proc\p18f67j93.asm
                  BAUDCON   0x000f7e       data     extern E:\3.46\pic18-lt\cxx-framework\src\extended\proc\p18f67j93.asm
                 BAUDCON1   0x000f7e       data     extern E:\3.46\pic18-lt\cxx-framework\src\extended\proc\p18f67j93.asm
             BAUDCON1bits   0x000f7e       data     extern E:\3.46\pic18-lt\cxx-framework\src\extended\proc\p18f67j93.asm
              BAUDCONbits   0x000f7e       data     extern E:\3.46\pic18-lt\cxx-framework\src\extended\proc\p18f67j93.asm
                      BSR   0x000fe0       data     extern E:\3.46\pic18-lt\cxx-framework\src\extended\proc\p18f67j93.asm
               Bus_Buffer   0x000100       data     static C:\Melacs\MelacsDisplay+utils_2021-10-26\DispMelacs.X\Source\Bus.c
             Bus_Checksum   0x00006a       data     static C:\Melacs\MelacsDisplay+utils_2021-10-26\DispMelacs.X\Source\Bus.c
             Bus_Response   0x000061       data     extern C:\Melacs\MelacsDisplay+utils_2021-10-26\DispMelacs.X\Source\Protocol.c
          Bus_ResponseLen   0x00006c       data     extern C:\Melacs\MelacsDisplay+utils_2021-10-26\DispMelacs.X\Source\Bus.c
             Bus_ResumeAt   0x000069       data     static C:\Melacs\MelacsDisplay+utils_2021-10-26\DispMelacs.X\Source\Bus.c
                  CCP1CON   0x000f68       data     extern E:\3.46\pic18-lt\cxx-framework\src\extended\proc\p18f67j93.asm
              CCP1CONbits   0x000f68       data     extern E:\3.46\pic18-lt\cxx-framework\src\extended\proc\p18f67j93.asm
                  CCP2CON   0x000f65       data     extern E:\3.46\pic18-lt\cxx-framework\src\extended\proc\p18f67j93.asm
              CCP2CONbits   0x000f65       data     extern E:\3.46\pic18-lt\cxx-framework\src\extended\proc\p18f67j93.asm
                    CCPR1   0x000f69       data     extern E:\3.46\pic18-lt\cxx-framework\src\extended\proc\p18f67j93.asm
                   CCPR1H   0x000f6a       data     extern E:\3.46\pic18-lt\cxx-framework\src\extended\proc\p18f67j93.asm
                   CCPR1L   0x000f69       data     extern E:\3.46\pic18-lt\cxx-framework\src\extended\proc\p18f67j93.asm
                    CCPR2   0x000f66       data     extern E:\3.46\pic18-lt\cxx-framework\src\extended\proc\p18f67j93.asm
                   CCPR2H   0x000f67       data     extern E:\3.46\pic18-lt\cxx-framework\src\extended\proc\p18f67j93.asm
                   CCPR2L   0x000f66       data     extern E:\3.46\pic18-lt\cxx-framework\src\extended\proc\p18f67j93.asm
                    CMCON   0x000fb4       data     extern E:\3.46\pic18-lt\cxx-framework\src\extended\proc\p18f67j93.asm
                CMCONbits   0x000fb4       data     extern E:\3.46\pic18-lt\cxx-framework\src\extended\proc\p18f67j93.asm
                 CTMUCONH   0x000f57       data     extern E:\3.46\pic18-lt\cxx-framework\src\extended\proc\p18f67j93.asm
             CTMUCONHbits   0x000f57       data     extern E:\3.46\pic18-lt\cxx-framework\src\extended\proc\p18f67j93.asm
                 CTMUCONL   0x000f56       data     extern E:\3.46\pic18-lt\cxx-framework\src\extended\proc\p18f67j93.asm
             CTMUCONLbits   0x000f56       data     extern E:\3.46\pic18-lt\cxx-framework\src\extended\proc\p18f67j93.asm
                 CTMUICON   0x000f55       data     extern E:\3.46\pic18-lt\cxx-framework\src\extended\proc\p18f67j93.asm
             CTMUICONbits   0x000f55       data     extern E:\3.46\pic18-lt\cxx-framework\src\extended\proc\p18f67j93.asm
                   CVRCON   0x000fb5       data     extern E:\3.46\pic18-lt\cxx-framework\src\extended\proc\p18f67j93.asm
               CVRCONbits   0x000fb5       data     extern E:\3.46\pic18-lt\cxx-framework\src\extended\proc\p18f67j93.asm
            DelayCounter1   0x000080       data     extern E:\3.46\pic18-lt\cxx-framework\src\extended\delays\delayd1.asm
            DelayCounter2   0x00007f       data     extern E:\3.46\pic18-lt\cxx-framework\src\extended\delays\delayd2.asm
                 ECCP1CON   0x000f68       data     extern E:\3.46\pic18-lt\cxx-framework\src\extended\proc\p18f67j93.asm
             ECCP1CONbits   0x000f68       data     extern E:\3.46\pic18-lt\cxx-framework\src\extended\proc\p18f67j93.asm
                 ECCP2CON   0x000f65       data     extern E:\3.46\pic18-lt\cxx-framework\src\extended\proc\p18f67j93.asm
             ECCP2CONbits   0x000f65       data     extern E:\3.46\pic18-lt\cxx-framework\src\extended\proc\p18f67j93.asm
                   EECON1   0x000fa6       data     extern E:\3.46\pic18-lt\cxx-framework\src\extended\proc\p18f67j93.asm
               EECON1bits   0x000fa6       data     extern E:\3.46\pic18-lt\cxx-framework\src\extended\proc\p18f67j93.asm
                   EECON2   0x000fa7       data     extern E:\3.46\pic18-lt\cxx-framework\src\extended\proc\p18f67j93.asm
               EPFlash_ID   0x000073       data     extern C:\Melacs\MelacsDisplay+utils_2021-10-26\DispMelacs.X\Source\EPFlash.c
                     FSR0   0x000fe9       data     extern E:\3.46\pic18-lt\cxx-framework\src\extended\proc\p18f67j93.asm
                    FSR0H   0x000fea       data     extern E:\3.46\pic18-lt\cxx-framework\src\extended\proc\p18f67j93.asm
                    FSR0L   0x000fe9       data     extern E:\3.46\pic18-lt\cxx-framework\src\extended\proc\p18f67j93.asm
                     FSR1   0x000fe1       data     extern E:\3.46\pic18-lt\cxx-framework\src\extended\proc\p18f67j93.asm
                    FSR1H   0x000fe2       data     extern E:\3.46\pic18-lt\cxx-framework\src\extended\proc\p18f67j93.asm
                    FSR1L   0x000fe1       data     extern E:\3.46\pic18-lt\cxx-framework\src\extended\proc\p18f67j93.asm
                     FSR2   0x000fd9       data     extern E:\3.46\pic18-lt\cxx-framework\src\extended\proc\p18f67j93.asm
                    FSR2H   0x000fda       data     extern E:\3.46\pic18-lt\cxx-framework\src\extended\proc\p18f67j93.asm
                    FSR2L   0x000fd9       data     extern E:\3.46\pic18-lt\cxx-framework\src\extended\proc\p18f67j93.asm
                    INDF0   0x000fef       data     extern E:\3.46\pic18-lt\cxx-framework\src\extended\proc\p18f67j93.asm
                    INDF1   0x000fe7       data     extern E:\3.46\pic18-lt\cxx-framework\src\extended\proc\p18f67j93.asm
                    INDF2   0x000fdf       data     extern E:\3.46\pic18-lt\cxx-framework\src\extended\proc\p18f67j93.asm
                   INTCON   0x000ff2       data     extern E:\3.46\pic18-lt\cxx-framework\src\extended\proc\p18f67j93.asm
                  INTCON2   0x000ff1       data     extern E:\3.46\pic18-lt\cxx-framework\src\extended\proc\p18f67j93.asm
              INTCON2bits   0x000ff1       data     extern E:\3.46\pic18-lt\cxx-framework\src\extended\proc\p18f67j93.asm
                  INTCON3   0x000ff0       data     extern E:\3.46\pic18-lt\cxx-framework\src\extended\proc\p18f67j93.asm
              INTCON3bits   0x000ff0       data     extern E:\3.46\pic18-lt\cxx-framework\src\extended\proc\p18f67j93.asm
               INTCONbits   0x000ff2       data     extern E:\3.46\pic18-lt\cxx-framework\src\extended\proc\p18f67j93.asm
                     IPR1   0x000f9f       data     extern E:\3.46\pic18-lt\cxx-framework\src\extended\proc\p18f67j93.asm
                 IPR1bits   0x000f9f       data     extern E:\3.46\pic18-lt\cxx-framework\src\extended\proc\p18f67j93.asm
                     IPR2   0x000fa2       data     extern E:\3.46\pic18-lt\cxx-framework\src\extended\proc\p18f67j93.asm
                 IPR2bits   0x000fa2       data     extern E:\3.46\pic18-lt\cxx-framework\src\extended\proc\p18f67j93.asm
                     IPR3   0x000fa5       data     extern E:\3.46\pic18-lt\cxx-framework\src\extended\proc\p18f67j93.asm
                 IPR3bits   0x000fa5       data     extern E:\3.46\pic18-lt\cxx-framework\src\extended\proc\p18f67j93.asm
                     LATA   0x000f89       data     extern E:\3.46\pic18-lt\cxx-framework\src\extended\proc\p18f67j93.asm
                 LATAbits   0x000f89       data     extern E:\3.46\pic18-lt\cxx-framework\src\extended\proc\p18f67j93.asm
                     LATB   0x000f8a       data     extern E:\3.46\pic18-lt\cxx-framework\src\extended\proc\p18f67j93.asm
                 LATBbits   0x000f8a       data     extern E:\3.46\pic18-lt\cxx-framework\src\extended\proc\p18f67j93.asm
                     LATC   0x000f8b       data     extern E:\3.46\pic18-lt\cxx-framework\src\extended\proc\p18f67j93.asm
                 LATCbits   0x000f8b       data     extern E:\3.46\pic18-lt\cxx-framework\src\extended\proc\p18f67j93.asm
                     LATD   0x000f8c       data     extern E:\3.46\pic18-lt\cxx-framework\src\extended\proc\p18f67j93.asm
                 LATDbits   0x000f8c       data     extern E:\3.46\pic18-lt\cxx-framework\src\extended\proc\p18f67j93.asm
                     LATE   0x000f8d       data     extern E:\3.46\pic18-lt\cxx-framework\src\extended\proc\p18f67j93.asm
                 LATEbits   0x000f8d       data     extern E:\3.46\pic18-lt\cxx-framework\src\extended\proc\p18f67j93.asm
                     LATF   0x000f8e       data     extern E:\3.46\pic18-lt\cxx-framework\src\extended\proc\p18f67j93.asm
                 LATFbits   0x000f8e       data     extern E:\3.46\pic18-lt\cxx-framework\src\extended\proc\p18f67j93.asm
                     LATG   0x000f8f       data     extern E:\3.46\pic18-lt\cxx-framework\src\extended\proc\p18f67j93.asm
                 LATGbits   0x000f8f       data     extern E:\3.46\pic18-lt\cxx-framework\src\extended\proc\p18f67j93.asm
                   LCDCON   0x000fa8       data     extern E:\3.46\pic18-lt\cxx-framework\src\extended\proc\p18f67j93.asm
               LCDCONbits   0x000fa8       data     extern E:\3.46\pic18-lt\cxx-framework\src\extended\proc\p18f67j93.asm
                 LCDDATA0   0x000fbb       data     extern E:\3.46\pic18-lt\cxx-framework\src\extended\proc\p18f67j93.asm
             LCDDATA0bits   0x000fbb       data     extern E:\3.46\pic18-lt\cxx-framework\src\extended\proc\p18f67j93.asm
                 LCDDATA1   0x000fbc       data     extern E:\3.46\pic18-lt\cxx-framework\src\extended\proc\p18f67j93.asm
                LCDDATA10   0x000f70       data     extern E:\3.46\pic18-lt\cxx-framework\src\extended\proc\p18f67j93.asm
            LCDDATA10bits   0x000f70       data     extern E:\3.46\pic18-lt\cxx-framework\src\extended\proc\p18f67j93.asm
                LCDDATA12   0x000f72       data     extern E:\3.46\pic18-lt\cxx-framework\src\extended\proc\p18f67j93.asm
            LCDDATA12bits   0x000f72       data     extern E:\3.46\pic18-lt\cxx-framework\src\extended\proc\p18f67j93.asm
                LCDDATA13   0x000f73       data     extern E:\3.46\pic18-lt\cxx-framework\src\extended\proc\p18f67j93.asm
            LCDDATA13bits   0x000f73       data     extern E:\3.46\pic18-lt\cxx-framework\src\extended\proc\p18f67j93.asm
                LCDDATA14   0x000f74       data     extern E:\3.46\pic18-lt\cxx-framework\src\extended\proc\p18f67j93.asm
            LCDDATA14bits   0x000f74       data     extern E:\3.46\pic18-lt\cxx-framework\src\extended\proc\p18f67j93.asm
                LCDDATA15   0x000f75       data     extern E:\3.46\pic18-lt\cxx-framework\src\extended\proc\p18f67j93.asm
            LCDDATA15bits   0x000f75       data     extern E:\3.46\pic18-lt\cxx-framework\src\extended\proc\p18f67j93.asm
                LCDDATA16   0x000f76       data     extern E:\3.46\pic18-lt\cxx-framework\src\extended\proc\p18f67j93.asm
            LCDDATA16bits   0x000f76       data     extern E:\3.46\pic18-lt\cxx-framework\src\extended\proc\p18f67j93.asm
                LCDDATA18   0x000f78       data     extern E:\3.46\pic18-lt\cxx-framework\src\extended\proc\p18f67j93.asm
            LCDDATA18bits   0x000f78       data     extern E:\3.46\pic18-lt\cxx-framework\src\extended\proc\p18f67j93.asm
                LCDDATA19   0x000f79       data     extern E:\3.46\pic18-lt\cxx-framework\src\extended\proc\p18f67j93.asm
            LCDDATA19bits   0x000f79       data     extern E:\3.46\pic18-lt\cxx-framework\src\extended\proc\p18f67j93.asm
             LCDDATA1bits   0x000fbc       data     extern E:\3.46\pic18-lt\cxx-framework\src\extended\proc\p18f67j93.asm
                 LCDDATA2   0x000fbd       data     extern E:\3.46\pic18-lt\cxx-framework\src\extended\proc\p18f67j93.asm
                LCDDATA20   0x000f7a       data     extern E:\3.46\pic18-lt\cxx-framework\src\extended\proc\p18f67j93.asm
            LCDDATA20bits   0x000f7a       data     extern E:\3.46\pic18-lt\cxx-framework\src\extended\proc\p18f67j93.asm
                LCDDATA21   0x000f7b       data     extern E:\3.46\pic18-lt\cxx-framework\src\extended\proc\p18f67j93.asm
            LCDDATA21bits   0x000f7b       data     extern E:\3.46\pic18-lt\cxx-framework\src\extended\proc\p18f67j93.asm
                LCDDATA22   0x000f7c       data     extern E:\3.46\pic18-lt\cxx-framework\src\extended\proc\p18f67j93.asm
            LCDDATA22bits   0x000f7c       data     extern E:\3.46\pic18-lt\cxx-framework\src\extended\proc\p18f67j93.asm
             LCDDATA2bits   0x000fbd       data     extern E:\3.46\pic18-lt\cxx-framework\src\extended\proc\p18f67j93.asm
                 LCDDATA3   0x000fbe       data     extern E:\3.46\pic18-lt\cxx-framework\src\extended\proc\p18f67j93.asm
             LCDDATA3bits   0x000fbe       data     extern E:\3.46\pic18-lt\cxx-framework\src\extended\proc\p18f67j93.asm
                 LCDDATA4   0x000fbf       data     extern E:\3.46\pic18-lt\cxx-framework\src\extended\proc\p18f67j93.asm
             LCDDATA4bits   0x000fbf       data     extern E:\3.46\pic18-lt\cxx-framework\src\extended\proc\p18f67j93.asm
                 LCDDATA6   0x000f6c       data     extern E:\3.46\pic18-lt\cxx-framework\src\extended\proc\p18f67j93.asm
             LCDDATA6bits   0x000f6c       data     extern E:\3.46\pic18-lt\cxx-framework\src\extended\proc\p18f67j93.asm
                 LCDDATA7   0x000f6d       data     extern E:\3.46\pic18-lt\cxx-framework\src\extended\proc\p18f67j93.asm
             LCDDATA7bits   0x000f6d       data     extern E:\3.46\pic18-lt\cxx-framework\src\extended\proc\p18f67j93.asm
                 LCDDATA8   0x000f6e       data     extern E:\3.46\pic18-lt\cxx-framework\src\extended\proc\p18f67j93.asm
             LCDDATA8bits   0x000f6e       data     extern E:\3.46\pic18-lt\cxx-framework\src\extended\proc\p18f67j93.asm
                 LCDDATA9   0x000f6f       data     extern E:\3.46\pic18-lt\cxx-framework\src\extended\proc\p18f67j93.asm
             LCDDATA9bits   0x000f6f       data     extern E:\3.46\pic18-lt\cxx-framework\src\extended\proc\p18f67j93.asm
                    LCDPS   0x000faa       data     extern E:\3.46\pic18-lt\cxx-framework\src\extended\proc\p18f67j93.asm
                LCDPSbits   0x000faa       data     extern E:\3.46\pic18-lt\cxx-framework\src\extended\proc\p18f67j93.asm
                   LCDREG   0x000fd2       data     extern E:\3.46\pic18-lt\cxx-framework\src\extended\proc\p18f67j93.asm
               LCDREGbits   0x000fd2       data     extern E:\3.46\pic18-lt\cxx-framework\src\extended\proc\p18f67j93.asm
                   LCDSE0   0x000fa9       data     extern E:\3.46\pic18-lt\cxx-framework\src\extended\proc\p18f67j93.asm
               LCDSE0bits   0x000fa9       data     extern E:\3.46\pic18-lt\cxx-framework\src\extended\proc\p18f67j93.asm
                   LCDSE1   0x000fb6       data     extern E:\3.46\pic18-lt\cxx-framework\src\extended\proc\p18f67j93.asm
               LCDSE1bits   0x000fb6       data     extern E:\3.46\pic18-lt\cxx-framework\src\extended\proc\p18f67j93.asm
                   LCDSE2   0x000fb7       data     extern E:\3.46\pic18-lt\cxx-framework\src\extended\proc\p18f67j93.asm
               LCDSE2bits   0x000fb7       data     extern E:\3.46\pic18-lt\cxx-framework\src\extended\proc\p18f67j93.asm
                   LCDSE3   0x000fb8       data     extern E:\3.46\pic18-lt\cxx-framework\src\extended\proc\p18f67j93.asm
               LCDSE3bits   0x000fb8       data     extern E:\3.46\pic18-lt\cxx-framework\src\extended\proc\p18f67j93.asm
                   LCDSE4   0x000fb9       data     extern E:\3.46\pic18-lt\cxx-framework\src\extended\proc\p18f67j93.asm
               LCDSE4bits   0x000fb9       data     extern E:\3.46\pic18-lt\cxx-framework\src\extended\proc\p18f67j93.asm
              LED_Current   0x000020       data     extern C:\Melacs\MelacsDisplay+utils_2021-10-26\DispMelacs.X\Source\LED.c
                 LED_Duty   0x000000       data     extern C:\Melacs\MelacsDisplay+utils_2021-10-26\DispMelacs.X\Source\LED.c
                Math_Seed   0x000f52       data     extern Source\Core.asm          
                      Num   0x000078       data     extern C:\Melacs\MelacsDisplay+utils_2021-10-26\DispMelacs.X\Source\Numeric.c
               Num_Buffer   0x000f00       data     extern C:\Melacs\MelacsDisplay+utils_2021-10-26\DispMelacs.X\Source\Numeric.c
                   OSCCON   0x000fd3       data     extern E:\3.46\pic18-lt\cxx-framework\src\extended\proc\p18f67j93.asm
               OSCCONbits   0x000fd3       data     extern E:\3.46\pic18-lt\cxx-framework\src\extended\proc\p18f67j93.asm
                  OSCTUNE   0x000f9b       data     extern E:\3.46\pic18-lt\cxx-framework\src\extended\proc\p18f67j93.asm
              OSCTUNEbits   0x000f9b       data     extern E:\3.46\pic18-lt\cxx-framework\src\extended\proc\p18f67j93.asm
                  PADCFG1   0x000f54       data     extern E:\3.46\pic18-lt\cxx-framework\src\extended\proc\p18f67j93.asm
              PADCFG1bits   0x000f54       data     extern E:\3.46\pic18-lt\cxx-framework\src\extended\proc\p18f67j93.asm
                       PC   0x000ff9       data     extern E:\3.46\pic18-lt\cxx-framework\src\extended\proc\p18f67j93.asm
                      PCL   0x000ff9       data     extern E:\3.46\pic18-lt\cxx-framework\src\extended\proc\p18f67j93.asm
                   PCLATH   0x000ffa       data     extern E:\3.46\pic18-lt\cxx-framework\src\extended\proc\p18f67j93.asm
                   PCLATU   0x000ffb       data     extern E:\3.46\pic18-lt\cxx-framework\src\extended\proc\p18f67j93.asm
                     PIE1   0x000f9d       data     extern E:\3.46\pic18-lt\cxx-framework\src\extended\proc\p18f67j93.asm
                 PIE1bits   0x000f9d       data     extern E:\3.46\pic18-lt\cxx-framework\src\extended\proc\p18f67j93.asm
                     PIE2   0x000fa0       data     extern E:\3.46\pic18-lt\cxx-framework\src\extended\proc\p18f67j93.asm
                 PIE2bits   0x000fa0       data     extern E:\3.46\pic18-lt\cxx-framework\src\extended\proc\p18f67j93.asm
                     PIE3   0x000fa3       data     extern E:\3.46\pic18-lt\cxx-framework\src\extended\proc\p18f67j93.asm
                 PIE3bits   0x000fa3       data     extern E:\3.46\pic18-lt\cxx-framework\src\extended\proc\p18f67j93.asm
                     PIR1   0x000f9e       data     extern E:\3.46\pic18-lt\cxx-framework\src\extended\proc\p18f67j93.asm
                 PIR1bits   0x000f9e       data     extern E:\3.46\pic18-lt\cxx-framework\src\extended\proc\p18f67j93.asm
                     PIR2   0x000fa1       data     extern E:\3.46\pic18-lt\cxx-framework\src\extended\proc\p18f67j93.asm
                 PIR2bits   0x000fa1       data     extern E:\3.46\pic18-lt\cxx-framework\src\extended\proc\p18f67j93.asm
                     PIR3   0x000fa4       data     extern E:\3.46\pic18-lt\cxx-framework\src\extended\proc\p18f67j93.asm
                 PIR3bits   0x000fa4       data     extern E:\3.46\pic18-lt\cxx-framework\src\extended\proc\p18f67j93.asm
                   PLUSW0   0x000feb       data     extern E:\3.46\pic18-lt\cxx-framework\src\extended\proc\p18f67j93.asm
                   PLUSW1   0x000fe3       data     extern E:\3.46\pic18-lt\cxx-framework\src\extended\proc\p18f67j93.asm
                   PLUSW2   0x000fdb       data     extern E:\3.46\pic18-lt\cxx-framework\src\extended\proc\p18f67j93.asm
                    PORTA   0x000f80       data     extern E:\3.46\pic18-lt\cxx-framework\src\extended\proc\p18f67j93.asm
                PORTAbits   0x000f80       data     extern E:\3.46\pic18-lt\cxx-framework\src\extended\proc\p18f67j93.asm
                    PORTB   0x000f81       data     extern E:\3.46\pic18-lt\cxx-framework\src\extended\proc\p18f67j93.asm
                PORTBbits   0x000f81       data     extern E:\3.46\pic18-lt\cxx-framework\src\extended\proc\p18f67j93.asm
                    PORTC   0x000f82       data     extern E:\3.46\pic18-lt\cxx-framework\src\extended\proc\p18f67j93.asm
                PORTCbits   0x000f82       data     extern E:\3.46\pic18-lt\cxx-framework\src\extended\proc\p18f67j93.asm
                    PORTD   0x000f83       data     extern E:\3.46\pic18-lt\cxx-framework\src\extended\proc\p18f67j93.asm
                PORTDbits   0x000f83       data     extern E:\3.46\pic18-lt\cxx-framework\src\extended\proc\p18f67j93.asm
                    PORTE   0x000f84       data     extern E:\3.46\pic18-lt\cxx-framework\src\extended\proc\p18f67j93.asm
                PORTEbits   0x000f84       data     extern E:\3.46\pic18-lt\cxx-framework\src\extended\proc\p18f67j93.asm
                    PORTF   0x000f85       data     extern E:\3.46\pic18-lt\cxx-framework\src\extended\proc\p18f67j93.asm
                PORTFbits   0x000f85       data     extern E:\3.46\pic18-lt\cxx-framework\src\extended\proc\p18f67j93.asm
                    PORTG   0x000f86       data     extern E:\3.46\pic18-lt\cxx-framework\src\extended\proc\p18f67j93.asm
                PORTGbits   0x000f86       data     extern E:\3.46\pic18-lt\cxx-framework\src\extended\proc\p18f67j93.asm
                 POSTDEC0   0x000fed       data     extern E:\3.46\pic18-lt\cxx-framework\src\extended\proc\p18f67j93.asm
                 POSTDEC1   0x000fe5       data     extern E:\3.46\pic18-lt\cxx-framework\src\extended\proc\p18f67j93.asm
                 POSTDEC2   0x000fdd       data     extern E:\3.46\pic18-lt\cxx-framework\src\extended\proc\p18f67j93.asm
                 POSTINC0   0x000fee       data     extern E:\3.46\pic18-lt\cxx-framework\src\extended\proc\p18f67j93.asm
                 POSTINC1   0x000fe6       data     extern E:\3.46\pic18-lt\cxx-framework\src\extended\proc\p18f67j93.asm
                 POSTINC2   0x000fde       data     extern E:\3.46\pic18-lt\cxx-framework\src\extended\proc\p18f67j93.asm
                      PR2   0x000fcb       data     extern E:\3.46\pic18-lt\cxx-framework\src\extended\proc\p18f67j93.asm
                  PREINC0   0x000fec       data     extern E:\3.46\pic18-lt\cxx-framework\src\extended\proc\p18f67j93.asm
                  PREINC1   0x000fe4       data     extern E:\3.46\pic18-lt\cxx-framework\src\extended\proc\p18f67j93.asm
                  PREINC2   0x000fdc       data     extern E:\3.46\pic18-lt\cxx-framework\src\extended\proc\p18f67j93.asm
                     PROD   0x000ff3       data     extern E:\3.46\pic18-lt\cxx-framework\src\extended\proc\p18f67j93.asm
                    PRODH   0x000ff4       data     extern E:\3.46\pic18-lt\cxx-framework\src\extended\proc\p18f67j93.asm
                    PRODL   0x000ff3       data     extern E:\3.46\pic18-lt\cxx-framework\src\extended\proc\p18f67j93.asm
              Proto_Limit   0x000060       data     static C:\Melacs\MelacsDisplay+utils_2021-10-26\DispMelacs.X\Source\Protocol.c
                     RCON   0x000fd0       data     extern E:\3.46\pic18-lt\cxx-framework\src\extended\proc\p18f67j93.asm
                 RCONbits   0x000fd0       data     extern E:\3.46\pic18-lt\cxx-framework\src\extended\proc\p18f67j93.asm
                    RCREG   0x000fae       data     extern E:\3.46\pic18-lt\cxx-framework\src\extended\proc\p18f67j93.asm
                   RCREG1   0x000fae       data     extern E:\3.46\pic18-lt\cxx-framework\src\extended\proc\p18f67j93.asm
                   RCREG2   0x000f63       data     extern E:\3.46\pic18-lt\cxx-framework\src\extended\proc\p18f67j93.asm
                    RCSTA   0x000fab       data     extern E:\3.46\pic18-lt\cxx-framework\src\extended\proc\p18f67j93.asm
                   RCSTA1   0x000fab       data     extern E:\3.46\pic18-lt\cxx-framework\src\extended\proc\p18f67j93.asm
               RCSTA1bits   0x000fab       data     extern E:\3.46\pic18-lt\cxx-framework\src\extended\proc\p18f67j93.asm
                   RCSTA2   0x000f60       data     extern E:\3.46\pic18-lt\cxx-framework\src\extended\proc\p18f67j93.asm
               RCSTA2bits   0x000f60       data     extern E:\3.46\pic18-lt\cxx-framework\src\extended\proc\p18f67j93.asm
                RCSTAbits   0x000fab       data     extern E:\3.46\pic18-lt\cxx-framework\src\extended\proc\p18f67j93.asm
                   RTCCAL   0x000f5e       data     extern E:\3.46\pic18-lt\cxx-framework\src\extended\proc\p18f67j93.asm
               RTCCALbits   0x000f5e       data     extern E:\3.46\pic18-lt\cxx-framework\src\extended\proc\p18f67j93.asm
                   RTCCFG   0x000f5f       data     extern E:\3.46\pic18-lt\cxx-framework\src\extended\proc\p18f67j93.asm
               RTCCFGbits   0x000f5f       data     extern E:\3.46\pic18-lt\cxx-framework\src\extended\proc\p18f67j93.asm
                  RTCVALH   0x000f5d       data     extern E:\3.46\pic18-lt\cxx-framework\src\extended\proc\p18f67j93.asm
                  RTCVALL   0x000f5c       data     extern E:\3.46\pic18-lt\cxx-framework\src\extended\proc\p18f67j93.asm
                    SPBRG   0x000faf       data     extern E:\3.46\pic18-lt\cxx-framework\src\extended\proc\p18f67j93.asm
                   SPBRG1   0x000faf       data     extern E:\3.46\pic18-lt\cxx-framework\src\extended\proc\p18f67j93.asm
                   SPBRG2   0x000f64       data     extern E:\3.46\pic18-lt\cxx-framework\src\extended\proc\p18f67j93.asm
                   SPBRGH   0x000f7f       data     extern E:\3.46\pic18-lt\cxx-framework\src\extended\proc\p18f67j93.asm
                  SPBRGH1   0x000f7f       data     extern E:\3.46\pic18-lt\cxx-framework\src\extended\proc\p18f67j93.asm
                  SSP1ADD   0x000fc8       data     extern E:\3.46\pic18-lt\cxx-framework\src\extended\proc\p18f67j93.asm
              SSP1ADDbits   0x000fc8       data     extern E:\3.46\pic18-lt\cxx-framework\src\extended\proc\p18f67j93.asm
                  SSP1BUF   0x000fc9       data     extern E:\3.46\pic18-lt\cxx-framework\src\extended\proc\p18f67j93.asm
                 SSP1CON1   0x000fc6       data     extern E:\3.46\pic18-lt\cxx-framework\src\extended\proc\p18f67j93.asm
             SSP1CON1bits   0x000fc6       data     extern E:\3.46\pic18-lt\cxx-framework\src\extended\proc\p18f67j93.asm
                 SSP1CON2   0x000fc5       data     extern E:\3.46\pic18-lt\cxx-framework\src\extended\proc\p18f67j93.asm
             SSP1CON2bits   0x000fc5       data     extern E:\3.46\pic18-lt\cxx-framework\src\extended\proc\p18f67j93.asm
                 SSP1STAT   0x000fc7       data     extern E:\3.46\pic18-lt\cxx-framework\src\extended\proc\p18f67j93.asm
             SSP1STATbits   0x000fc7       data     extern E:\3.46\pic18-lt\cxx-framework\src\extended\proc\p18f67j93.asm
                   SSPADD   0x000fc8       data     extern E:\3.46\pic18-lt\cxx-framework\src\extended\proc\p18f67j93.asm
               SSPADDbits   0x000fc8       data     extern E:\3.46\pic18-lt\cxx-framework\src\extended\proc\p18f67j93.asm
                   SSPBUF   0x000fc9       data     extern E:\3.46\pic18-lt\cxx-framework\src\extended\proc\p18f67j93.asm
                  SSPCON1   0x000fc6       data     extern E:\3.46\pic18-lt\cxx-framework\src\extended\proc\p18f67j93.asm
              SSPCON1bits   0x000fc6       data     extern E:\3.46\pic18-lt\cxx-framework\src\extended\proc\p18f67j93.asm
                  SSPCON2   0x000fc5       data     extern E:\3.46\pic18-lt\cxx-framework\src\extended\proc\p18f67j93.asm
              SSPCON2bits   0x000fc5       data     extern E:\3.46\pic18-lt\cxx-framework\src\extended\proc\p18f67j93.asm
                  SSPSTAT   0x000fc7       data     extern E:\3.46\pic18-lt\cxx-framework\src\extended\proc\p18f67j93.asm
              SSPSTATbits   0x000fc7       data     extern E:\3.46\pic18-lt\cxx-framework\src\extended\proc\p18f67j93.asm
                   STATUS   0x000fd8       data     extern E:\3.46\pic18-lt\cxx-framework\src\extended\proc\p18f67j93.asm
               STATUSbits   0x000fd8       data     extern E:\3.46\pic18-lt\cxx-framework\src\extended\proc\p18f67j93.asm
[...]
                     PIR1   0x000f9e       data     extern E:\3.46\pic18-lt\cxx-framework\src\extended\proc\p18f67j93.asm
                     IPR1   0x000f9f       data     extern E:\3.46\pic18-lt\cxx-framework\src\extended\proc\p18f67j93.asm
                 IPR1bits   0x000f9f       data     extern E:\3.46\pic18-lt\cxx-framework\src\extended\proc\p18f67j93.asm
                 PIE2bits   0x000fa0       data     extern E:\3.46\pic18-lt\cxx-framework\src\extended\proc\p18f67j93.asm
                     PIE2   0x000fa0       data     extern E:\3.46\pic18-lt\cxx-framework\src\extended\proc\p18f67j93.asm
                     PIR2   0x000fa1       data     extern E:\3.46\pic18-lt\cxx-framework\src\extended\proc\p18f67j93.asm
                 PIR2bits   0x000fa1       data     extern E:\3.46\pic18-lt\cxx-framework\src\extended\proc\p18f67j93.asm
                     IPR2   0x000fa2       data     extern E:\3.46\pic18-lt\cxx-framework\src\extended\proc\p18f67j93.asm
                 IPR2bits   0x000fa2       data     extern E:\3.46\pic18-lt\cxx-framework\src\extended\proc\p18f67j93.asm
                 PIE3bits   0x000fa3       data     extern E:\3.46\pic18-lt\cxx-framework\src\extended\proc\p18f67j93.asm
                     PIE3   0x000fa3       data     extern E:\3.46\pic18-lt\cxx-framework\src\extended\proc\p18f67j93.asm
                     PIR3   0x000fa4       data     extern E:\3.46\pic18-lt\cxx-framework\src\extended\proc\p18f67j93.asm
                 PIR3bits   0x000fa4       data     extern E:\3.46\pic18-lt\cxx-framework\src\extended\proc\p18f67j93.asm
                     IPR3   0x000fa5       data     extern E:\3.46\pic18-lt\cxx-framework\src\extended\proc\p18f67j93.asm
                 IPR3bits   0x000fa5       data     extern E:\3.46\pic18-lt\cxx-framework\src\extended\proc\p18f67j93.asm
                   EECON1   0x000fa6       data     extern E:\3.46\pic18-lt\cxx-framework\src\extended\proc\p18f67j93.asm
               EECON1bits   0x000fa6       data     extern E:\3.46\pic18-lt\cxx-framework\src\extended\proc\p18f67j93.asm
                   EECON2   0x000fa7       data     extern E:\3.46\pic18-lt\cxx-framework\src\extended\proc\p18f67j93.asm
                   LCDCON   0x000fa8       data     extern E:\3.46\pic18-lt\cxx-framework\src\extended\proc\p18f67j93.asm
               LCDCONbits   0x000fa8       data     extern E:\3.46\pic18-lt\cxx-framework\src\extended\proc\p18f67j93.asm
               LCDSE0bits   0x000fa9       data     extern E:\3.46\pic18-lt\cxx-framework\src\extended\proc\p18f67j93.asm
                   LCDSE0   0x000fa9       data     extern E:\3.46\pic18-lt\cxx-framework\src\extended\proc\p18f67j93.asm
                LCDPSbits   0x000faa       data     extern E:\3.46\pic18-lt\cxx-framework\src\extended\proc\p18f67j93.asm
                    LCDPS   0x000faa       data     extern E:\3.46\pic18-lt\cxx-framework\src\extended\proc\p18f67j93.asm
                   RCSTA1   0x000fab       data     extern E:\3.46\pic18-lt\cxx-framework\src\extended\proc\p18f67j93.asm
                    RCSTA   0x000fab       data     extern E:\3.46\pic18-lt\cxx-framework\src\extended\proc\p18f67j93.asm
                RCSTAbits   0x000fab       data     extern E:\3.46\pic18-lt\cxx-framework\src\extended\proc\p18f67j93.asm
               RCSTA1bits   0x000fab       data     extern E:\3.46\pic18-lt\cxx-framework\src\extended\proc\p18f67j93.asm
                TXSTAbits   0x000fac       data     extern E:\3.46\pic18-lt\cxx-framework\src\extended\proc\p18f67j93.asm
               TXSTA1bits   0x000fac       data     extern E:\3.46\pic18-lt\cxx-framework\src\extended\proc\p18f67j93.asm
                   TXSTA1   0x000fac       data     extern E:\3.46\pic18-lt\cxx-framework\src\extended\proc\p18f67j93.asm
                    TXSTA   0x000fac       data     extern E:\3.46\pic18-lt\cxx-framework\src\extended\proc\p18f67j93.asm
                    TXREG   0x000fad       data     extern E:\3.46\pic18-lt\cxx-framework\src\extended\proc\p18f67j93.asm
                   TXREG1   0x000fad       data     extern E:\3.46\pic18-lt\cxx-framework\src\extended\proc\p18f67j93.asm
                    RCREG   0x000fae       data     extern E:\3.46\pic18-lt\cxx-framework\src\extended\proc\p18f67j93.asm
                   RCREG1   0x000fae       data     extern E:\3.46\pic18-lt\cxx-framework\src\extended\proc\p18f67j93.asm
                    SPBRG   0x000faf       data     extern E:\3.46\pic18-lt\cxx-framework\src\extended\proc\p18f67j93.asm
                   SPBRG1   0x000faf       data     extern E:\3.46\pic18-lt\cxx-framework\src\extended\proc\p18f67j93.asm
                    T3CON   0x000fb1       data     extern E:\3.46\pic18-lt\cxx-framework\src\extended\proc\p18f67j93.asm
                T3CONbits   0x000fb1       data     extern E:\3.46\pic18-lt\cxx-framework\src\extended\proc\p18f67j93.asm
                    TMR3L   0x000fb2       data     extern E:\3.46\pic18-lt\cxx-framework\src\extended\proc\p18f67j93.asm
                    TMR3H   0x000fb3       data     extern E:\3.46\pic18-lt\cxx-framework\src\extended\proc\p18f67j93.asm
                CMCONbits   0x000fb4       data     extern E:\3.46\pic18-lt\cxx-framework\src\extended\proc\p18f67j93.asm
                    CMCON   0x000fb4       data     extern E:\3.46\pic18-lt\cxx-framework\src\extended\proc\p18f67j93.asm
               CVRCONbits   0x000fb5       data     extern E:\3.46\pic18-lt\cxx-framework\src\extended\proc\p18f67j93.asm
                   CVRCON   0x000fb5       data     extern E:\3.46\pic18-lt\cxx-framework\src\extended\proc\p18f67j93.asm
                   LCDSE1   0x000fb6       data     extern E:\3.46\pic18-lt\cxx-framework\src\extended\proc\p18f67j93.asm
               LCDSE1bits   0x000fb6       data     extern E:\3.46\pic18-lt\cxx-framework\src\extended\proc\p18f67j93.asm
               LCDSE2bits   0x000fb7       data     extern E:\3.46\pic18-lt\cxx-framework\src\extended\proc\p18f67j93.asm
                   LCDSE2   0x000fb7       data     extern E:\3.46\pic18-lt\cxx-framework\src\extended\proc\p18f67j93.asm
                   LCDSE3   0x000fb8       data     extern E:\3.46\pic18-lt\cxx-framework\src\extended\proc\p18f67j93.asm
               LCDSE3bits   0x000fb8       data     extern E:\3.46\pic18-lt\cxx-framework\src\extended\proc\p18f67j93.asm
               LCDSE4bits   0x000fb9       data     extern E:\3.46\pic18-lt\cxx-framework\src\extended\proc\p18f67j93.asm
                   LCDSE4   0x000fb9       data     extern E:\3.46\pic18-lt\cxx-framework\src\extended\proc\p18f67j93.asm
                 LCDDATA0   0x000fbb       data     extern E:\3.46\pic18-lt\cxx-framework\src\extended\proc\p18f67j93.asm
             LCDDATA0bits   0x000fbb       data     extern E:\3.46\pic18-lt\cxx-framework\src\extended\proc\p18f67j93.asm
                 LCDDATA1   0x000fbc       data     extern E:\3.46\pic18-lt\cxx-framework\src\extended\proc\p18f67j93.asm
             LCDDATA1bits   0x000fbc       data     extern E:\3.46\pic18-lt\cxx-framework\src\extended\proc\p18f67j93.asm
             LCDDATA2bits   0x000fbd       data     extern E:\3.46\pic18-lt\cxx-framework\src\extended\proc\p18f67j93.asm
                 LCDDATA2   0x000fbd       data     extern E:\3.46\pic18-lt\cxx-framework\src\extended\proc\p18f67j93.asm
             LCDDATA3bits   0x000fbe       data     extern E:\3.46\pic18-lt\cxx-framework\src\extended\proc\p18f67j93.asm
                 LCDDATA3   0x000fbe       data     extern E:\3.46\pic18-lt\cxx-framework\src\extended\proc\p18f67j93.asm
                 LCDDATA4   0x000fbf       data     extern E:\3.46\pic18-lt\cxx-framework\src\extended\proc\p18f67j93.asm
             LCDDATA4bits   0x000fbf       data     extern E:\3.46\pic18-lt\cxx-framework\src\extended\proc\p18f67j93.asm
                   ADCON2   0x000fc0       data     extern E:\3.46\pic18-lt\cxx-framework\src\extended\proc\p18f67j93.asm
               ADCON2bits   0x000fc0       data     extern E:\3.46\pic18-lt\cxx-framework\src\extended\proc\p18f67j93.asm
               ADCON1bits   0x000fc1       data     extern E:\3.46\pic18-lt\cxx-framework\src\extended\proc\p18f67j93.asm
                   ADCON1   0x000fc1       data     extern E:\3.46\pic18-lt\cxx-framework\src\extended\proc\p18f67j93.asm
                   ADCON0   0x000fc2       data     extern E:\3.46\pic18-lt\cxx-framework\src\extended\proc\p18f67j93.asm
               ADCON0bits   0x000fc2       data     extern E:\3.46\pic18-lt\cxx-framework\src\extended\proc\p18f67j93.asm
                    ADRES   0x000fc3       data     extern E:\3.46\pic18-lt\cxx-framework\src\extended\proc\p18f67j93.asm
                   ADRESL   0x000fc3       data     extern E:\3.46\pic18-lt\cxx-framework\src\extended\proc\p18f67j93.asm
                   ADRESH   0x000fc4       data     extern E:\3.46\pic18-lt\cxx-framework\src\extended\proc\p18f67j93.asm
                 SSP1CON2   0x000fc5       data     extern E:\3.46\pic18-lt\cxx-framework\src\extended\proc\p18f67j93.asm
             SSP1CON2bits   0x000fc5       data     extern E:\3.46\pic18-lt\cxx-framework\src\extended\proc\p18f67j93.asm
              SSPCON2bits   0x000fc5       data     extern E:\3.46\pic18-lt\cxx-framework\src\extended\proc\p18f67j93.asm
                  SSPCON2   0x000fc5       data     extern E:\3.46\pic18-lt\cxx-framework\src\extended\proc\p18f67j93.asm
                 SSP1CON1   0x000fc6       data     extern E:\3.46\pic18-lt\cxx-framework\src\extended\proc\p18f67j93.asm
             SSP1CON1bits   0x000fc6       data     extern E:\3.46\pic18-lt\cxx-framework\src\extended\proc\p18f67j93.asm
              SSPCON1bits   0x000fc6       data     extern E:\3.46\pic18-lt\cxx-framework\src\extended\proc\p18f67j93.asm
                  SSPCON1   0x000fc6       data     extern E:\3.46\pic18-lt\cxx-framework\src\extended\proc\p18f67j93.asm
                 SSP1STAT   0x000fc7       data     extern E:\3.46\pic18-lt\cxx-framework\src\extended\proc\p18f67j93.asm
             SSP1STATbits   0x000fc7       data     extern E:\3.46\pic18-lt\cxx-framework\src\extended\proc\p18f67j93.asm
                  SSPSTAT   0x000fc7       data     extern E:\3.46\pic18-lt\cxx-framework\src\extended\proc\p18f67j93.asm
              SSPSTATbits   0x000fc7       data     extern E:\3.46\pic18-lt\cxx-framework\src\extended\proc\p18f67j93.asm
                   SSPADD   0x000fc8       data     extern E:\3.46\pic18-lt\cxx-framework\src\extended\proc\p18f67j93.asm
               SSPADDbits   0x000fc8       data     extern E:\3.46\pic18-lt\cxx-framework\src\extended\proc\p18f67j93.asm
              SSP1ADDbits   0x000fc8       data     extern E:\3.46\pic18-lt\cxx-framework\src\extended\proc\p18f67j93.asm
                  SSP1ADD   0x000fc8       data     extern E:\3.46\pic18-lt\cxx-framework\src\extended\proc\p18f67j93.asm
                   SSPBUF   0x000fc9       data     extern E:\3.46\pic18-lt\cxx-framework\src\extended\proc\p18f67j93.asm
                  SSP1BUF   0x000fc9       data     extern E:\3.46\pic18-lt\cxx-framework\src\extended\proc\p18f67j93.asm
                T2CONbits   0x000fca       data     extern E:\3.46\pic18-lt\cxx-framework\src\extended\proc\p18f67j93.asm
                    T2CON   0x000fca       data     extern E:\3.46\pic18-lt\cxx-framework\src\extended\proc\p18f67j93.asm
                      PR2   0x000fcb       data     extern E:\3.46\pic18-lt\cxx-framework\src\extended\proc\p18f67j93.asm
                     TMR2   0x000fcc       data     extern E:\3.46\pic18-lt\cxx-framework\src\extended\proc\p18f67j93.asm
                    T1CON   0x000fcd       data     extern E:\3.46\pic18-lt\cxx-framework\src\extended\proc\p18f67j93.asm
                T1CONbits   0x000fcd       data     extern E:\3.46\pic18-lt\cxx-framework\src\extended\proc\p18f67j93.asm
                    TMR1L   0x000fce       data     extern E:\3.46\pic18-lt\cxx-framework\src\extended\proc\p18f67j93.asm
                    TMR1H   0x000fcf       data     extern E:\3.46\pic18-lt\cxx-framework\src\extended\proc\p18f67j93.asm
                 RCONbits   0x000fd0       data     extern E:\3.46\pic18-lt\cxx-framework\src\extended\proc\p18f67j93.asm
                     RCON   0x000fd0       data     extern E:\3.46\pic18-lt\cxx-framework\src\extended\proc\p18f67j93.asm
               WDTCONbits   0x000fd1       data     extern E:\3.46\pic18-lt\cxx-framework\src\extended\proc\p18f67j93.asm
                   WDTCON   0x000fd1       data     extern E:\3.46\pic18-lt\cxx-framework\src\extended\proc\p18f67j93.asm
               LCDREGbits   0x000fd2       data     extern E:\3.46\pic18-lt\cxx-framework\src\extended\proc\p18f67j93.asm
                   LCDREG   0x000fd2       data     extern E:\3.46\pic18-lt\cxx-framework\src\extended\proc\p18f67j93.asm
                   OSCCON   0x000fd3       data     extern E:\3.46\pic18-lt\cxx-framework\src\extended\proc\p18f67j93.asm
               OSCCONbits   0x000fd3       data     extern E:\3.46\pic18-lt\cxx-framework\src\extended\proc\p18f67j93.asm
                T0CONbits   0x000fd5       data     extern E:\3.46\pic18-lt\cxx-framework\src\extended\proc\p18f67j93.asm
                    T0CON   0x000fd5       data     extern E:\3.46\pic18-lt\cxx-framework\src\extended\proc\p18f67j93.asm
                    TMR0L   0x000fd6       data     extern E:\3.46\pic18-lt\cxx-framework\src\extended\proc\p18f67j93.asm
                    TMR0H   0x000fd7       data     extern E:\3.46\pic18-lt\cxx-framework\src\extended\proc\p18f67j93.asm
                   STATUS   0x000fd8       data     extern E:\3.46\pic18-lt\cxx-framework\src\extended\proc\p18f67j93.asm
               STATUSbits   0x000fd8       data     extern E:\3.46\pic18-lt\cxx-framework\src\extended\proc\p18f67j93.asm
                    FSR2L   0x000fd9       data     extern E:\3.46\pic18-lt\cxx-framework\src\extended\proc\p18f67j93.asm
                     FSR2   0x000fd9       data     extern E:\3.46\pic18-lt\cxx-framework\src\extended\proc\p18f67j93.asm
                    FSR2H   0x000fda       data     extern E:\3.46\pic18-lt\cxx-framework\src\extended\proc\p18f67j93.asm
                   PLUSW2   0x000fdb       data     extern E:\3.46\pic18-lt\cxx-framework\src\extended\proc\p18f67j93.asm
                  PREINC2   0x000fdc       data     extern E:\3.46\pic18-lt\cxx-framework\src\extended\proc\p18f67j93.asm
                 POSTDEC2   0x000fdd       data     extern E:\3.46\pic18-lt\cxx-framework\src\extended\proc\p18f67j93.asm
                 POSTINC2   0x000fde       data     extern E:\3.46\pic18-lt\cxx-framework\src\extended\proc\p18f67j93.asm
                    INDF2   0x000fdf       data     extern E:\3.46\pic18-lt\cxx-framework\src\extended\proc\p18f67j93.asm
                      BSR   0x000fe0       data     extern E:\3.46\pic18-lt\cxx-framework\src\extended\proc\p18f67j93.asm
                    FSR1L   0x000fe1       data     extern E:\3.46\pic18-lt\cxx-framework\src\extended\proc\p18f67j93.asm
                     FSR1   0x000fe1       data     extern E:\3.46\pic18-lt\cxx-framework\src\extended\proc\p18f67j93.asm
                    FSR1H   0x000fe2       data     extern E:\3.46\pic18-lt\cxx-framework\src\extended\proc\p18f67j93.asm
                   PLUSW1   0x000fe3       data     extern E:\3.46\pic18-lt\cxx-framework\src\extended\proc\p18f67j93.asm
                  PREINC1   0x000fe4       data     extern E:\3.46\pic18-lt\cxx-framework\src\extended\proc\p18f67j93.asm
                 POSTDEC1   0x000fe5       data     extern E:\3.46\pic18-lt\cxx-framework\src\extended\proc\p18f67j93.asm
                 POSTINC1   0x000fe6       data     extern E:\3.46\pic18-lt\cxx-framework\src\extended\proc\p18f67j93.asm
                    INDF1   0x000fe7       data     extern E:\3.46\pic18-lt\cxx-framework\src\extended\proc\p18f67j93.asm
                     WREG   0x000fe8       data     extern E:\3.46\pic18-lt\cxx-framework\src\extended\proc\p18f67j93.asm
                    FSR0L   0x000fe9       data     extern E:\3.46\pic18-lt\cxx-framework\src\extended\proc\p18f67j93.asm
                     FSR0   0x000fe9       data     extern E:\3.46\pic18-lt\cxx-framework\src\extended\proc\p18f67j93.asm
                    FSR0H   0x000fea       data     extern E:\3.46\pic18-lt\cxx-framework\src\extended\proc\p18f67j93.asm
                   PLUSW0   0x000feb       data     extern E:\3.46\pic18-lt\cxx-framework\src\extended\proc\p18f67j93.asm
                  PREINC0   0x000fec       data     extern E:\3.46\pic18-lt\cxx-framework\src\extended\proc\p18f67j93.asm
                 POSTDEC0   0x000fed       data     extern E:\3.46\pic18-lt\cxx-framework\src\extended\proc\p18f67j93.asm
                 POSTINC0   0x000fee       data     extern E:\3.46\pic18-lt\cxx-framework\src\extended\proc\p18f67j93.asm
                    INDF0   0x000fef       data     extern E:\3.46\pic18-lt\cxx-framework\src\extended\proc\p18f67j93.asm
                  INTCON3   0x000ff0       data     extern E:\3.46\pic18-lt\cxx-framework\src\extended\proc\p18f67j93.asm
              INTCON3bits   0x000ff0       data     extern E:\3.46\pic18-lt\cxx-framework\src\extended\proc\p18f67j93.asm
                  INTCON2   0x000ff1       data     extern E:\3.46\pic18-lt\cxx-framework\src\extended\proc\p18f67j93.asm
              INTCON2bits   0x000ff1       data     extern E:\3.46\pic18-lt\cxx-framework\src\extended\proc\p18f67j93.asm
                   INTCON   0x000ff2       data     extern E:\3.46\pic18-lt\cxx-framework\src\extended\proc\p18f67j93.asm
               INTCONbits   0x000ff2       data     extern E:\3.46\pic18-lt\cxx-framework\src\extended\proc\p18f67j93.asm
                    PRODL   0x000ff3       data     extern E:\3.46\pic18-lt\cxx-framework\src\extended\proc\p18f67j93.asm
                     PROD   0x000ff3       data     extern E:\3.46\pic18-lt\cxx-framework\src\extended\proc\p18f67j93.asm
                    PRODH   0x000ff4       data     extern E:\3.46\pic18-lt\cxx-framework\src\extended\proc\p18f67j93.asm
                   TABLAT   0x000ff5       data     extern E:\3.46\pic18-lt\cxx-framework\src\extended\proc\p18f67j93.asm
                  TBLPTRL   0x000ff6       data     extern E:\3.46\pic18-lt\cxx-framework\src\extended\proc\p18f67j93.asm
                   TBLPTR   0x000ff6       data     extern E:\3.46\pic18-lt\cxx-framework\src\extended\proc\p18f67j93.asm
                  TBLPTRH   0x000ff7       data     extern E:\3.46\pic18-lt\cxx-framework\src\extended\proc\p18f67j93.asm
                  TBLPTRU   0x000ff8       data     extern E:\3.46\pic18-lt\cxx-framework\src\extended\proc\p18f67j93.asm
                      PCL   0x000ff9       data     extern E:\3.46\pic18-lt\cxx-framework\src\extended\proc\p18f67j93.asm
                       PC   0x000ff9       data     extern E:\3.46\pic18-lt\cxx-framework\src\extended\proc\p18f67j93.asm
                   PCLATH   0x000ffa       data     extern E:\3.46\pic18-lt\cxx-framework\src\extended\proc\p18f67j93.asm
                   PCLATU   0x000ffb       data     extern E:\3.46\pic18-lt\cxx-framework\src\extended\proc\p18f67j93.asm
               STKPTRbits   0x000ffc       data     extern E:\3.46\pic18-lt\cxx-framework\src\extended\proc\p18f67j93.asm
                   STKPTR   0x000ffc       data     extern E:\3.46\pic18-lt\cxx-framework\src\extended\proc\p18f67j93.asm
                      TOS   0x000ffd       data     extern E:\3.46\pic18-lt\cxx-framework\src\extended\proc\p18f67j93.asm
                     TOSL   0x000ffd       data     extern E:\3.46\pic18-lt\cxx-framework\src\extended\proc\p18f67j93.asm
                     TOSH   0x000ffe       data     extern E:\3.46\pic18-lt\cxx-framework\src\extended\proc\p18f67j93.asm
                     TOSU   0x000fff       data     extern E:\3.46\pic18-lt\cxx-framework\src\extended\proc\p18f67j93.asm


