Archive member included because of file (symbol)

..\..\servers\fsys-fatfs\fsys-fatfs.a(addfs.o)
                              build/USUAL/production/main.o (fatfs_add_drv)
..\..\servers\fsys-fatfs\fsys-fatfs.a(diskio.o)
                              ..\..\servers\fsys-fatfs\fsys-fatfs.a(addfs.o) (_DRIVES)
..\..\servers\fsys-fatfs\fsys-fatfs.a(fsysmain.o)
                              build/USUAL/production/main.o (_fatfs_server)
..\..\servers\fsys-fatfs\fsys-fatfs.a(getdirentries.o)
                              ..\..\servers\fsys-fatfs\fsys-fatfs.a(fsysmain.o) (fat_getdirentries)
..\..\servers\fsys-fatfs\fsys-fatfs.a(lseek.o)
                              ..\..\servers\fsys-fatfs\fsys-fatfs.a(fsysmain.o) (fat_lseek)
..\..\servers\fsys-fatfs\fsys-fatfs.a(mkdir.o)
                              ..\..\servers\fsys-fatfs\fsys-fatfs.a(fsysmain.o) (fat_mkdir)
..\..\servers\fsys-fatfs\fsys-fatfs.a(mkfs.o)
                              ..\..\servers\fsys-fatfs\fsys-fatfs.a(fsysmain.o) (fat_mkfs)
..\..\servers\fsys-fatfs\fsys-fatfs.a(mount.o)
                              ..\..\servers\fsys-fatfs\fsys-fatfs.a(fsysmain.o) (fat_mount)
..\..\servers\fsys-fatfs\fsys-fatfs.a(open.o)
                              ..\..\servers\fsys-fatfs\fsys-fatfs.a(fsysmain.o) (fat_open)
..\..\servers\fsys-fatfs\fsys-fatfs.a(path.o)
                              ..\..\servers\fsys-fatfs\fsys-fatfs.a(mkdir.o) (transform_path)
..\..\servers\fsys-fatfs\fsys-fatfs.a(readwrit.o)
                              ..\..\servers\fsys-fatfs\fsys-fatfs.a(fsysmain.o) (fat_read_write)
..\..\servers\fsys-fatfs\fsys-fatfs.a(rename.o)
                              ..\..\servers\fsys-fatfs\fsys-fatfs.a(fsysmain.o) (fat_rename)
..\..\servers\fsys-fatfs\fsys-fatfs.a(rmdir.o)
                              ..\..\servers\fsys-fatfs\fsys-fatfs.a(fsysmain.o) (fat_rmdir)
..\..\servers\fsys-fatfs\fsys-fatfs.a(stat.o)
                              ..\..\servers\fsys-fatfs\fsys-fatfs.a(fsysmain.o) (fat_stat)
..\..\servers\fsys-fatfs\fsys-fatfs.a(sync.o)
                              ..\..\servers\fsys-fatfs\fsys-fatfs.a(fsysmain.o) (fat_sync)
..\..\servers\fsys-fatfs\fsys-fatfs.a(umount.o)
                              ..\..\servers\fsys-fatfs\fsys-fatfs.a(fsysmain.o) (fat_umount)
..\..\servers\fsys-fatfs\fsys-fatfs.a(unlink.o)
                              ..\..\servers\fsys-fatfs\fsys-fatfs.a(fsysmain.o) (fat_unlink)
..\..\servers\fsys-fatfs\fsys-fatfs.a(chmod.o)
                              ..\..\servers\fsys-fatfs\fsys-fatfs.a(fsysmain.o) (fat_chmod)
..\..\servers\fsys-fatfs\fsys-fatfs.a(close.o)
                              ..\..\servers\fsys-fatfs\fsys-fatfs.a(fsysmain.o) (fat_close)
..\..\servers\fsys-fatfs\fsys-fatfs.a(ff.o)
                              ..\..\servers\fsys-fatfs\fsys-fatfs.a(getdirentries.o) (dir_seek)
..\..\servers\fsys-fatfs\fsys-fatfs.a(fstime.o)
                              ..\..\servers\fsys-fatfs\fsys-fatfs.a(ff.o) (get_fattime)
..\..\servers\fsys-fatfs\fsys-fatfs.a(ccsbcs.o)
                              ..\..\servers\fsys-fatfs\fsys-fatfs.a(ff.o) (ff_convert)
..\..\iolib\iolib.a(close.o)  build/USUAL/production/readConfig.o (close)
..\..\iolib\iolib.a(fstat.o)  build/USUAL/production/readConfig.o (fstat)
..\..\iolib\iolib.a(ioctl.o)  build/USUAL/production/usb_composite.o (ioctl)
..\..\iolib\iolib.a(lseek.o)  build/USUAL/production/readConfig.o (lseek)
..\..\iolib\iolib.a(mkdir.o)  build/USUAL/production/logRun.o (mkdir)
..\..\iolib\iolib.a(mount.o)  build/USUAL/production/main.o (mount)
..\..\iolib\iolib.a(open.o)   build/USUAL/production/readConfig.o (open)
..\..\iolib\iolib.a(pathlook.o)
                              ..\..\servers\fsys-fatfs\fsys-fatfs.a(addfs.o) (pathlookup)
..\..\iolib\iolib.a(read.o)   build/USUAL/production/readConfig.o (read)
..\..\iolib\iolib.a(ucb.o)    ..\..\iolib\iolib.a(open.o) (UCBalloc)
..\..\iolib\iolib.a(umount.o)
                              build/USUAL/production/oemCalculations.o (umount)
..\..\iolib\iolib.a(write.o)  build/USUAL/production/readConfig.o (write)
..\..\servers\usb\usb_server\usb_server.a(usb_server.o)
                              build/USUAL/production/usb_composite.o (usb_server)
..\..\servers\usb\device\usbd_core\usbd_core.a(usbd_core.o)
                              build/USUAL/production/usb_composite.o (usbd_start)
..\..\servers\usb\device\usbd_core\usbd_core.a(usbd_descriptor.o)
                              ..\..\servers\usb\device\usbd_core\usbd_core.a(usbd_core.o) (usbd_setup_stage)
..\..\servers\usb\device\usbd_pic32x_port\usbd_pic32x_port.a(usbd_core.o)
                              ..\..\servers\usb\device\usbd_core\usbd_core.a(usbd_core.o) (usbd_hardware_init)
..\..\servers\usb\device\usbd_pic32x_port\usbd_pic32x_port.a(usbd_init.o)
                              ..\..\servers\usb\device\usbd_pic32x_port\usbd_pic32x_port.a(usbd_core.o) (usbd_interrupt_config)
..\..\servers\usb\device\usbd_pic32x_port\usbd_pic32x_port.a(usbd_pic32_hw.o)
[...]
Memory Configuration

Name             Origin             Length             Attributes
kseg0_program_mem 0x9d001490         0x0007eb30         xr
kseg0_boot_mem   0x9d000000         0x00000000
exception_mem    0x9d000000         0x00001000
kseg1_boot_mem   0x9d001000         0x00000490
app_hdr_mem      0x9d07ffd0         0x00000030
//debug_exec_mem 0xbfc02000         0x00000ff0
config3          0xbfc02ff0         0x00000004
config2          0xbfc02ff4         0x00000004
config1          0xbfc02ff8         0x00000004
config0          0xbfc02ffc         0x00000004
kseg1_data_mem   0xa0000000         0x00020000         w !x
sfrs             0xbf800000         0x00100000
configsfrs       0xbfc02ff0         0x00000010
*default*        0x00000000         0xffffffff

Linker script and memory map

LOAD c:/program files/microchip/xc32/v2.50/bin/bin/../../lib/gcc/pic32mx/4.8.3/../../../../pic32mx/lib\debug-exception-return.o
LOAD build/USUAL/production/oemGSM.o
LOAD build/USUAL/production/oemInputAcquisition.o
LOAD build/USUAL/production/oemInputAveraging.o
LOAD build/USUAL/production/oemLog.o
LOAD build/USUAL/production/oemMain.o
LOAD build/USUAL/production/oemOutputControl.o
LOAD build/USUAL/production/oemSaveReadParameter.o
LOAD build/USUAL/production/oemSendRecvUsb.o
LOAD build/USUAL/production/oemCalculations.o
LOAD build/USUAL/production/oemDisplay.o
LOAD build/USUAL/production/oemFunctions.o
LOAD build/USUAL/production/malloc.o
LOAD build/USUAL/production/setup.o
LOAD build/USUAL/production/mutex.o
LOAD build/USUAL/production/mmc.o
LOAD build/USUAL/production/sd_spi.o
LOAD build/USUAL/production/configurations.o
LOAD build/USUAL/production/speedControl.o
LOAD build/USUAL/production/tcp_server.o
LOAD build/USUAL/production/tcp_start.o
LOAD build/USUAL/production/timeDifference.o
LOAD build/USUAL/production/wrapper.o
LOAD build/USUAL/production/analogSensor10bit.o
LOAD build/USUAL/production/analogToPhysical.o
LOAD build/USUAL/production/buzzer.o
LOAD build/USUAL/production/common.o
LOAD build/USUAL/production/display.o
LOAD build/USUAL/production/melacs_spi.o
LOAD build/USUAL/production/onBoardADC.o
LOAD build/USUAL/production/onBoardRTCC.o
LOAD build/USUAL/production/readConfig.o
LOAD build/USUAL/production/sensorValueConvertion.o
LOAD build/USUAL/production/sensors.o
LOAD build/USUAL/production/hBridge.o
LOAD build/USUAL/production/logRun.o
LOAD build/USUAL/production/usb_composite.o
LOAD build/USUAL/production/threeWayValve.o
LOAD build/USUAL/production/main.o
LOAD build/USUAL/production/alarmStrings.o
LOAD ..\..\servers\fsys-fatfs\fsys-fatfs.a
LOAD ..\..\iolib\iolib.a
LOAD ..\..\servers\usb\usb_server\usb_server.a
LOAD ..\..\servers\usb\device\usbd_core\usbd_core.a
LOAD ..\..\servers\usb\device\usbd_pic32x_port\usbd_pic32x_port.a
LOAD ..\..\servers\_ipv6\tcp6\ENC424J600_v6\ENC424J600_v6.a
LOAD ..\..\servers\_ipv6\tcp6\server6\tcp_dual.a
LOAD ..\..\servers\usb\device\usbd_msc_driver\usbd_msc_driver.a
LOAD ..\..\servers\usb\device\usbd_cdc_serial_driver\usbd_cdc_serial_driver.a
LOAD ..\..\kernel\Unison.a
LOAD ..\..\servers\tty\tty.a
LOAD ..\..\stdio\stdiolib.a
                0x00000001                __MPLAB_BUILD = 0x1
                0x00000000                PROVIDE (_min_stack_size, 0x0)
LOAD c:/program files/microchip/xc32/v2.50/bin/bin/../../lib/gcc/pic32mx/4.8.3/../../../../pic32mx/lib/./proc/32MX795F512L\processor.o
START GROUP
LOAD c:/program files/microchip/xc32/v2.50/bin/bin/../../lib/gcc/pic32mx/4.8.3/../../../../pic32mx/lib\libmchp_peripheral.a
END GROUP
START GROUP
LOAD c:/program files/microchip/xc32/v2.50/bin/bin/../../lib/gcc/pic32mx/4.8.3/../../../../pic32mx/lib\libmchp_peripheral_32MX795F512L.a
END GROUP
                0x00000001                PROVIDE (_vector_spacing, 0x1)
                0x9d000000                _ebase_address = 0x9d000000
                0x9d001000                _RESET_ADDR = 0x9d001000
                0x9d001380                _BEV_EXCPT_ADDR = 0x9d001380
                0x9d001480                _DBG_EXCPT_ADDR = 0x9d001480
                0x9d000180                _GEN_EXCPT_ADDR = (_ebase_address + 0x180)

.config_BFC02FF0
                0xbfc02ff0        0x4
 *(.config_BFC02FF0)
 .config_BFC02FF0
                0xbfc02ff0        0x4 build/USUAL/production/configurations.o

.config_BFC02FF4
                0xbfc02ff4        0x4
 *(.config_BFC02FF4)
 .config_BFC02FF4
                0xbfc02ff4        0x4 build/USUAL/production/configurations.o

.config_BFC02FF8
                0xbfc02ff8        0x4
 *(.config_BFC02FF8)
 .config_BFC02FF8
                0xbfc02ff8        0x4 build/USUAL/production/configurations.o

.config_BFC02FFC
                0xbfc02ffc        0x4
 *(.config_BFC02FFC)
 .config_BFC02FFC
                0xbfc02ffc        0x4 build/USUAL/production/configurations.o

.reset          0x9d001000      0x19c
 *(.reset)
 .reset         0x9d001000        0x8 C:\Users\dashn\AppData\Local\Temp\ccYiNkOQ.o
                0x9d001000                _reset
 *(.reset.startup)
 .reset.startup
                0x9d001008      0x194 C:\Users\dashn\AppData\Local\Temp\ccYiNkOQ.o
                0x9d001008                _startup

.bev_excpt      0x9d001380       0x10
 *(.bev_handler)
 .bev_handler   0x9d001380       0x10 C:\Users\dashn\AppData\Local\Temp\ccYiNkOQ.o

.app_excpt      0x9d000180       0x10
 *(.gen_handler)
 .gen_handler   0x9d000180       0x10 C:\Users\dashn\AppData\Local\Temp\ccYiNkOQ.o

.vector_0       0x9d000200       0x10
 *(.vector_0)
 .vector_0      0x9d000200       0x10 ..\..\kernel\Unison.a(interrupt.o)
                0x9d000200                __vector_dispatch_0
                0x00000001                ASSERT (((_vector_spacing == 0x0) || (SIZEOF (.vector_0) <= (_vector_spacing << 0x5))), function at exception vector 0 too large)

.vector_1       0x9d000220        0x8
 *(.vector_1)
 .vector_1      0x9d000220        0x8 c:/program files/microchip/xc32/v2.50/bin/bin/../../lib/gcc/pic32mx/4.8.3/../../../../pic32mx/lib\libpic32.a(vector1.o)
                0x9d000220                __vector_dispatch_1
                0x00000001                ASSERT (((_vector_spacing == 0x0) || (SIZEOF (.vector_1) <= (_vector_spacing << 0x5))), function at exception vector 1 too large)

.vector_2       0x9d000240        0x8
 *(.vector_2)
 .vector_2      0x9d000240        0x8 c:/program files/microchip/xc32/v2.50/bin/bin/../../lib/gcc/pic32mx/4.8.3/../../../../pic32mx/lib\libpic32.a(vector2.o)
                0x9d000240                __vector_dispatch_2
                0x00000001                ASSERT (((_vector_spacing == 0x0) || (SIZEOF (.vector_2) <= (_vector_spacing << 0x5))), function at exception vector 2 too large)

.vector_3       0x9d000260        0x8
 *(.vector_3)
 .vector_3      0x9d000260        0x8 c:/program files/microchip/xc32/v2.50/bin/bin/../../lib/gcc/pic32mx/4.8.3/../../../../pic32mx/lib\libpic32.a(vector3.o)
                0x9d000260                __vector_dispatch_3
                0x00000001                ASSERT (((_vector_spacing == 0x0) || (SIZEOF (.vector_3) <= (_vector_spacing << 0x5))), function at exception vector 3 too large)

.vector_4       0x9d000280        0x8
 *(.vector_4)
 .vector_4      0x9d000280        0x8 c:/program files/microchip/xc32/v2.50/bin/bin/../../lib/gcc/pic32mx/4.8.3/../../../../pic32mx/lib\libpic32.a(vector4.o)
                0x9d000280                __vector_dispatch_4
                0x00000001                ASSERT (((_vector_spacing == 0x0) || (SIZEOF (.vector_4) <= (_vector_spacing << 0x5))), function at exception vector 4 too large)

.vector_5       0x9d0002a0        0x8
 *(.vector_5)
 .vector_5      0x9d0002a0        0x8 c:/program files/microchip/xc32/v2.50/bin/bin/../../lib/gcc/pic32mx/4.8.3/../../../../pic32mx/lib\libpic32.a(vector5.o)
                0x9d0002a0                __vector_dispatch_5
                0x00000001                ASSERT (((_vector_spacing == 0x0) || (SIZEOF (.vector_5) <= (_vector_spacing << 0x5))), function at exception vector 5 too large)

.vector_6       0x9d0002c0        0x8
 *(.vector_6)
 .vector_6      0x9d0002c0        0x8 c:/program files/microchip/xc32/v2.50/bin/bin/../../lib/gcc/pic32mx/4.8.3/../../../../pic32mx/lib\libpic32.a(vector6.o)
                0x9d0002c0                __vector_dispatch_6
                0x00000001                ASSERT (((_vector_spacing == 0x0) || (SIZEOF (.vector_6) <= (_vector_spacing << 0x5))), function at exception vector 6 too large)

.vector_7       0x9d0002e0        0x8
 *(.vector_7)
 .vector_7      0x9d0002e0        0x8 c:/program files/microchip/xc32/v2.50/bin/bin/../../lib/gcc/pic32mx/4.8.3/../../../../pic32mx/lib\libpic32.a(vector7.o)
                0x9d0002e0                __vector_dispatch_7
                0x00000001                ASSERT (((_vector_spacing == 0x0) || (SIZEOF (.vector_7) <= (_vector_spacing << 0x5))), function at exception vector 7 too large)

.vector_8       0x9d000300        0x8
 *(.vector_8)
 .vector_8      0x9d000300        0x8 c:/program files/microchip/xc32/v2.50/bin/bin/../../lib/gcc/pic32mx/4.8.3/../../../../pic32mx/lib\libpic32.a(vector8.o)
                0x9d000300                __vector_dispatch_8
                0x00000001                ASSERT (((_vector_spacing == 0x0) || (SIZEOF (.vector_8) <= (_vector_spacing << 0x5))), function at exception vector 8 too large)

.vector_9       0x9d000320        0x8
 *(.vector_9)
 .vector_9      0x9d000320        0x8 c:/program files/microchip/xc32/v2.50/bin/bin/../../lib/gcc/pic32mx/4.8.3/../../../../pic32mx/lib\libpic32.a(vector9.o)
                0x9d000320                __vector_dispatch_9
                0x00000001                ASSERT (((_vector_spacing == 0x0) || (SIZEOF (.vector_9) <= (_vector_spacing << 0x5))), function at exception vector 9 too large)

.vector_10      0x9d000340        0x8
 *(.vector_10)
 .vector_10     0x9d000340        0x8 c:/program files/microchip/xc32/v2.50/bin/bin/../../lib/gcc/pic32mx/4.8.3/../../../../pic32mx/lib\libpic32.a(vector10.o)
                0x9d000340                __vector_dispatch_10
                0x00000001                ASSERT (((_vector_spacing == 0x0) || (SIZEOF (.vector_10) <= (_vector_spacing << 0x5))), function at exception vector 10 too large)

.vector_11      0x9d000360        0x8
 *(.vector_11)
 .vector_11     0x9d000360        0x8 c:/program files/microchip/xc32/v2.50/bin/bin/../../lib/gcc/pic32mx/4.8.3/../../../../pic32mx/lib\libpic32.a(vector11.o)
                0x9d000360                __vector_dispatch_11
                0x00000001                ASSERT (((_vector_spacing == 0x0) || (SIZEOF (.vector_11) <= (_vector_spacing << 0x5))), function at exception vector 11 too large)

.vector_12      0x9d000380        0x8
 *(.vector_12)
 .vector_12     0x9d000380        0x8 c:/program files/microchip/xc32/v2.50/bin/bin/../../lib/gcc/pic32mx/4.8.3/../../../../pic32mx/lib\libpic32.a(vector12.o)
                0x9d000380                __vector_dispatch_12
                0x00000001                ASSERT (((_vector_spacing == 0x0) || (SIZEOF (.vector_12) <= (_vector_spacing << 0x5))), function at exception vector 12 too large)

.vector_13      0x9d0003a0        0x8
 *(.vector_13)
 .vector_13     0x9d0003a0        0x8 c:/program files/microchip/xc32/v2.50/bin/bin/../../lib/gcc/pic32mx/4.8.3/../../../../pic32mx/lib\libpic32.a(vector13.o)
                0x9d0003a0                __vector_dispatch_13
                0x00000001                ASSERT (((_vector_spacing == 0x0) || (SIZEOF (.vector_13) <= (_vector_spacing << 0x5))), function at exception vector 13 too large)

.vector_14      0x9d0003c0        0x8
 *(.vector_14)
 .vector_14     0x9d0003c0        0x8 c:/program files/microchip/xc32/v2.50/bin/bin/../../lib/gcc/pic32mx/4.8.3/../../../../pic32mx/lib\libpic32.a(vector14.o)
                0x9d0003c0                __vector_dispatch_14
                0x00000001                ASSERT (((_vector_spacing == 0x0) || (SIZEOF (.vector_14) <= (_vector_spacing << 0x5))), function at exception vector 14 too large)

.vector_15      0x9d0003e0        0x8
 *(.vector_15)
 .vector_15     0x9d0003e0        0x8 c:/program files/microchip/xc32/v2.50/bin/bin/../../lib/gcc/pic32mx/4.8.3/../../../../pic32mx/lib\libpic32.a(vector15.o)
                0x9d0003e0                __vector_dispatch_15
                0x00000001                ASSERT (((_vector_spacing == 0x0) || (SIZEOF (.vector_15) <= (_vector_spacing << 0x5))), function at exception vector 15 too large)

.vector_16      0x9d000400        0x8
 *(.vector_16)
 .vector_16     0x9d000400        0x8 c:/program files/microchip/xc32/v2.50/bin/bin/../../lib/gcc/pic32mx/4.8.3/../../../../pic32mx/lib\libpic32.a(vector16.o)
                0x9d000400                __vector_dispatch_16
                0x00000001                ASSERT (((_vector_spacing == 0x0) || (SIZEOF (.vector_16) <= (_vector_spacing << 0x5))), function at exception vector 16 too large)

.vector_17      0x9d000420        0x8
 *(.vector_17)
 .vector_17     0x9d000420        0x8 c:/program files/microchip/xc32/v2.50/bin/bin/../../lib/gcc/pic32mx/4.8.3/../../../../pic32mx/lib\libpic32.a(vector17.o)
                0x9d000420                __vector_dispatch_17
                0x00000001                ASSERT (((_vector_spacing == 0x0) || (SIZEOF (.vector_17) <= (_vector_spacing << 0x5))), function at exception vector 17 too large)

.vector_18      0x9d000440        0x8
 *(.vector_18)
 .vector_18     0x9d000440        0x8 c:/program files/microchip/xc32/v2.50/bin/bin/../../lib/gcc/pic32mx/4.8.3/../../../../pic32mx/lib\libpic32.a(vector18.o)
                0x9d000440                __vector_dispatch_18
                0x00000001                ASSERT (((_vector_spacing == 0x0) || (SIZEOF (.vector_18) <= (_vector_spacing << 0x5))), function at exception vector 18 too large)

.vector_19      0x9d000460        0x8
 *(.vector_19)
 .vector_19     0x9d000460        0x8 c:/program files/microchip/xc32/v2.50/bin/bin/../../lib/gcc/pic32mx/4.8.3/../../../../pic32mx/lib\libpic32.a(vector19.o)
                0x9d000460                __vector_dispatch_19
                0x00000001                ASSERT (((_vector_spacing == 0x0) || (SIZEOF (.vector_19) <= (_vector_spacing << 0x5))), function at exception vector 19 too large)

.vector_20      0x9d000480        0x8
 *(.vector_20)
 .vector_20     0x9d000480        0x8 c:/program files/microchip/xc32/v2.50/bin/bin/../../lib/gcc/pic32mx/4.8.3/../../../../pic32mx/lib\libpic32.a(vector20.o)
                0x9d000480                __vector_dispatch_20
                0x00000001                ASSERT (((_vector_spacing == 0x0) || (SIZEOF (.vector_20) <= (_vector_spacing << 0x5))), function at exception vector 20 too large)

.vector_21      0x9d0004a0        0x8
 *(.vector_21)
 .vector_21     0x9d0004a0        0x8 c:/program files/microchip/xc32/v2.50/bin/bin/../../lib/gcc/pic32mx/4.8.3/../../../../pic32mx/lib\libpic32.a(vector21.o)
                0x9d0004a0                __vector_dispatch_21
                0x00000001                ASSERT (((_vector_spacing == 0x0) || (SIZEOF (.vector_21) <= (_vector_spacing << 0x5))), function at exception vector 21 too large)

.vector_22      0x9d0004c0        0x8
 *(.vector_22)
 .vector_22     0x9d0004c0        0x8 c:/program files/microchip/xc32/v2.50/bin/bin/../../lib/gcc/pic32mx/4.8.3/../../../../pic32mx/lib\libpic32.a(vector22.o)
                0x9d0004c0                __vector_dispatch_22
                0x00000001                ASSERT (((_vector_spacing == 0x0) || (SIZEOF (.vector_22) <= (_vector_spacing << 0x5))), function at exception vector 22 too large)

.vector_23      0x9d0004e0        0x8
 *(.vector_23)
 .vector_23     0x9d0004e0        0x8 c:/program files/microchip/xc32/v2.50/bin/bin/../../lib/gcc/pic32mx/4.8.3/../../../../pic32mx/lib\libpic32.a(vector23.o)
                0x9d0004e0                __vector_dispatch_23
                0x00000001                ASSERT (((_vector_spacing == 0x0) || (SIZEOF (.vector_23) <= (_vector_spacing << 0x5))), function at exception vector 23 too large)

.vector_24      0x9d000500        0x8
 *(.vector_24)
 .vector_24     0x9d000500        0x8 c:/program files/microchip/xc32/v2.50/bin/bin/../../lib/gcc/pic32mx/4.8.3/../../../../pic32mx/lib\libpic32.a(vector24.o)
                0x9d000500                __vector_dispatch_24
                0x00000001                ASSERT (((_vector_spacing == 0x0) || (SIZEOF (.vector_24) <= (_vector_spacing << 0x5))), function at exception vector 24 too large)

.vector_25      0x9d000520        0x8
 *(.vector_25)
 .vector_25     0x9d000520        0x8 c:/program files/microchip/xc32/v2.50/bin/bin/../../lib/gcc/pic32mx/4.8.3/../../../../pic32mx/lib\libpic32.a(vector25.o)
                0x9d000520                __vector_dispatch_25
                0x00000001                ASSERT (((_vector_spacing == 0x0) || (SIZEOF (.vector_25) <= (_vector_spacing << 0x5))), function at exception vector 25 too large)

.vector_26      0x9d000540        0x8
 *(.vector_26)
 .vector_26     0x9d000540        0x8 c:/program files/microchip/xc32/v2.50/bin/bin/../../lib/gcc/pic32mx/4.8.3/../../../../pic32mx/lib\libpic32.a(vector26.o)
                0x9d000540                __vector_dispatch_26
                0x00000001                ASSERT (((_vector_spacing == 0x0) || (SIZEOF (.vector_26) <= (_vector_spacing << 0x5))), function at exception vector 26 too large)

.vector_27      0x9d000560        0x8
 *(.vector_27)
 .vector_27     0x9d000560        0x8 c:/program files/microchip/xc32/v2.50/bin/bin/../../lib/gcc/pic32mx/4.8.3/../../../../pic32mx/lib\libpic32.a(vector27.o)
                0x9d000560                __vector_dispatch_27
                0x00000001                ASSERT (((_vector_spacing == 0x0) || (SIZEOF (.vector_27) <= (_vector_spacing << 0x5))), function at exception vector 27 too large)

.vector_28      0x9d000580        0x8
 *(.vector_28)
 .vector_28     0x9d000580        0x8 c:/program files/microchip/xc32/v2.50/bin/bin/../../lib/gcc/pic32mx/4.8.3/../../../../pic32mx/lib\libpic32.a(vector28.o)
                0x9d000580                __vector_dispatch_28
                0x00000001                ASSERT (((_vector_spacing == 0x0) || (SIZEOF (.vector_28) <= (_vector_spacing << 0x5))), function at exception vector 28 too large)

.vector_29      0x9d0005a0        0x8
 *(.vector_29)
 .vector_29     0x9d0005a0        0x8 c:/program files/microchip/xc32/v2.50/bin/bin/../../lib/gcc/pic32mx/4.8.3/../../../../pic32mx/lib\libpic32.a(vector29.o)
                0x9d0005a0                __vector_dispatch_29
                0x00000001                ASSERT (((_vector_spacing == 0x0) || (SIZEOF (.vector_29) <= (_vector_spacing << 0x5))), function at exception vector 29 too large)

.vector_30      0x9d0005c0        0x8
 *(.vector_30)
 .vector_30     0x9d0005c0        0x8 c:/program files/microchip/xc32/v2.50/bin/bin/../../lib/gcc/pic32mx/4.8.3/../../../../pic32mx/lib\libpic32.a(vector30.o)
                0x9d0005c0                __vector_dispatch_30
                0x00000001                ASSERT (((_vector_spacing == 0x0) || (SIZEOF (.vector_30) <= (_vector_spacing << 0x5))), function at exception vector 30 too large)

.vector_31      0x9d0005e0        0x8
 *(.vector_31)
 .vector_31     0x9d0005e0        0x8 c:/program files/microchip/xc32/v2.50/bin/bin/../../lib/gcc/pic32mx/4.8.3/../../../../pic32mx/lib\libpic32.a(vector31.o)
                0x9d0005e0                __vector_dispatch_31
                0x00000001                ASSERT (((_vector_spacing == 0x0) || (SIZEOF (.vector_31) <= (_vector_spacing << 0x5))), function at exception vector 31 too large)

.vector_32      0x9d000600        0x8
 *(.vector_32)
 .vector_32     0x9d000600        0x8 c:/program files/microchip/xc32/v2.50/bin/bin/../../lib/gcc/pic32mx/4.8.3/../../../../pic32mx/lib\libpic32.a(vector32.o)
                0x9d000600                __vector_dispatch_32
                0x00000001                ASSERT (((_vector_spacing == 0x0) || (SIZEOF (.vector_32) <= (_vector_spacing << 0x5))), function at exception vector 32 too large)

.vector_33      0x9d000620        0x8
 *(.vector_33)
 .vector_33     0x9d000620        0x8 c:/program files/microchip/xc32/v2.50/bin/bin/../../lib/gcc/pic32mx/4.8.3/../../../../pic32mx/lib\libpic32.a(vector33.o)
                0x9d000620                __vector_dispatch_33
                0x00000001                ASSERT (((_vector_spacing == 0x0) || (SIZEOF (.vector_33) <= (_vector_spacing << 0x5))), function at exception vector 33 too large)

.vector_34      0x9d000640        0x8
 *(.vector_34)
 .vector_34     0x9d000640        0x8 c:/program files/microchip/xc32/v2.50/bin/bin/../../lib/gcc/pic32mx/4.8.3/../../../../pic32mx/lib\libpic32.a(vector34.o)
                0x9d000640                __vector_dispatch_34
                0x00000001                ASSERT (((_vector_spacing == 0x0) || (SIZEOF (.vector_34) <= (_vector_spacing << 0x5))), function at exception vector 34 too large)

.vector_35      0x9d000660        0x8
 *(.vector_35)
 .vector_35     0x9d000660        0x8 c:/program files/microchip/xc32/v2.50/bin/bin/../../lib/gcc/pic32mx/4.8.3/../../../../pic32mx/lib\libpic32.a(vector35.o)
                0x9d000660                __vector_dispatch_35
                0x00000001                ASSERT (((_vector_spacing == 0x0) || (SIZEOF (.vector_35) <= (_vector_spacing << 0x5))), function at exception vector 35 too large)

.vector_36      0x9d000680        0x8
 *(.vector_36)
 .vector_36     0x9d000680        0x8 c:/program files/microchip/xc32/v2.50/bin/bin/../../lib/gcc/pic32mx/4.8.3/../../../../pic32mx/lib\libpic32.a(vector36.o)
                0x9d000680                __vector_dispatch_36
                0x00000001                ASSERT (((_vector_spacing == 0x0) || (SIZEOF (.vector_36) <= (_vector_spacing << 0x5))), function at exception vector 36 too large)

.vector_37      0x9d0006a0        0x8
 *(.vector_37)
 .vector_37     0x9d0006a0        0x8 c:/program files/microchip/xc32/v2.50/bin/bin/../../lib/gcc/pic32mx/4.8.3/../../../../pic32mx/lib\libpic32.a(vector37.o)
                0x9d0006a0                __vector_dispatch_37
                0x00000001                ASSERT (((_vector_spacing == 0x0) || (SIZEOF (.vector_37) <= (_vector_spacing << 0x5))), function at exception vector 37 too large)

.vector_38      0x9d0006c0        0x8
 *(.vector_38)
 .vector_38     0x9d0006c0        0x8 c:/program files/microchip/xc32/v2.50/bin/bin/../../lib/gcc/pic32mx/4.8.3/../../../../pic32mx/lib\libpic32.a(vector38.o)
                0x9d0006c0                __vector_dispatch_38
                0x00000001                ASSERT (((_vector_spacing == 0x0) || (SIZEOF (.vector_38) <= (_vector_spacing << 0x5))), function at exception vector 38 too large)

.vector_39      0x9d0006e0        0x8
 *(.vector_39)
 .vector_39     0x9d0006e0        0x8 c:/program files/microchip/xc32/v2.50/bin/bin/../../lib/gcc/pic32mx/4.8.3/../../../../pic32mx/lib\libpic32.a(vector39.o)
                0x9d0006e0                __vector_dispatch_39
                0x00000001                ASSERT (((_vector_spacing == 0x0) || (SIZEOF (.vector_39) <= (_vector_spacing << 0x5))), function at exception vector 39 too large)

.vector_40      0x9d000700        0x8
 *(.vector_40)
 .vector_40     0x9d000700        0x8 c:/program files/microchip/xc32/v2.50/bin/bin/../../lib/gcc/pic32mx/4.8.3/../../../../pic32mx/lib\libpic32.a(vector40.o)
                0x9d000700                __vector_dispatch_40
                0x00000001                ASSERT (((_vector_spacing == 0x0) || (SIZEOF (.vector_40) <= (_vector_spacing << 0x5))), function at exception vector 40 too large)

.vector_41      0x9d000720        0x8
 *(.vector_41)
 .vector_41     0x9d000720        0x8 c:/program files/microchip/xc32/v2.50/bin/bin/../../lib/gcc/pic32mx/4.8.3/../../../../pic32mx/lib\libpic32.a(vector41.o)
                0x9d000720                __vector_dispatch_41
                0x00000001                ASSERT (((_vector_spacing == 0x0) || (SIZEOF (.vector_41) <= (_vector_spacing << 0x5))), function at exception vector 41 too large)

.vector_42      0x9d000740        0x8
 *(.vector_42)
 .vector_42     0x9d000740        0x8 c:/program files/microchip/xc32/v2.50/bin/bin/../../lib/gcc/pic32mx/4.8.3/../../../../pic32mx/lib\libpic32.a(vector42.o)
                0x9d000740                __vector_dispatch_42
                0x00000001                ASSERT (((_vector_spacing == 0x0) || (SIZEOF (.vector_42) <= (_vector_spacing << 0x5))), function at exception vector 42 too large)

.vector_43      0x9d000760        0x8
 *(.vector_43)
 .vector_43     0x9d000760        0x8 c:/program files/microchip/xc32/v2.50/bin/bin/../../lib/gcc/pic32mx/4.8.3/../../../../pic32mx/lib\libpic32.a(vector43.o)
                0x9d000760                __vector_dispatch_43
                0x00000001                ASSERT (((_vector_spacing == 0x0) || (SIZEOF (.vector_43) <= (_vector_spacing << 0x5))), function at exception vector 43 too large)

.vector_44      0x9d000780        0x8
 *(.vector_44)
 .vector_44     0x9d000780        0x8 c:/program files/microchip/xc32/v2.50/bin/bin/../../lib/gcc/pic32mx/4.8.3/../../../../pic32mx/lib\libpic32.a(vector44.o)
                0x9d000780                __vector_dispatch_44
                0x00000001                ASSERT (((_vector_spacing == 0x0) || (SIZEOF (.vector_44) <= (_vector_spacing << 0x5))), function at exception vector 44 too large)

.vector_45      0x9d0007a0        0x8
 *(.vector_45)
 .vector_45     0x9d0007a0        0x8 c:/program files/microchip/xc32/v2.50/bin/bin/../../lib/gcc/pic32mx/4.8.3/../../../../pic32mx/lib\libpic32.a(vector45.o)
                0x9d0007a0                __vector_dispatch_45
                0x00000001                ASSERT (((_vector_spacing == 0x0) || (SIZEOF (.vector_45) <= (_vector_spacing << 0x5))), function at exception vector 45 too large)

.vector_46      0x9d0007c0        0x8
 *(.vector_46)
 .vector_46     0x9d0007c0        0x8 c:/program files/microchip/xc32/v2.50/bin/bin/../../lib/gcc/pic32mx/4.8.3/../../../../pic32mx/lib\libpic32.a(vector46.o)
                0x9d0007c0                __vector_dispatch_46
                0x00000001                ASSERT (((_vector_spacing == 0x0) || (SIZEOF (.vector_46) <= (_vector_spacing << 0x5))), function at exception vector 46 too large)

.vector_47      0x9d0007e0        0x8
 *(.vector_47)
 .vector_47     0x9d0007e0        0x8 c:/program files/microchip/xc32/v2.50/bin/bin/../../lib/gcc/pic32mx/4.8.3/../../../../pic32mx/lib\libpic32.a(vector47.o)
                0x9d0007e0                __vector_dispatch_47
                0x00000001                ASSERT (((_vector_spacing == 0x0) || (SIZEOF (.vector_47) <= (_vector_spacing << 0x5))), function at exception vector 47 too large)

.vector_48      0x9d000800        0x8
 *(.vector_48)
 .vector_48     0x9d000800        0x8 c:/program files/microchip/xc32/v2.50/bin/bin/../../lib/gcc/pic32mx/4.8.3/../../../../pic32mx/lib\libpic32.a(vector48.o)
                0x9d000800                __vector_dispatch_48
                0x00000001                ASSERT (((_vector_spacing == 0x0) || (SIZEOF (.vector_48) <= (_vector_spacing << 0x5))), function at exception vector 48 too large)

.vector_49      0x9d000820        0x8
 *(.vector_49)
 .vector_49     0x9d000820        0x8 c:/program files/microchip/xc32/v2.50/bin/bin/../../lib/gcc/pic32mx/4.8.3/../../../../pic32mx/lib\libpic32.a(vector49.o)
                0x9d000820                __vector_dispatch_49
                0x00000001                ASSERT (((_vector_spacing == 0x0) || (SIZEOF (.vector_49) <= (_vector_spacing << 0x5))), function at exception vector 49 too large)

.vector_50      0x9d000840        0x8
 *(.vector_50)
 .vector_50     0x9d000840        0x8 c:/program files/microchip/xc32/v2.50/bin/bin/../../lib/gcc/pic32mx/4.8.3/../../../../pic32mx/lib\libpic32.a(vector50.o)
                0x9d000840                __vector_dispatch_50
                0x00000001                ASSERT (((_vector_spacing == 0x0) || (SIZEOF (.vector_50) <= (_vector_spacing << 0x5))), function at exception vector 50 too large)

.vector_51      0x9d000860        0x8
 *(.vector_51)
 .vector_51     0x9d000860        0x8 c:/program files/microchip/xc32/v2.50/bin/bin/../../lib/gcc/pic32mx/4.8.3/../../../../pic32mx/lib\libpic32.a(vector51.o)
                0x9d000860                __vector_dispatch_51
                0x00000001                ASSERT (((_vector_spacing == 0x0) || (SIZEOF (.vector_51) <= (_vector_spacing << 0x5))), function at exception vector 51 too large)

.vector_52      0x9d000880        0x0
 *(.vector_52)
                0x00000001                ASSERT (((_vector_spacing == 0x0) || (SIZEOF (.vector_52) <= (_vector_spacing << 0x5))), function at exception vector 52 too large)

.vector_53      0x9d0008a0        0x0
 *(.vector_53)
                0x00000001                ASSERT (((_vector_spacing == 0x0) || (SIZEOF (.vector_53) <= (_vector_spacing << 0x5))), function at exception vector 53 too large)

.vector_54      0x9d0008c0        0x0
 *(.vector_54)
                0x00000001                ASSERT (((_vector_spacing == 0x0) || (SIZEOF (.vector_54) <= (_vector_spacing << 0x5))), function at exception vector 54 too large)

.vector_55      0x9d0008e0        0x0
 *(.vector_55)
                0x00000001                ASSERT (((_vector_spacing == 0x0) || (SIZEOF (.vector_55) <= (_vector_spacing << 0x5))), function at exception vector 55 too large)

.vector_56      0x9d000900        0x0
 *(.vector_56)
                0x00000001                ASSERT (((_vector_spacing == 0x0) || (SIZEOF (.vector_56) <= (_vector_spacing << 0x5))), function at exception vector 56 too large)

.vector_57      0x9d000920        0x0
 *(.vector_57)
                0x00000001                ASSERT (((_vector_spacing == 0x0) || (SIZEOF (.vector_57) <= (_vector_spacing << 0x5))), function at exception vector 57 too large)

.vector_58      0x9d000940        0x0
 *(.vector_58)
                0x00000001                ASSERT (((_vector_spacing == 0x0) || (SIZEOF (.vector_58) <= (_vector_spacing << 0x5))), function at exception vector 58 too large)

.vector_59      0x9d000960        0x0
 *(.vector_59)
                0x00000001                ASSERT (((_vector_spacing == 0x0) || (SIZEOF (.vector_59) <= (_vector_spacing << 0x5))), function at exception vector 59 too large)

.vector_60      0x9d000980        0x0
 *(.vector_60)
                0x00000001                ASSERT (((_vector_spacing == 0x0) || (SIZEOF (.vector_60) <= (_vector_spacing << 0x5))), function at exception vector 60 too large)

.vector_61      0x9d0009a0        0x0
 *(.vector_61)
                0x00000001                ASSERT (((_vector_spacing == 0x0) || (SIZEOF (.vector_61) <= (_vector_spacing << 0x5))), function at exception vector 61 too large)

.vector_62      0x9d0009c0        0x0
 *(.vector_62)
                0x00000001                ASSERT (((_vector_spacing == 0x0) || (SIZEOF (.vector_62) <= (_vector_spacing << 0x5))), function at exception vector 62 too large)

.vector_63      0x9d0009e0        0x0
 *(.vector_63)
                0x00000001                ASSERT (((_vector_spacing == 0x0) || (SIZEOF (.vector_63) <= (_vector_spacing << 0x5))), function at exception vector 63 too large)

.startup
 *(.startup)

.text           0x9d001490        0x0
 *(.stub .gnu.linkonce.t.*)
 *(.text.*personality*)
 *(.mips16.fn.*)
 *(.mips16.call.*)
 *(.gnu.warning)
                0x9d001490                . = ALIGN (0x4)

.init           0x9d001490        0x0
 *crti.o(.init)
 *crtbegin.o(.init)
 *(EXCLUDE_FILE(*crtn.o *crtend?.o *crtend.o) .init)
 *crtend.o(.init)
 *crtn.o(.init)
                0x9d001490                . = ALIGN (0x4)

.fini           0x9d001490        0x0
 *(.fini)
                0x9d001490                . = ALIGN (0x4)

.preinit_array  0x9d001490        0x0
                0x9d001490                PROVIDE (__preinit_array_start, .)
 *(.preinit_array)
                0x9d001490                PROVIDE (__preinit_array_end, .)
                0x9d001490                . = ALIGN (0x4)

.init_array     0x9d001490        0x0
                0x9d001490                PROVIDE (__init_array_start, .)
 *(SORT(.init_array.*))
 *(.init_array)
                0x9d001490                PROVIDE (__init_array_end, .)
                0x9d001490                . = ALIGN (0x4)

.fini_array     0x9d001490        0x0
                0x9d001490                PROVIDE (__fini_array_start, .)
 *(SORT(.fini_array.*))
 *(.fini_array)
                0x9d001490                PROVIDE (__fini_array_end, .)
                0x9d001490                . = ALIGN (0x4)

.ctors          0x9d001490        0x0
 *crtbegin.o(.ctors)
 *crtbegin?.o(.ctors)
 *(EXCLUDE_FILE(*crtend?.o *crtend.o) .ctors)
 *(SORT(.ctors.*))
 *(.ctors)
                0x9d001490                . = ALIGN (0x4)

.dtors          0x9d001490        0x0
 *crtbegin.o(.dtors)
 *crtbegin?.o(.dtors)
 *(EXCLUDE_FILE(*crtend?.o *crtend.o) .dtors)
 *(SORT(.dtors.*))
 *(.dtors)
                0x9d001490                . = ALIGN (0x4)

.rodata         0x9d001490        0x0
 *(.gnu.linkonce.r.*)
 *(.rodata1)
                0x9d001490                . = ALIGN (0x4)

.sdata2         0x9d000000        0x0
 *(.sdata2 .sdata2.* .gnu.linkonce.s2.*)
                0x9d000000                . = ALIGN (0x4)

.sbss2          0x9d000000        0x0
 *(.sbss2 .sbss2.* .gnu.linkonce.sb2.*)
                0x9d000000                . = ALIGN (0x4)

.eh_frame_hdr
 *(.eh_frame_hdr)
                0x9d000000                . = ALIGN (0x4)

.eh_frame
 *(.eh_frame)
                0x9d000000                . = ALIGN (0x4)

.gcc_except_table
 *(.gcc_except_table .gcc_except_table.*)
                0x9d000000                . = ALIGN (0x4)

.dbg_data       0xa0000000        0x0
                0xa0000000                . = (. + DEFINED (_DEBUGGER)?0x200:0x0)

.jcr            0xa0000000        0x0
 *(.jcr)
                0xa0000000                . = ALIGN (0x4)

.eh_frame
 *(.eh_frame)
                0xa0000000                . = ALIGN (0x4)

.gcc_except_table
 *(.gcc_except_table .gcc_except_table.*)
                0xa0000000                . = ALIGN (0x4)

.persist        0xa0000000        0x0
                0xa0000000                _persist_begin = .
 *(.persist .persist.*)
 *(.pbss .pbss.*)
                0xa0000000                . = ALIGN (0x4)
                0xa0000000                _persist_end = .

.data           0xa0000000        0x0
 *(.gnu.linkonce.d.*)
 *(.data1)
                0xa0000000                . = ALIGN (0x4)
                0xa0000000                . = .
                0xa0007ff0                _gp = (ALIGN (0x10) + 0x7ff0)

.got            0xa0000000        0x0
 *(.got.plt)
 *(.got)
                0xa0000000                . = ALIGN (0x4)

.sdata          0xa0000000       0x40
                0xa0000000                _sdata_begin = .
 *(.sdata .sdata.* .gnu.linkonce.s.*)
 .sdata         0xa0000000        0x4 build/USUAL/production/oemInputAveraging.o
 .sdata         0xa0000004       0x14 build/USUAL/production/oemMain.o
                0xa0000004                lowestCoolerTemp
                0xa0000008                highestCoolerTemp
                0xa000000c                highestHeaterTemp
                0xa0000010                lowestGasPressure
                0xa0000014                highestGasPressure
 .sdata         0xa0000018        0x8 build/USUAL/production/mmc.o
                0xa0000018                sd_protected
 .sdata         0xa0000020        0x8 build/USUAL/production/logRun.o
 .sdata         0xa0000028        0x4 ..\..\kernel\Unison.a(thread.o)
                0xa0000028                _IdleThreadStack
 .sdata         0xa000002c       0x14 ..\..\kernel\Unison.a(timer_tick.o)
                0xa000002c                _Timer_period
                0xa0000030                TimerQ
                0xa0000038                UpTime
                0xa0000040                . = ALIGN (0x4)
                0xa0000040                _sdata_end = .

.lit8
 *(.lit8)

.lit4
 *(.lit4)
                0xa0000040                . = ALIGN (0x4)
                0xa0000040                _data_end = .
                0xa0000040                _bss_begin = .

.sbss           0xa0000040      0x14c
                0xa0000040                _sbss_begin = .
 *(.dynsbss)
 *(.sbss .sbss.* .gnu.linkonce.sb.*)
 .sbss          0xa0000040       0x10 build/USUAL/production/oemInputAveraging.o
 .sbss          0xa0000050       0x14 build/USUAL/production/oemMain.o
                0xa0000050                lowestHeaterTemp
                0xa0000054                displayTime
                0xa0000058                burstReadTime
                0xa000005c                fuelFeedTime
                0xa0000060                FeederTime
 .sbss          0xa0000064        0xc build/USUAL/production/setup.o
 .sbss          0xa0000070       0x1c build/USUAL/production/mmc.o
                0xa0000080                sd_block_num
                0xa0000084                sd_block_size
 .sbss          0xa000008c        0x4 build/USUAL/production/sd_spi.o
                0xa000008c                sdSPIHighSpeedEn
 .sbss          0xa0000090        0x4 build/USUAL/production/display.o
                0xa0000090                firstKey
                0xa0000091                secondKey
                0xa0000092                thirdKey
                0xa0000093                fourthKey
 .sbss          0xa0000094       0x28 build/USUAL/production/logRun.o
 .sbss          0xa00000bc        0xc build/USUAL/production/usb_composite.o
                0xa00000bc                recv_size
                0xa00000c0                send_size
                0xa00000c4                errNumber
 .sbss          0xa00000c8        0x1 ..\..\servers\fsys-fatfs\fsys-fatfs.a(fsysmain.o)
                0xa00000c8                debug_en
 *fill*         0xa00000c9        0x1 
 .sbss          0xa00000ca        0x2 ..\..\servers\fsys-fatfs\fsys-fatfs.a(ff.o)
 .sbss          0xa00000cc        0xc ..\..\servers\usb\device\usbd_core\usbd_core.a(usbd_core.o)
                0xa00000cc                drv_list
 .sbss          0xa00000d8        0x1 ..\..\servers\usb\device\usbd_pic32x_port\usbd_pic32x_port.a(usbd_pic32_hw.o)
 .sbss          0xa00000d9        0x1 ..\..\servers\usb\device\usbd_msc_driver\usbd_msc_driver.a(usbd_msc.o)
                0xa00000d9                usbd_msc_altset
 *fill*         0xa00000da        0x2 
 .sbss          0xa00000dc        0x8 ..\..\servers\usb\device\usbd_cdc_serial_driver\usbd_cdc_serial_driver.a(usbd_serial.o)
                0xa00000e0                usbd_cdc_altset
 .sbss          0xa00000e4        0x4 ..\..\kernel\Unison.a(dirstubs.o)
                0xa00000e4                tHead
 .sbss          0xa00000e8        0x4 ..\..\kernel\Unison.a(mq_open.o)
                0xa00000e8                qHead
 .sbss          0xa00000ec        0x4 ..\..\kernel\Unison.a(pool.o)
 .sbss          0xa00000f0        0x8 ..\..\kernel\Unison.a(thread.o)
                0xa00000f0                errno
                0xa00000f4                pthreadStackFill
 .sbss          0xa00000f8        0x8 ..\..\kernel\Unison.a(timer_tick.o)
                0xa00000f8                CurrentTime
 .sbss          0xa0000100        0x8 ..\..\kernel\Unison.a(context.o)
                0xa0000100                _Active
                0xa0000104                _isrlevel
                0xa0000106                _locklevel
 .sbss          0xa0000108       0x10 ..\..\kernel\Unison.a(interrupt.o)
                0xa0000108                _isrunused
                0xa000010c                _isrStackSize
                0xa0000110                _isrStackFill
                0xa0000114                _isr_stack_limit
 .sbss          0xa0000118        0x4 ..\..\kernel\Unison.a(kfatal.o)
                0xa0000118                KFATAL
 .sbss          0xa000011c        0x4 ..\..\kernel\Unison.a(threads_utilization.o)
                0xa000011c                _threads_count
 *(.scommon)
 .scommon       0xa0000120        0x8 build/USUAL/production/oemMain.o
                0xa0000120                currentTime
 .scommon       0xa0000128        0x4 build/USUAL/production/malloc.o
                0xa0000128                HeapSize
 .scommon       0xa000012c        0x2 build/USUAL/production/analogSensor10bit.o
                0xa000012c                channel3
 *fill*         0xa000012e        0x2 
 .scommon       0xa0000130       0x14 build/USUAL/production/onBoardRTCC.o
                0xa0000130                RTCram
                0xa0000134                RTCclkBuffert
                0xa000013c                RTCclk
 .scommon       0xa0000144        0x8 build/USUAL/production/main.o
                0xa0000144                previousLoggedTime
                0xa0000148                burst_previousLoggedTime
 .scommon       0xa000014c        0xc ..\..\servers\fsys-fatfs\fsys-fatfs.a(diskio.o)
                0xa000014c                drivers
                0xa0000150                file_systems
                0xa0000154                _DRIVES
 .scommon       0xa0000158        0x8 ..\..\servers\fsys-fatfs\fsys-fatfs.a(path.o)
                0xa0000158                opendirs
 .scommon       0xa0000160        0x4 ..\..\servers\fsys-fatfs\fsys-fatfs.a(ff.o)
                0xa0000160                FatFs
 .scommon       0xa0000164        0x4 ..\..\servers\usb\usb_server\usb_server.a(usb_server.o)
                0xa0000164                srev_cores
 .scommon       0xa0000168        0x8 ..\..\servers\usb\device\usbd_core\usbd_core.a(usbd_core.o)
                0xa0000168                usbd
 .scommon       0xa0000170        0x4 ..\..\servers\usb\device\usbd_cdc_serial_driver\usbd_cdc_serial_driver.a(usbd_serial.o)
                0xa0000170                usbd_uart_lst
 .scommon       0xa0000174        0x4 ..\..\servers\usb\device\usbd_cdc_serial_driver\usbd_cdc_serial_driver.a(usbd_setup.o)
                0xa0000174                cur_state_usb
 .scommon       0xa0000178        0x8 ..\..\kernel\Unison.a(thread.o)
                0xa0000178                pthreadStackDefault
                0xa000017c                IdleID
 .scommon       0xa0000180        0x4 ..\..\kernel\Unison.a(context.o)
                0xa0000180                prio_q
 .scommon       0xa0000184        0x4 ..\..\kernel\Unison.a(threads_utilization.o)
                0xa0000184                _threads_table
 .scommon       0xa0000188        0x4 ..\..\servers\tty\tty.a(pic32.o)
                0xa0000188                cur_state
                0xa000018c                _sbss_end = .
                0xa000018c                . = ALIGN (0x4)

.bss            0xa0000200     0x130c
 *(.dynbss)
 *(COMMON)
 COMMON         0xa0000200      0x480 build/USUAL/production/setup.o
                0xa0000200                debug_buffer
                0xa0000280                _isr_stack
 COMMON         0xa0000680       0x30 build/USUAL/production/mutex.o
                0xa0000680                speedControl_mut
                0xa000068c                spi_mut
                0xa0000698                bufRead_mut
                0xa00006a4                bufWrite_mut
 COMMON         0xa00006b0        0xc build/USUAL/production/mmc.o
                0xa00006b0                spi_mutex
 COMMON         0xa00006bc       0x10 build/USUAL/production/onBoardADC.o
                0xa00006bc                adcresult
 COMMON         0xa00006cc      0x334 build/USUAL/production/readConfig.o
                0xa00006cc                variableNames
                0xa00008c0                variableValues
 COMMON         0xa0000a00       0x20 build/USUAL/production/logRun.o
                0xa0000a00                logData
 COMMON         0xa0000a20       0x24 ..\..\servers\fsys-fatfs\fsys-fatfs.a(path.o)
                0xa0000a20                mounttab
                0xa0000a30                openfiles
 COMMON         0xa0000a44       0x80 ..\..\servers\usb\device\usbd_pic32x_port\usbd_pic32x_port.a(usbd_pic32_hw.o)
                0xa0000a44                setup_packet
 *fill*         0xa0000ac4      0x13c 
 COMMON         0xa0000c00      0x5e0 ..\..\servers\usb\device\usbd_pic32x_port\usbd_pic32x_port.a(usbd_pipe.o)
                0xa0000c00                Pipe
                0xa0001000                g_BDT
 COMMON         0xa00011e0       0x20 ..\..\servers\usb\device\usbd_msc_driver\usbd_msc_driver.a(usbd_msc_scsi.o)
                0xa00011e0                SCSI_Sense
 COMMON         0xa0001200       0x14 ..\..\servers\usb\device\usbd_cdc_serial_driver\usbd_cdc_serial_driver.a(usbd_serial.o)
                0xa0001200                cdc_interface
 COMMON         0xa0001214       0x88 ..\..\kernel\Unison.a(thread.o)
                0xa0001214                _Ready_q
 COMMON         0xa000129c      0x270 ..\..\kernel\Unison.a(interrupt.o)
                0xa000129c                _interruptTable
                0xa000136c                _spTable
                0xa000143c                _argTable
                0xa000150c                . = ALIGN ((. != 0x0)?0x4:0x1)
                0xa000150c                . = ALIGN (0x4)
                0xa000150c                _end = .
                0xa000150c                _bss_end = .

.app_header
 *(.appheader)
 *(.appheader*)
                0x00020000                _bmxdudba_address = 0x20000
                0x00020000                _bmxdupba_address = 0x20000

/DISCARD/
 *(.pdr)
 *(.rel.dyn)
 *(.note.GNU-stack)
 *(.note.GNU-stack)
 *(.gnu_debuglink)
 *(.gnu.lto_*)
 *(.discard)

.gptab.sdata
 *(.gptab.data)
 *(.gptab.sdata)

.gptab.sbss
 *(.gptab.bss)
 *(.gptab.sbss)

.mdebug.abi32   0xa000150c        0x0
 *(.mdebug.abi32)
 .mdebug.abi32  0xa000150c        0x0 build/USUAL/production/oemGSM.o
 .mdebug.abi32  0xa000150c        0x0 build/USUAL/production/oemInputAcquisition.o
 .mdebug.abi32  0xa000150c        0x0 build/USUAL/production/oemInputAveraging.o
 .mdebug.abi32  0xa000150c        0x0 build/USUAL/production/oemLog.o
 .mdebug.abi32  0xa000150c        0x0 build/USUAL/production/oemMain.o
 .mdebug.abi32  0xa000150c        0x0 build/USUAL/production/oemOutputControl.o
 .mdebug.abi32  0xa000150c        0x0 build/USUAL/production/oemSaveReadParameter.o
 .mdebug.abi32  0xa000150c        0x0 build/USUAL/production/oemSendRecvUsb.o
 .mdebug.abi32  0xa000150c        0x0 build/USUAL/production/oemCalculations.o
 .mdebug.abi32  0xa000150c        0x0 build/USUAL/production/oemDisplay.o
 .mdebug.abi32  0xa000150c        0x0 build/USUAL/production/oemFunctions.o
 .mdebug.abi32  0xa000150c        0x0 build/USUAL/production/malloc.o
 .mdebug.abi32  0xa000150c        0x0 build/USUAL/production/setup.o
 .mdebug.abi32  0xa000150c        0x0 build/USUAL/production/mutex.o
 .mdebug.abi32  0xa000150c        0x0 build/USUAL/production/mmc.o
 .mdebug.abi32  0xa000150c        0x0 build/USUAL/production/sd_spi.o
 .mdebug.abi32  0xa000150c        0x0 build/USUAL/production/configurations.o
 .mdebug.abi32  0xa000150c        0x0 build/USUAL/production/speedControl.o
 .mdebug.abi32  0xa000150c        0x0 build/USUAL/production/tcp_server.o
 .mdebug.abi32  0xa000150c        0x0 build/USUAL/production/tcp_start.o
 .mdebug.abi32  0xa000150c        0x0 build/USUAL/production/timeDifference.o
 .mdebug.abi32  0xa000150c        0x0 build/USUAL/production/wrapper.o
 .mdebug.abi32  0xa000150c        0x0 build/USUAL/production/analogSensor10bit.o
 .mdebug.abi32  0xa000150c        0x0 build/USUAL/production/analogToPhysical.o
 .mdebug.abi32  0xa000150c        0x0 build/USUAL/production/buzzer.o
 .mdebug.abi32  0xa000150c        0x0 build/USUAL/production/common.o
 .mdebug.abi32  0xa000150c        0x0 build/USUAL/production/display.o
 .mdebug.abi32  0xa000150c        0x0 build/USUAL/production/melacs_spi.o
 .mdebug.abi32  0xa000150c        0x0 build/USUAL/production/onBoardADC.o
 .mdebug.abi32  0xa000150c        0x0 build/USUAL/production/onBoardRTCC.o
 .mdebug.abi32  0xa000150c        0x0 build/USUAL/production/readConfig.o
 .mdebug.abi32  0xa000150c        0x0 build/USUAL/production/sensorValueConvertion.o
 .mdebug.abi32  0xa000150c        0x0 build/USUAL/production/sensors.o
 .mdebug.abi32  0xa000150c        0x0 build/USUAL/production/hBridge.o
 .mdebug.abi32  0xa000150c        0x0 build/USUAL/production/logRun.o
 .mdebug.abi32  0xa000150c        0x0 build/USUAL/production/usb_composite.o
 .mdebug.abi32  0xa000150c        0x0 build/USUAL/production/threeWayValve.o
 .mdebug.abi32  0xa000150c        0x0 build/USUAL/production/main.o
 .mdebug.abi32  0xa000150c        0x0 build/USUAL/production/alarmStrings.o
 .mdebug.abi32  0xa000150c        0x0 ..\..\servers\fsys-fatfs\fsys-fatfs.a(addfs.o)
 .mdebug.abi32  0xa000150c        0x0 ..\..\servers\fsys-fatfs\fsys-fatfs.a(diskio.o)
 .mdebug.abi32  0xa000150c        0x0 ..\..\servers\fsys-fatfs\fsys-fatfs.a(fsysmain.o)
 .mdebug.abi32  0xa000150c        0x0 ..\..\servers\fsys-fatfs\fsys-fatfs.a(getdirentries.o)
 .mdebug.abi32  0xa000150c        0x0 ..\..\servers\fsys-fatfs\fsys-fatfs.a(lseek.o)
 .mdebug.abi32  0xa000150c        0x0 ..\..\servers\fsys-fatfs\fsys-fatfs.a(mkdir.o)
 .mdebug.abi32  0xa000150c        0x0 ..\..\servers\fsys-fatfs\fsys-fatfs.a(mkfs.o)
 .mdebug.abi32  0xa000150c        0x0 ..\..\servers\fsys-fatfs\fsys-fatfs.a(mount.o)
 .mdebug.abi32  0xa000150c        0x0 ..\..\servers\fsys-fatfs\fsys-fatfs.a(open.o)
 .mdebug.abi32  0xa000150c        0x0 ..\..\servers\fsys-fatfs\fsys-fatfs.a(path.o)
 .mdebug.abi32  0xa000150c        0x0 ..\..\servers\fsys-fatfs\fsys-fatfs.a(readwrit.o)
 .mdebug.abi32  0xa000150c        0x0 ..\..\servers\fsys-fatfs\fsys-fatfs.a(rename.o)
 .mdebug.abi32  0xa000150c        0x0 ..\..\servers\fsys-fatfs\fsys-fatfs.a(rmdir.o)
 .mdebug.abi32  0xa000150c        0x0 ..\..\servers\fsys-fatfs\fsys-fatfs.a(stat.o)
 .mdebug.abi32  0xa000150c        0x0 ..\..\servers\fsys-fatfs\fsys-fatfs.a(sync.o)
 .mdebug.abi32  0xa000150c        0x0 ..\..\servers\fsys-fatfs\fsys-fatfs.a(umount.o)
 .mdebug.abi32  0xa000150c        0x0 ..\..\servers\fsys-fatfs\fsys-fatfs.a(unlink.o)
 .mdebug.abi32  0xa000150c        0x0 ..\..\servers\fsys-fatfs\fsys-fatfs.a(chmod.o)
 .mdebug.abi32  0xa000150c        0x0 ..\..\servers\fsys-fatfs\fsys-fatfs.a(close.o)
 .mdebug.abi32  0xa000150c        0x0 ..\..\servers\fsys-fatfs\fsys-fatfs.a(ff.o)
 .mdebug.abi32  0xa000150c        0x0 ..\..\servers\fsys-fatfs\fsys-fatfs.a(fstime.o)
 .mdebug.abi32  0xa000150c        0x0 ..\..\servers\fsys-fatfs\fsys-fatfs.a(ccsbcs.o)
 .mdebug.abi32  0xa000150c        0x0 ..\..\iolib\iolib.a(close.o)
 .mdebug.abi32  0xa000150c        0x0 ..\..\iolib\iolib.a(fstat.o)
 .mdebug.abi32  0xa000150c        0x0 ..\..\iolib\iolib.a(ioctl.o)
 .mdebug.abi32  0xa000150c        0x0 ..\..\iolib\iolib.a(lseek.o)
 .mdebug.abi32  0xa000150c        0x0 ..\..\iolib\iolib.a(mkdir.o)
 .mdebug.abi32  0xa000150c        0x0 ..\..\iolib\iolib.a(mount.o)
 .mdebug.abi32  0xa000150c        0x0 ..\..\iolib\iolib.a(open.o)
 .mdebug.abi32  0xa000150c        0x0 ..\..\iolib\iolib.a(pathlook.o)
 .mdebug.abi32  0xa000150c        0x0 ..\..\iolib\iolib.a(read.o)
 .mdebug.abi32  0xa000150c        0x0 ..\..\iolib\iolib.a(ucb.o)
 .mdebug.abi32  0xa000150c        0x0 ..\..\iolib\iolib.a(umount.o)
 .mdebug.abi32  0xa000150c        0x0 ..\..\iolib\iolib.a(write.o)
 .mdebug.abi32  0xa000150c        0x0 ..\..\servers\usb\usb_server\usb_server.a(usb_server.o)
 .mdebug.abi32  0xa000150c        0x0 ..\..\servers\usb\device\usbd_core\usbd_core.a(usbd_core.o)
 .mdebug.abi32  0xa000150c        0x0 ..\..\servers\usb\device\usbd_core\usbd_core.a(usbd_descriptor.o)
 .mdebug.abi32  0xa000150c        0x0 ..\..\servers\usb\device\usbd_pic32x_port\usbd_pic32x_port.a(usbd_core.o)
 .mdebug.abi32  0xa000150c        0x0 ..\..\servers\usb\device\usbd_pic32x_port\usbd_pic32x_port.a(usbd_init.o)
 .mdebug.abi32  0xa000150c        0x0 ..\..\servers\usb\device\usbd_pic32x_port\usbd_pic32x_port.a(usbd_pic32_hw.o)
 .mdebug.abi32  0xa000150c        0x0 ..\..\servers\usb\device\usbd_pic32x_port\usbd_pic32x_port.a(usbd_pipe.o)
 .mdebug.abi32  0xa000150c        0x0 ..\..\servers\usb\device\usbd_msc_driver\usbd_msc_driver.a(usbd_msc.o)
 .mdebug.abi32  0xa000150c        0x0 ..\..\servers\usb\device\usbd_msc_driver\usbd_msc_driver.a(usbd_msc_bot.o)
 .mdebug.abi32  0xa000150c        0x0 ..\..\servers\usb\device\usbd_msc_driver\usbd_msc_driver.a(usbd_msc_scsi.o)
 .mdebug.abi32  0xa000150c        0x0 ..\..\servers\usb\device\usbd_cdc_serial_driver\usbd_cdc_serial_driver.a(usbd_serial.o)
 .mdebug.abi32  0xa000150c        0x0 ..\..\servers\usb\device\usbd_cdc_serial_driver\usbd_cdc_serial_driver.a(usbd_setup.o)
 .mdebug.abi32  0xa000150c        0x0 ..\..\kernel\Unison.a(clock_gettime.o)
 .mdebug.abi32  0xa000150c        0x0 ..\..\kernel\Unison.a(clock_init.o)
 .mdebug.abi32  0xa000150c        0x0 ..\..\kernel\Unison.a(clock_settime.o)
 .mdebug.abi32  0xa000150c        0x0 ..\..\kernel\Unison.a(dirstubs.o)
 .mdebug.abi32  0xa000150c        0x0 ..\..\kernel\Unison.a(kalloc.o)
 .mdebug.abi32  0xa000150c        0x0 ..\..\kernel\Unison.a(mq_close.o)
 .mdebug.abi32  0xa000150c        0x0 ..\..\kernel\Unison.a(mq_open.o)
 .mdebug.abi32  0xa000150c        0x0 ..\..\kernel\Unison.a(mq_receive.o)
 .mdebug.abi32  0xa000150c        0x0 ..\..\kernel\Unison.a(mq_send.o)
 .mdebug.abi32  0xa000150c        0x0 ..\..\kernel\Unison.a(mq_unlink.o)
 .mdebug.abi32  0xa000150c        0x0 ..\..\kernel\Unison.a(mr_init.o)
 .mdebug.abi32  0xa000150c        0x0 ..\..\kernel\Unison.a(mr_receive.o)
 .mdebug.abi32  0xa000150c        0x0 ..\..\kernel\Unison.a(mr_reply.o)
 .mdebug.abi32  0xa000150c        0x0 ..\..\kernel\Unison.a(mr_send.o)
 .mdebug.abi32  0xa000150c        0x0 ..\..\kernel\Unison.a(mr_sigpost.o)
 .mdebug.abi32  0xa000150c        0x0 ..\..\kernel\Unison.a(nanosleep.o)
 .mdebug.abi32  0xa000150c        0x0 ..\..\kernel\Unison.a(pool.o)
 .mdebug.abi32  0xa000150c        0x0 ..\..\kernel\Unison.a(pthread_attr_init.o)
 .mdebug.abi32  0xa000150c        0x0 ..\..\kernel\Unison.a(pthread_attr_setschedparam.o)
 .mdebug.abi32  0xa000150c        0x0 ..\..\kernel\Unison.a(pthread_attr_setstacksize.o)
 .mdebug.abi32  0xa000150c        0x0 ..\..\kernel\Unison.a(pthread_create.o)
 .mdebug.abi32  0xa000150c        0x0 ..\..\kernel\Unison.a(pthread_exit.o)
 .mdebug.abi32  0xa000150c        0x0 ..\..\kernel\Unison.a(pthread_mutex_init.o)
 .mdebug.abi32  0xa000150c        0x0 ..\..\kernel\Unison.a(pthread_mutex_lock.o)
 .mdebug.abi32  0xa000150c        0x0 ..\..\kernel\Unison.a(pthread_mutex_unlock.o)
 .mdebug.abi32  0xa000150c        0x0 ..\..\kernel\Unison.a(pthread_self.o)
 .mdebug.abi32  0xa000150c        0x0 ..\..\kernel\Unison.a(pthread_setcanceltype.o)
 .mdebug.abi32  0xa000150c        0x0 ..\..\kernel\Unison.a(sched_yield.o)
 .mdebug.abi32  0xa000150c        0x0 ..\..\kernel\Unison.a(tdalloc.o)
 .mdebug.abi32  0xa000150c        0x0 ..\..\kernel\Unison.a(thread.o)
 .mdebug.abi32  0xa000150c        0x0 ..\..\kernel\Unison.a(timer_settime.o)
 .mdebug.abi32  0xa000150c        0x0 ..\..\kernel\Unison.a(timer_tick.o)
 .mdebug.abi32  0xa000150c        0x0 ..\..\kernel\Unison.a(xprintf.o)
 .mdebug.abi32  0xa000150c        0x0 ..\..\kernel\Unison.a(context.o)
 .mdebug.abi32  0xa000150c        0x0 ..\..\kernel\Unison.a(interrupt.o)
 .mdebug.abi32  0xa000150c        0x0 ..\..\kernel\Unison.a(port.o)
 .mdebug.abi32  0xa000150c        0x0 ..\..\kernel\Unison.a(idle.o)
 .mdebug.abi32  0xa000150c        0x0 ..\..\kernel\Unison.a(queue.o)
 .mdebug.abi32  0xa000150c        0x0 ..\..\kernel\Unison.a(kfatal.o)
 .mdebug.abi32  0xa000150c        0x0 ..\..\kernel\Unison.a(threads_utilization.o)
 .mdebug.abi32  0xa000150c        0x0 ..\..\kernel\Unison.a(timer_gettime.o)
 .mdebug.abi32  0xa000150c        0x0 ..\..\servers\tty\tty.a(ttyserver.o)
 .mdebug.abi32  0xa000150c        0x0 ..\..\servers\tty\tty.a(pic32.o)
 .mdebug.abi32  0xa000150c        0x0 ..\..\stdio\stdiolib.a(snprintf.o)
 .mdebug.abi32  0xa000150c        0x0 ..\..\stdio\stdiolib.a(sprintf.o)
 .mdebug.abi32  0xa000150c        0x0 ..\..\stdio\stdiolib.a(doprnt.o)
 .mdebug.abi32  0xa000150c        0x0 ..\..\stdio\stdiolib.a(ecvt.o)
 .mdebug.abi32  0xa000150c        0x0 ..\..\stdio\stdiolib.a(fputc.o)
 .mdebug.abi32  0xa000150c        0x0 ..\..\stdio\stdiolib.a(gcvt.o)
 .mdebug.abi32  0xa000150c        0x0 c:/program files/microchip/xc32/v2.50/bin/bin/../../lib/gcc/pic32mx/4.8.3/../../../../pic32mx/lib\libmchp_peripheral.a(read_core_timer_lib.o)
 .mdebug.abi32  0xa000150c        0x0 c:/program files/microchip/xc32/v2.50/bin/bin/../../lib/gcc/pic32mx/4.8.3/../../../../pic32mx/lib\libmchp_peripheral_32MX795F512L.a(pcache.o)
 .mdebug.abi32  0xa000150c        0x0 c:/program files/microchip/xc32/v2.50/bin/bin/../../lib/gcc/pic32mx/4.8.3/../../../../pic32mx/lib\libmchp_peripheral_32MX795F512L.a(int_disable_interrupts_lib.o)
 .mdebug.abi32  0xa000150c        0x0 c:/program files/microchip/xc32/v2.50/bin/bin/../../lib/gcc/pic32mx/4.8.3/../../../../pic32mx/lib\libmchp_peripheral_32MX795F512L.a(int_restore_interrupts_lib.o)
 .mdebug.abi32  0xa000150c        0x0 c:/program files/microchip/xc32/v2.50/bin/bin/../../lib/gcc/pic32mx/4.8.3/../../../../pic32mx/lib\libmchp_peripheral_32MX795F512L.a(int_enable_sv_int_lib.o)
 .mdebug.abi32  0xa000150c        0x0 c:/program files/microchip/xc32/v2.50/bin/bin/../../lib/gcc/pic32mx/4.8.3/../../../../pic32mx/lib\libmchp_peripheral_32MX795F512L.a(int_tbl_lib.o)
 .mdebug.abi32  0xa000150c        0x0 c:/program files/microchip/xc32/v2.50/bin/bin/../../lib/gcc/pic32mx/4.8.3/../../../../pic32mx/lib\libmchp_peripheral_32MX795F512L.a(port_read_bits_lib.o)
 .mdebug.abi32  0xa000150c        0x0 c:/program files/microchip/xc32/v2.50/bin/bin/../../lib/gcc/pic32mx/4.8.3/../../../../pic32mx/lib\libmchp_peripheral_32MX795F512L.a(_ports_tbl_libp.o)
 .mdebug.abi32  0xa000150c        0x0 c:/program files/microchip/xc32/v2.50/bin/bin/../../lib/gcc/pic32mx/4.8.3/../../../../pic32mx/lib\libmchp_peripheral_32MX795F512L.a(int_enable_interrupts_lib.o)
 .mdebug.abi32  0xa000150c        0x0 c:/program files/microchip/xc32/v2.50/bin/bin/../../lib/gcc/pic32mx/4.8.3/../../../../pic32mx/lib\libpic32.a(default-bootstrap-exception-handler.o)
 .mdebug.abi32  0xa000150c        0x0 c:/program files/microchip/xc32/v2.50/bin/bin/../../lib/gcc/pic32mx/4.8.3/../../../../pic32mx/lib\libpic32.a(default-on-reset.o)
 .mdebug.abi32  0xa000150c        0x0 c:/program files/microchip/xc32/v2.50/bin/bin/../../lib/gcc/pic32mx/4.8.3/../../../../pic32mx/lib\libpic32.a(default-on-bootstrap.o)
 .mdebug.abi32  0xa000150c        0x0 c:/program files/microchip/xc32/v2.50/bin/bin/../../lib/gcc/pic32mx/4.8.3/../../../../pic32mx/lib\libpic32.a(default-general-exception-handler.o)
 .mdebug.abi32  0xa000150c        0x0 c:/program files/microchip/xc32/v2.50/bin/bin/../../lib/gcc/pic32mx/4.8.3/../../../../pic32mx/lib\libpic32.a(defaultinterrupt.o)
 .mdebug.abi32  0xa000150c        0x0 c:/program files/microchip/xc32/v2.50/bin/bin/../../lib/gcc/pic32mx/4.8.3/../../../../pic32mx/lib\libc.a(atoi.o)
 .mdebug.abi32  0xa000150c        0x0 c:/program files/microchip/xc32/v2.50/bin/bin/../../lib/gcc/pic32mx/4.8.3/../../../../pic32mx/lib\libc.a(ctype.o)
 .mdebug.abi32  0xa000150c        0x0 c:/program files/microchip/xc32/v2.50/bin/bin/../../lib/gcc/pic32mx/4.8.3/../../../../pic32mx/lib\libc.a(itoa.o)
 .mdebug.abi32  0xa000150c        0x0 c:/program files/microchip/xc32/v2.50/bin/bin/../../lib/gcc/pic32mx/4.8.3/../../../../pic32mx/lib\libc.a(strcat.o)
 .mdebug.abi32  0xa000150c        0x0 c:/program files/microchip/xc32/v2.50/bin/bin/../../lib/gcc/pic32mx/4.8.3/../../../../pic32mx/lib\libc.a(strchr.o)
 .mdebug.abi32  0xa000150c        0x0 c:/program files/microchip/xc32/v2.50/bin/bin/../../lib/gcc/pic32mx/4.8.3/../../../../pic32mx/lib\libc.a(strncat.o)
 .mdebug.abi32  0xa000150c        0x0 c:/program files/microchip/xc32/v2.50/bin/bin/../../lib/gcc/pic32mx/4.8.3/../../../../pic32mx/lib\libc.a(strncmp.o)
 .mdebug.abi32  0xa000150c        0x0 c:/program files/microchip/xc32/v2.50/bin/bin/../../lib/gcc/pic32mx/4.8.3/../../../../pic32mx/lib\libc.a(strncpy.o)
 .mdebug.abi32  0xa000150c        0x0 c:/program files/microchip/xc32/v2.50/bin/bin/../../lib/gcc/pic32mx/4.8.3/../../../../pic32mx/lib\libe.a(_unorddf2.o)

.mdebug.abiN32
 *(.mdebug.abiN32)

.mdebug.abi64
 *(.mdebug.abi64)

.mdebug.abiO64
 *(.mdebug.abiO64)

.mdebug.eabi32
 *(.mdebug.eabi32)

.mdebug.eabi64
 *(.mdebug.eabi64)

.gcc_compiled_long32
 *(.gcc_compiled_long32)

.gcc_compiled_long64
 *(.gcc_compiled_long64)

.stab
 *(.stab)

.stabstr
 *(.stabstr)

.stab.excl
 *(.stab.excl)

.stab.exclstr
 *(.stab.exclstr)

.stab.index
 *(.stab.index)

.stab.indexstr
 *(.stab.indexstr)

.comment        0x00000000      0x1ef
 *(.comment)
 .comment       0x00000000       0x3c build/USUAL/production/oemGSM.o
                                 0x3d (size before relaxing)
 .comment       0x00000000       0x3d build/USUAL/production/oemInputAcquisition.o
 .comment       0x00000000       0x3d build/USUAL/production/oemInputAveraging.o
 .comment       0x00000000       0x3d build/USUAL/production/oemLog.o
 .comment       0x00000000       0x3d build/USUAL/production/oemMain.o
 .comment       0x00000000       0x3d build/USUAL/production/oemOutputControl.o
 .comment       0x00000000       0x3d build/USUAL/production/oemSaveReadParameter.o
 .comment       0x00000000       0x3d build/USUAL/production/oemSendRecvUsb.o
 .comment       0x00000000       0x3d build/USUAL/production/oemCalculations.o
 .comment       0x00000000       0x3d build/USUAL/production/oemDisplay.o
 .comment       0x00000000       0x3d build/USUAL/production/oemFunctions.o
 .comment       0x00000000       0x3d build/USUAL/production/malloc.o
 .comment       0x00000000       0x3d build/USUAL/production/setup.o
 .comment       0x00000000       0x3d build/USUAL/production/mutex.o
 .comment       0x00000000       0x3d build/USUAL/production/mmc.o
 .comment       0x00000000       0x3d build/USUAL/production/sd_spi.o
 .comment       0x00000000       0x3d build/USUAL/production/configurations.o
 .comment       0x00000000       0x3d build/USUAL/production/speedControl.o
 .comment       0x00000000       0x3d build/USUAL/production/tcp_server.o
 .comment       0x00000000       0x3d build/USUAL/production/tcp_start.o
 .comment       0x00000000       0x3d build/USUAL/production/timeDifference.o
 .comment       0x00000000       0x3d build/USUAL/production/wrapper.o
 .comment       0x00000000       0x3d build/USUAL/production/analogSensor10bit.o
 .comment       0x00000000       0x3d build/USUAL/production/analogToPhysical.o
 .comment       0x00000000       0x3d build/USUAL/production/buzzer.o
 .comment       0x00000000       0x3d build/USUAL/production/common.o
 .comment       0x00000000       0x3d build/USUAL/production/display.o
 .comment       0x00000000       0x3d build/USUAL/production/melacs_spi.o
 .comment       0x00000000       0x3d build/USUAL/production/onBoardADC.o
 .comment       0x00000000       0x3d build/USUAL/production/onBoardRTCC.o
 .comment       0x00000000       0x3d build/USUAL/production/readConfig.o
 .comment       0x00000000       0x3d build/USUAL/production/sensorValueConvertion.o
 .comment       0x00000000       0x3d build/USUAL/production/sensors.o
 .comment       0x00000000       0x3d build/USUAL/production/hBridge.o
 .comment       0x00000000       0x3d build/USUAL/production/logRun.o
 .comment       0x00000000       0x3d build/USUAL/production/usb_composite.o
 .comment       0x00000000       0x3d build/USUAL/production/threeWayValve.o
 .comment       0x00000000       0x3d build/USUAL/production/main.o
 .comment       0x00000000       0x3d build/USUAL/production/alarmStrings.o
 .comment       0x00000000       0x3d ..\..\servers\fsys-fatfs\fsys-fatfs.a(addfs.o)
 .comment       0x00000000       0x3d ..\..\servers\fsys-fatfs\fsys-fatfs.a(diskio.o)
 .comment       0x00000000       0x3d ..\..\servers\fsys-fatfs\fsys-fatfs.a(fsysmain.o)
 .comment       0x00000000       0x3d ..\..\servers\fsys-fatfs\fsys-fatfs.a(getdirentries.o)
 .comment       0x00000000       0x3d ..\..\servers\fsys-fatfs\fsys-fatfs.a(lseek.o)
 .comment       0x00000000       0x3d ..\..\servers\fsys-fatfs\fsys-fatfs.a(mkdir.o)
 .comment       0x00000000       0x3d ..\..\servers\fsys-fatfs\fsys-fatfs.a(mkfs.o)
 .comment       0x00000000       0x3d ..\..\servers\fsys-fatfs\fsys-fatfs.a(mount.o)
 .comment       0x00000000       0x3d ..\..\servers\fsys-fatfs\fsys-fatfs.a(open.o)
 .comment       0x00000000       0x3d ..\..\servers\fsys-fatfs\fsys-fatfs.a(path.o)
 .comment       0x00000000       0x3d ..\..\servers\fsys-fatfs\fsys-fatfs.a(readwrit.o)
 .comment       0x00000000       0x3d ..\..\servers\fsys-fatfs\fsys-fatfs.a(rename.o)
 .comment       0x00000000       0x3d ..\..\servers\fsys-fatfs\fsys-fatfs.a(rmdir.o)
 .comment       0x00000000       0x3d ..\..\servers\fsys-fatfs\fsys-fatfs.a(stat.o)
 .comment       0x00000000       0x3d ..\..\servers\fsys-fatfs\fsys-fatfs.a(sync.o)
 .comment       0x00000000       0x3d ..\..\servers\fsys-fatfs\fsys-fatfs.a(umount.o)
 .comment       0x00000000       0x3d ..\..\servers\fsys-fatfs\fsys-fatfs.a(unlink.o)
 .comment       0x00000000       0x3d ..\..\servers\fsys-fatfs\fsys-fatfs.a(chmod.o)
 .comment       0x00000000       0x3d ..\..\servers\fsys-fatfs\fsys-fatfs.a(close.o)
 .comment       0x00000000       0x3d ..\..\servers\fsys-fatfs\fsys-fatfs.a(ff.o)
 .comment       0x00000000       0x3d ..\..\servers\fsys-fatfs\fsys-fatfs.a(fstime.o)
 .comment       0x00000000       0x3d ..\..\servers\fsys-fatfs\fsys-fatfs.a(ccsbcs.o)
 .comment       0x00000000       0x3d ..\..\iolib\iolib.a(close.o)
 .comment       0x00000000       0x3d ..\..\iolib\iolib.a(fstat.o)
 .comment       0x00000000       0x3d ..\..\iolib\iolib.a(ioctl.o)
 .comment       0x00000000       0x3d ..\..\iolib\iolib.a(lseek.o)
 .comment       0x00000000       0x3d ..\..\iolib\iolib.a(mkdir.o)
 .comment       0x00000000       0x3d ..\..\iolib\iolib.a(mount.o)
 .comment       0x00000000       0x3d ..\..\iolib\iolib.a(open.o)
 .comment       0x00000000       0x3d ..\..\iolib\iolib.a(pathlook.o)
 .comment       0x00000000       0x3d ..\..\iolib\iolib.a(read.o)
 .comment       0x00000000       0x3d ..\..\iolib\iolib.a(ucb.o)
 .comment       0x00000000       0x3d ..\..\iolib\iolib.a(umount.o)
 .comment       0x00000000       0x3d ..\..\iolib\iolib.a(write.o)
 .comment       0x0000003c       0x3c ..\..\servers\usb\usb_server\usb_server.a(usb_server.o)
                                 0x3d (size before relaxing)
 .comment       0x00000000       0x3d ..\..\servers\usb\device\usbd_core\usbd_core.a(usbd_core.o)
 .comment       0x00000000       0x3d ..\..\servers\usb\device\usbd_core\usbd_core.a(usbd_descriptor.o)
 .comment       0x00000000       0x3d ..\..\servers\usb\device\usbd_pic32x_port\usbd_pic32x_port.a(usbd_core.o)
 .comment       0x00000000       0x3d ..\..\servers\usb\device\usbd_pic32x_port\usbd_pic32x_port.a(usbd_init.o)
 .comment       0x00000000       0x3d ..\..\servers\usb\device\usbd_pic32x_port\usbd_pic32x_port.a(usbd_pic32_hw.o)
 .comment       0x00000000       0x3d ..\..\servers\usb\device\usbd_pic32x_port\usbd_pic32x_port.a(usbd_pipe.o)
 .comment       0x00000000       0x3d ..\..\servers\usb\device\usbd_msc_driver\usbd_msc_driver.a(usbd_msc.o)
 .comment       0x00000000       0x3d ..\..\servers\usb\device\usbd_msc_driver\usbd_msc_driver.a(usbd_msc_bot.o)
 .comment       0x00000000       0x3d ..\..\servers\usb\device\usbd_msc_driver\usbd_msc_driver.a(usbd_msc_scsi.o)
 .comment       0x00000000       0x3d ..\..\servers\usb\device\usbd_cdc_serial_driver\usbd_cdc_serial_driver.a(usbd_serial.o)
 .comment       0x00000000       0x3d ..\..\servers\usb\device\usbd_cdc_serial_driver\usbd_cdc_serial_driver.a(usbd_setup.o)
 .comment       0x00000000       0x3d ..\..\kernel\Unison.a(clock_gettime.o)
 .comment       0x00000000       0x3d ..\..\kernel\Unison.a(clock_init.o)
 .comment       0x00000000       0x3d ..\..\kernel\Unison.a(clock_settime.o)
 .comment       0x00000000       0x3d ..\..\kernel\Unison.a(dirstubs.o)
 .comment       0x00000000       0x3d ..\..\kernel\Unison.a(kalloc.o)
 .comment       0x00000000       0x3d ..\..\kernel\Unison.a(mq_close.o)
 .comment       0x00000000       0x3d ..\..\kernel\Unison.a(mq_open.o)
 .comment       0x00000000       0x3d ..\..\kernel\Unison.a(mq_receive.o)
 .comment       0x00000000       0x3d ..\..\kernel\Unison.a(mq_send.o)
 .comment       0x00000000       0x3d ..\..\kernel\Unison.a(mq_unlink.o)
 .comment       0x00000000       0x3d ..\..\kernel\Unison.a(mr_init.o)
 .comment       0x00000000       0x3d ..\..\kernel\Unison.a(mr_receive.o)
 .comment       0x00000000       0x3d ..\..\kernel\Unison.a(mr_reply.o)
 .comment       0x00000000       0x3d ..\..\kernel\Unison.a(mr_send.o)
 .comment       0x00000000       0x3d ..\..\kernel\Unison.a(mr_sigpost.o)
 .comment       0x00000000       0x3d ..\..\kernel\Unison.a(nanosleep.o)
 .comment       0x00000000       0x3d ..\..\kernel\Unison.a(pool.o)
 .comment       0x00000000       0x3d ..\..\kernel\Unison.a(pthread_attr_init.o)
 .comment       0x00000000       0x3d ..\..\kernel\Unison.a(pthread_attr_setschedparam.o)
 .comment       0x00000000       0x3d ..\..\kernel\Unison.a(pthread_attr_setstacksize.o)
 .comment       0x00000000       0x3d ..\..\kernel\Unison.a(pthread_create.o)
 .comment       0x00000000       0x3d ..\..\kernel\Unison.a(pthread_exit.o)
 .comment       0x00000000       0x3d ..\..\kernel\Unison.a(pthread_mutex_init.o)
 .comment       0x00000000       0x3d ..\..\kernel\Unison.a(pthread_mutex_lock.o)
 .comment       0x00000000       0x3d ..\..\kernel\Unison.a(pthread_mutex_unlock.o)
 .comment       0x00000000       0x3d ..\..\kernel\Unison.a(pthread_self.o)
 .comment       0x00000000       0x3d ..\..\kernel\Unison.a(pthread_setcanceltype.o)
 .comment       0x00000000       0x3d ..\..\kernel\Unison.a(sched_yield.o)
 .comment       0x00000000       0x3d ..\..\kernel\Unison.a(tdalloc.o)
 .comment       0x00000000       0x3d ..\..\kernel\Unison.a(thread.o)
 .comment       0x00000000       0x3d ..\..\kernel\Unison.a(timer_settime.o)
 .comment       0x00000000       0x3d ..\..\kernel\Unison.a(timer_tick.o)
 .comment       0x00000000       0x3d ..\..\kernel\Unison.a(xprintf.o)
 .comment       0x00000000       0x3d ..\..\kernel\Unison.a(context.o)
 .comment       0x00000000       0x3d ..\..\kernel\Unison.a(interrupt.o)
 .comment       0x00000000       0x3d ..\..\kernel\Unison.a(port.o)
 .comment       0x00000000       0x3d ..\..\kernel\Unison.a(idle.o)
 .comment       0x00000000       0x3d ..\..\kernel\Unison.a(queue.o)
 .comment       0x00000000       0x3d ..\..\kernel\Unison.a(kfatal.o)
 .comment       0x00000000       0x3d ..\..\kernel\Unison.a(threads_utilization.o)
 .comment       0x00000000       0x3d ..\..\kernel\Unison.a(timer_gettime.o)
 .comment       0x00000078       0x3c ..\..\servers\tty\tty.a(ttyserver.o)
                                 0x3d (size before relaxing)
 .comment       0x00000000       0x3d ..\..\servers\tty\tty.a(pic32.o)
 .comment       0x00000000       0x3d ..\..\stdio\stdiolib.a(snprintf.o)
 .comment       0x00000000       0x3d ..\..\stdio\stdiolib.a(sprintf.o)
 .comment       0x00000000       0x3d ..\..\stdio\stdiolib.a(doprnt.o)
 .comment       0x00000000       0x3d ..\..\stdio\stdiolib.a(ecvt.o)
 .comment       0x00000000       0x3d ..\..\stdio\stdiolib.a(fputc.o)
 .comment       0x00000000       0x3d ..\..\stdio\stdiolib.a(gcvt.o)
 .comment       0x000000b4       0x3c c:/program files/microchip/xc32/v2.50/bin/bin/../../lib/gcc/pic32mx/4.8.3/../../../../pic32mx/lib\libmchp_peripheral.a(read_core_timer_lib.o)
                                 0x3d (size before relaxing)
 .comment       0x00000000       0x3d c:/program files/microchip/xc32/v2.50/bin/bin/../../lib/gcc/pic32mx/4.8.3/../../../../pic32mx/lib\libmchp_peripheral_32MX795F512L.a(pcache.o)
 .comment       0x00000000       0x3d c:/program files/microchip/xc32/v2.50/bin/bin/../../lib/gcc/pic32mx/4.8.3/../../../../pic32mx/lib\libmchp_peripheral_32MX795F512L.a(int_disable_interrupts_lib.o)
 .comment       0x00000000       0x3d c:/program files/microchip/xc32/v2.50/bin/bin/../../lib/gcc/pic32mx/4.8.3/../../../../pic32mx/lib\libmchp_peripheral_32MX795F512L.a(int_restore_interrupts_lib.o)
 .comment       0x00000000       0x3d c:/program files/microchip/xc32/v2.50/bin/bin/../../lib/gcc/pic32mx/4.8.3/../../../../pic32mx/lib\libmchp_peripheral_32MX795F512L.a(int_enable_sv_int_lib.o)
 .comment       0x00000000       0x3d c:/program files/microchip/xc32/v2.50/bin/bin/../../lib/gcc/pic32mx/4.8.3/../../../../pic32mx/lib\libmchp_peripheral_32MX795F512L.a(int_tbl_lib.o)
 .comment       0x00000000       0x3d c:/program files/microchip/xc32/v2.50/bin/bin/../../lib/gcc/pic32mx/4.8.3/../../../../pic32mx/lib\libmchp_peripheral_32MX795F512L.a(port_read_bits_lib.o)
 .comment       0x00000000       0x3d c:/program files/microchip/xc32/v2.50/bin/bin/../../lib/gcc/pic32mx/4.8.3/../../../../pic32mx/lib\libmchp_peripheral_32MX795F512L.a(_ports_tbl_libp.o)
 .comment       0x00000000       0x3d c:/program files/microchip/xc32/v2.50/bin/bin/../../lib/gcc/pic32mx/4.8.3/../../../../pic32mx/lib\libmchp_peripheral_32MX795F512L.a(int_enable_interrupts_lib.o)
 .comment       0x000000f0       0x18 c:/program files/microchip/xc32/v2.50/bin/bin/../../lib/gcc/pic32mx/4.8.3/../../../../pic32mx/lib\libpic32.a(memset.o)
                                 0x19 (size before relaxing)
 .comment       0x00000108       0x19 c:/program files/microchip/xc32/v2.50/bin/bin/../../lib/gcc/pic32mx/4.8.3/../../../../pic32mx/lib\libpic32.a(strcmp.o)
                                 0x1a (size before relaxing)
 .comment       0x00000121       0x19 c:/program files/microchip/xc32/v2.50/bin/bin/../../lib/gcc/pic32mx/4.8.3/../../../../pic32mx/lib\libpic32.a(strcpy.o)
                                 0x1a (size before relaxing)
 .comment       0x0000013a       0x19 c:/program files/microchip/xc32/v2.50/bin/bin/../../lib/gcc/pic32mx/4.8.3/../../../../pic32mx/lib\libpic32.a(strlen.o)
                                 0x1a (size before relaxing)
 .comment       0x00000000       0x3d c:/program files/microchip/xc32/v2.50/bin/bin/../../lib/gcc/pic32mx/4.8.3/../../../../pic32mx/lib\libpic32.a(default-bootstrap-exception-handler.o)
 .comment       0x00000000       0x3d c:/program files/microchip/xc32/v2.50/bin/bin/../../lib/gcc/pic32mx/4.8.3/../../../../pic32mx/lib\libpic32.a(default-on-reset.o)
 .comment       0x00000000       0x3d c:/program files/microchip/xc32/v2.50/bin/bin/../../lib/gcc/pic32mx/4.8.3/../../../../pic32mx/lib\libpic32.a(default-on-bootstrap.o)
 .comment       0x00000000       0x3d c:/program files/microchip/xc32/v2.50/bin/bin/../../lib/gcc/pic32mx/4.8.3/../../../../pic32mx/lib\libpic32.a(default-general-exception-handler.o)
 .comment       0x00000000       0x3d c:/program files/microchip/xc32/v2.50/bin/bin/../../lib/gcc/pic32mx/4.8.3/../../../../pic32mx/lib\libpic32.a(defaultinterrupt.o)
 .comment       0x00000000       0x3d c:/program files/microchip/xc32/v2.50/bin/bin/../../lib/gcc/pic32mx/4.8.3/../../../../pic32mx/lib\libc.a(atoi.o)
 .comment       0x00000153       0x4e c:/program files/microchip/xc32/v2.50/bin/bin/../../lib/gcc/pic32mx/4.8.3/../../../../pic32mx/lib\libc.a(ctype.o)
                                 0x8b (size before relaxing)
 .comment       0x00000000       0x3d c:/program files/microchip/xc32/v2.50/bin/bin/../../lib/gcc/pic32mx/4.8.3/../../../../pic32mx/lib\libc.a(itoa.o)
 .comment       0x00000000       0x3d c:/program files/microchip/xc32/v2.50/bin/bin/../../lib/gcc/pic32mx/4.8.3/../../../../pic32mx/lib\libc.a(strcat.o)
 .comment       0x00000000       0x3d c:/program files/microchip/xc32/v2.50/bin/bin/../../lib/gcc/pic32mx/4.8.3/../../../../pic32mx/lib\libc.a(strchr.o)
 .comment       0x00000000       0x3d c:/program files/microchip/xc32/v2.50/bin/bin/../../lib/gcc/pic32mx/4.8.3/../../../../pic32mx/lib\libc.a(strncat.o)
 .comment       0x00000000       0x3d c:/program files/microchip/xc32/v2.50/bin/bin/../../lib/gcc/pic32mx/4.8.3/../../../../pic32mx/lib\libc.a(strncmp.o)
 .comment       0x00000000       0x3d c:/program files/microchip/xc32/v2.50/bin/bin/../../lib/gcc/pic32mx/4.8.3/../../../../pic32mx/lib\libc.a(strncpy.o)
 .comment       0x000001a1       0x4e c:/program files/microchip/xc32/v2.50/bin/bin/../../lib/gcc/pic32mx/4.8.3/../../../../pic32mx/lib\libe.a(_unorddf2.o)
                                 0x8b (size before relaxing)

.debug
 *(.debug)

.line
 *(.line)

.debug_srcinfo
 *(.debug_srcinfo)

.debug_sfnames
 *(.debug_sfnames)

.debug_aranges  0x00000000      0xe50
 *(.debug_aranges)
 .debug_aranges
                0x00000000       0x20 build/USUAL/production/oemGSM.o
 .debug_aranges
                0x00000020       0x20 build/USUAL/production/oemInputAcquisition.o
 .debug_aranges
                0x00000040       0x20 build/USUAL/production/oemInputAveraging.o
 .debug_aranges
                0x00000060       0x20 build/USUAL/production/oemLog.o
 .debug_aranges
                0x00000080       0x20 build/USUAL/production/oemMain.o
 .debug_aranges
                0x000000a0       0x20 build/USUAL/production/oemOutputControl.o
 .debug_aranges
                0x000000c0       0x20 build/USUAL/production/oemSaveReadParameter.o
 .debug_aranges
                0x000000e0       0x20 build/USUAL/production/oemSendRecvUsb.o
 .debug_aranges
                0x00000100       0x20 build/USUAL/production/oemCalculations.o
 .debug_aranges
                0x00000120       0x20 build/USUAL/production/oemDisplay.o
 .debug_aranges
                0x00000140       0x18 build/USUAL/production/oemFunctions.o
 .debug_aranges
                0x00000158       0x20 build/USUAL/production/malloc.o
 .debug_aranges
                0x00000178       0x20 build/USUAL/production/setup.o
 .debug_aranges
                0x00000198       0x20 build/USUAL/production/mutex.o
 .debug_aranges
                0x000001b8       0x20 build/USUAL/production/mmc.o
 .debug_aranges
                0x000001d8       0x20 build/USUAL/production/sd_spi.o
 .debug_aranges
                0x000001f8       0x18 build/USUAL/production/configurations.o
 .debug_aranges
                0x00000210       0x18 build/USUAL/production/speedControl.o
 .debug_aranges
                0x00000228       0x18 build/USUAL/production/tcp_server.o
 .debug_aranges
                0x00000240       0x18 build/USUAL/production/tcp_start.o
 .debug_aranges
                0x00000258       0x18 build/USUAL/production/timeDifference.o
 .debug_aranges
                0x00000270       0x18 build/USUAL/production/wrapper.o
 .debug_aranges
                0x00000288       0x20 build/USUAL/production/analogSensor10bit.o
 .debug_aranges
                0x000002a8       0x20 build/USUAL/production/analogToPhysical.o
 .debug_aranges
                0x000002c8       0x18 build/USUAL/production/buzzer.o
 .debug_aranges
                0x000002e0       0x20 build/USUAL/production/common.o
 .debug_aranges
                0x00000300       0x20 build/USUAL/production/display.o
 .debug_aranges
                0x00000320       0x18 build/USUAL/production/melacs_spi.o
 .debug_aranges
                0x00000338       0x20 build/USUAL/production/onBoardADC.o
 .debug_aranges
                0x00000358       0x20 build/USUAL/production/onBoardRTCC.o
 .debug_aranges
                0x00000378       0x20 build/USUAL/production/readConfig.o
 .debug_aranges
                0x00000398       0x20 build/USUAL/production/sensorValueConvertion.o
 .debug_aranges
                0x000003b8       0x20 build/USUAL/production/sensors.o
 .debug_aranges
                0x000003d8       0x18 build/USUAL/production/hBridge.o
 .debug_aranges
                0x000003f0       0x20 build/USUAL/production/logRun.o
 .debug_aranges
                0x00000410       0x20 build/USUAL/production/usb_composite.o
 .debug_aranges
                0x00000430       0x18 build/USUAL/production/threeWayValve.o
 .debug_aranges
                0x00000448       0x20 build/USUAL/production/main.o
 .debug_aranges
                0x00000468       0x18 build/USUAL/production/alarmStrings.o
 .debug_aranges
                0x00000480       0x20 ..\..\servers\fsys-fatfs\fsys-fatfs.a(addfs.o)
 .debug_aranges
                0x000004a0       0x20 ..\..\servers\fsys-fatfs\fsys-fatfs.a(diskio.o)
 .debug_aranges
                0x000004c0       0x20 ..\..\servers\fsys-fatfs\fsys-fatfs.a(fsysmain.o)
 .debug_aranges
                0x000004e0       0x20 ..\..\servers\fsys-fatfs\fsys-fatfs.a(getdirentries.o)
 .debug_aranges
                0x00000500       0x20 ..\..\servers\fsys-fatfs\fsys-fatfs.a(lseek.o)
 .debug_aranges
                0x00000520       0x20 ..\..\servers\fsys-fatfs\fsys-fatfs.a(mkdir.o)
 .debug_aranges
                0x00000540       0x20 ..\..\servers\fsys-fatfs\fsys-fatfs.a(mkfs.o)
 .debug_aranges
                0x00000560       0x20 ..\..\servers\fsys-fatfs\fsys-fatfs.a(mount.o)
 .debug_aranges
                0x00000580       0x20 ..\..\servers\fsys-fatfs\fsys-fatfs.a(open.o)
 .debug_aranges
                0x000005a0       0x20 ..\..\servers\fsys-fatfs\fsys-fatfs.a(path.o)
 .debug_aranges
                0x000005c0       0x20 ..\..\servers\fsys-fatfs\fsys-fatfs.a(readwrit.o)
 .debug_aranges
                0x000005e0       0x20 ..\..\servers\fsys-fatfs\fsys-fatfs.a(rename.o)
 .debug_aranges
                0x00000600       0x20 ..\..\servers\fsys-fatfs\fsys-fatfs.a(rmdir.o)
 .debug_aranges
                0x00000620       0x20 ..\..\servers\fsys-fatfs\fsys-fatfs.a(stat.o)
 .debug_aranges
                0x00000640       0x20 ..\..\servers\fsys-fatfs\fsys-fatfs.a(sync.o)
 .debug_aranges
                0x00000660       0x20 ..\..\servers\fsys-fatfs\fsys-fatfs.a(umount.o)
 .debug_aranges
                0x00000680       0x20 ..\..\servers\fsys-fatfs\fsys-fatfs.a(unlink.o)
 .debug_aranges
                0x000006a0       0x20 ..\..\servers\fsys-fatfs\fsys-fatfs.a(chmod.o)
 .debug_aranges
                0x000006c0       0x20 ..\..\servers\fsys-fatfs\fsys-fatfs.a(close.o)
 .debug_aranges
                0x000006e0       0x20 ..\..\servers\fsys-fatfs\fsys-fatfs.a(ff.o)
 .debug_aranges
                0x00000700       0x20 ..\..\servers\fsys-fatfs\fsys-fatfs.a(fstime.o)
 .debug_aranges
                0x00000720       0x20 ..\..\servers\fsys-fatfs\fsys-fatfs.a(ccsbcs.o)
 .debug_aranges
                0x00000740       0x20 ..\..\iolib\iolib.a(close.o)
 .debug_aranges
                0x00000760       0x20 ..\..\iolib\iolib.a(fstat.o)
 .debug_aranges
                0x00000780       0x20 ..\..\iolib\iolib.a(ioctl.o)
 .debug_aranges
                0x000007a0       0x20 ..\..\iolib\iolib.a(lseek.o)
 .debug_aranges
                0x000007c0       0x20 ..\..\iolib\iolib.a(mkdir.o)
 .debug_aranges
                0x000007e0       0x20 ..\..\iolib\iolib.a(mount.o)
 .debug_aranges
                0x00000800       0x20 ..\..\iolib\iolib.a(open.o)
 .debug_aranges
                0x00000820       0x20 ..\..\iolib\iolib.a(pathlook.o)
 .debug_aranges
                0x00000840       0x20 ..\..\iolib\iolib.a(read.o)
 .debug_aranges
                0x00000860       0x20 ..\..\iolib\iolib.a(ucb.o)
 .debug_aranges
                0x00000880       0x20 ..\..\iolib\iolib.a(umount.o)
 .debug_aranges
                0x000008a0       0x20 ..\..\iolib\iolib.a(write.o)
 .debug_aranges
                0x000008c0       0x20 ..\..\servers\usb\usb_server\usb_server.a(usb_server.o)
 .debug_aranges
                0x000008e0       0x20 ..\..\servers\usb\device\usbd_core\usbd_core.a(usbd_core.o)
 .debug_aranges
                0x00000900       0x20 ..\..\servers\usb\device\usbd_core\usbd_core.a(usbd_descriptor.o)
 .debug_aranges
                0x00000920       0x20 ..\..\servers\usb\device\usbd_pic32x_port\usbd_pic32x_port.a(usbd_core.o)
 .debug_aranges
                0x00000940       0x20 ..\..\servers\usb\device\usbd_pic32x_port\usbd_pic32x_port.a(usbd_init.o)
 .debug_aranges
                0x00000960       0x20 ..\..\servers\usb\device\usbd_pic32x_port\usbd_pic32x_port.a(usbd_pic32_hw.o)
 .debug_aranges
                0x00000980       0x20 ..\..\servers\usb\device\usbd_pic32x_port\usbd_pic32x_port.a(usbd_pipe.o)
 .debug_aranges
                0x000009a0       0x20 ..\..\servers\usb\device\usbd_msc_driver\usbd_msc_driver.a(usbd_msc.o)
 .debug_aranges
                0x000009c0       0x20 ..\..\servers\usb\device\usbd_msc_driver\usbd_msc_driver.a(usbd_msc_bot.o)
 .debug_aranges
                0x000009e0       0x20 ..\..\servers\usb\device\usbd_msc_driver\usbd_msc_driver.a(usbd_msc_scsi.o)
 .debug_aranges
                0x00000a00       0x20 ..\..\servers\usb\device\usbd_cdc_serial_driver\usbd_cdc_serial_driver.a(usbd_serial.o)
 .debug_aranges
                0x00000a20       0x20 ..\..\servers\usb\device\usbd_cdc_serial_driver\usbd_cdc_serial_driver.a(usbd_setup.o)
 .debug_aranges
                0x00000a40       0x20 ..\..\kernel\Unison.a(port_asm.o)
 .debug_aranges
                0x00000a60       0x20 ..\..\servers\tty\tty.a(ttyserver.o)
 .debug_aranges
                0x00000a80       0x20 ..\..\servers\tty\tty.a(pic32.o)
 .debug_aranges
                0x00000aa0       0x20 ..\..\stdio\stdiolib.a(snprintf.o)
 .debug_aranges
                0x00000ac0       0x20 ..\..\stdio\stdiolib.a(sprintf.o)
 .debug_aranges
                0x00000ae0       0x20 ..\..\stdio\stdiolib.a(doprnt.o)
 .debug_aranges
                0x00000b00       0x20 ..\..\stdio\stdiolib.a(ecvt.o)
 .debug_aranges
                0x00000b20       0x20 ..\..\stdio\stdiolib.a(fputc.o)
 .debug_aranges
                0x00000b40       0x20 ..\..\stdio\stdiolib.a(gcvt.o)
 .debug_aranges
                0x00000b60       0x20 c:/program files/microchip/xc32/v2.50/bin/bin/../../lib/gcc/pic32mx/4.8.3/../../../../pic32mx/lib\libmchp_peripheral.a(read_core_timer_lib.o)
 .debug_aranges
                0x00000b80       0x28 c:/program files/microchip/xc32/v2.50/bin/bin/../../lib/gcc/pic32mx/4.8.3/../../../../pic32mx/lib\libmchp_peripheral_32MX795F512L.a(pcache.o)
 .debug_aranges
                0x00000ba8       0x20 c:/program files/microchip/xc32/v2.50/bin/bin/../../lib/gcc/pic32mx/4.8.3/../../../../pic32mx/lib\libmchp_peripheral_32MX795F512L.a(int_disable_interrupts_lib.o)
 .debug_aranges
                0x00000bc8       0x20 c:/program files/microchip/xc32/v2.50/bin/bin/../../lib/gcc/pic32mx/4.8.3/../../../../pic32mx/lib\libmchp_peripheral_32MX795F512L.a(int_restore_interrupts_lib.o)
 .debug_aranges
                0x00000be8       0x20 c:/program files/microchip/xc32/v2.50/bin/bin/../../lib/gcc/pic32mx/4.8.3/../../../../pic32mx/lib\libmchp_peripheral_32MX795F512L.a(int_enable_sv_int_lib.o)
 .debug_aranges
                0x00000c08       0x60 c:/program files/microchip/xc32/v2.50/bin/bin/../../lib/gcc/pic32mx/4.8.3/../../../../pic32mx/lib\libmchp_peripheral_32MX795F512L.a(int_tbl_lib.o)
 .debug_aranges
                0x00000c68       0x20 c:/program files/microchip/xc32/v2.50/bin/bin/../../lib/gcc/pic32mx/4.8.3/../../../../pic32mx/lib\libmchp_peripheral_32MX795F512L.a(port_read_bits_lib.o)
 .debug_aranges
                0x00000c88       0x20 c:/program files/microchip/xc32/v2.50/bin/bin/../../lib/gcc/pic32mx/4.8.3/../../../../pic32mx/lib\libmchp_peripheral_32MX795F512L.a(int_enable_interrupts_lib.o)
 .debug_aranges
                0x00000ca8       0x20 c:/program files/microchip/xc32/v2.50/bin/bin/../../lib/gcc/pic32mx/4.8.3/../../../../pic32mx/lib\libpic32.a(default-bootstrap-exception-handler.o)
 .debug_aranges
                0x00000cc8       0x20 c:/program files/microchip/xc32/v2.50/bin/bin/../../lib/gcc/pic32mx/4.8.3/../../../../pic32mx/lib\libpic32.a(default-on-reset.o)
 .debug_aranges
                0x00000ce8       0x20 c:/program files/microchip/xc32/v2.50/bin/bin/../../lib/gcc/pic32mx/4.8.3/../../../../pic32mx/lib\libpic32.a(default-on-bootstrap.o)
 .debug_aranges
                0x00000d08       0x20 c:/program files/microchip/xc32/v2.50/bin/bin/../../lib/gcc/pic32mx/4.8.3/../../../../pic32mx/lib\libpic32.a(default-general-exception-handler.o)
 .debug_aranges
                0x00000d28       0x20 c:/program files/microchip/xc32/v2.50/bin/bin/../../lib/gcc/pic32mx/4.8.3/../../../../pic32mx/lib\libpic32.a(defaultinterrupt.o)
 .debug_aranges
                0x00000d48       0x20 c:/program files/microchip/xc32/v2.50/bin/bin/../../lib/gcc/pic32mx/4.8.3/../../../../pic32mx/lib\libc.a(atoi.o)
 .debug_aranges
                0x00000d68       0x28 c:/program files/microchip/xc32/v2.50/bin/bin/../../lib/gcc/pic32mx/4.8.3/../../../../pic32mx/lib\libc.a(itoa.o)
 .debug_aranges
                0x00000d90       0x20 c:/program files/microchip/xc32/v2.50/bin/bin/../../lib/gcc/pic32mx/4.8.3/../../../../pic32mx/lib\libc.a(strcat.o)
 .debug_aranges
                0x00000db0       0x20 c:/program files/microchip/xc32/v2.50/bin/bin/../../lib/gcc/pic32mx/4.8.3/../../../../pic32mx/lib\libc.a(strchr.o)
 .debug_aranges
                0x00000dd0       0x20 c:/program files/microchip/xc32/v2.50/bin/bin/../../lib/gcc/pic32mx/4.8.3/../../../../pic32mx/lib\libc.a(strncat.o)
 .debug_aranges
                0x00000df0       0x20 c:/program files/microchip/xc32/v2.50/bin/bin/../../lib/gcc/pic32mx/4.8.3/../../../../pic32mx/lib\libc.a(strncmp.o)
 .debug_aranges
                0x00000e10       0x20 c:/program files/microchip/xc32/v2.50/bin/bin/../../lib/gcc/pic32mx/4.8.3/../../../../pic32mx/lib\libc.a(strncpy.o)
 .debug_aranges
                0x00000e30       0x20 c:/program files/microchip/xc32/v2.50/bin/bin/../../lib/gcc/pic32mx/4.8.3/../../../../pic32mx/lib\libe.a(_unorddf2.o)

.debug_pubnames
                0x00000000      0x1af
 *(.debug_pubnames)
 .debug_pubnames
                0x00000000       0x4a ..\..\servers\usb\usb_server\usb_server.a(usb_server.o)
 .debug_pubnames
                0x0000004a       0x7b ..\..\servers\tty\tty.a(ttyserver.o)
 .debug_pubnames
                0x000000c5       0xea ..\..\servers\tty\tty.a(pic32.o)

.debug_info     0x00000000    0x49204
 *(.debug_info .gnu.linkonce.wi.*)
 .debug_info    0x00000000     0x1282 build/USUAL/production/oemGSM.o
 .debug_info    0x00001282     0x1583 build/USUAL/production/oemInputAcquisition.o
 .debug_info    0x00002805     0x138b build/USUAL/production/oemInputAveraging.o
 .debug_info    0x00003b90     0x13f7 build/USUAL/production/oemLog.o
 .debug_info    0x00004f87     0x3915 build/USUAL/production/oemMain.o
 .debug_info    0x0000889c     0x1883 build/USUAL/production/oemOutputControl.o
 .debug_info    0x0000a11f     0x1e6e build/USUAL/production/oemSaveReadParameter.o
 .debug_info    0x0000bf8d     0x2f81 build/USUAL/production/oemSendRecvUsb.o
 .debug_info    0x0000ef0e     0x259f build/USUAL/production/oemCalculations.o
 .debug_info    0x000114ad     0x156d build/USUAL/production/oemDisplay.o
 .debug_info    0x00012a1a      0xfaa build/USUAL/production/oemFunctions.o
 .debug_info    0x000139c4      0x218 build/USUAL/production/malloc.o
 .debug_info    0x00013bdc     0x1c35 build/USUAL/production/setup.o
 .debug_info    0x00015811      0x3a9 build/USUAL/production/mutex.o
 .debug_info    0x00015bba      0xbea build/USUAL/production/mmc.o
 .debug_info    0x000167a4      0xd73 build/USUAL/production/sd_spi.o
 .debug_info    0x00017517      0x139 build/USUAL/production/configurations.o
 .debug_info    0x00017650      0x137 build/USUAL/production/speedControl.o
 .debug_info    0x00017787      0x135 build/USUAL/production/tcp_server.o
 .debug_info    0x000178bc      0x134 build/USUAL/production/tcp_start.o
 .debug_info    0x000179f0      0x139 build/USUAL/production/timeDifference.o
 .debug_info    0x00017b29      0x132 build/USUAL/production/wrapper.o
 .debug_info    0x00017c5b     0x1843 build/USUAL/production/analogSensor10bit.o
 .debug_info    0x0001949e      0xffd build/USUAL/production/analogToPhysical.o
 .debug_info    0x0001a49b      0x131 build/USUAL/production/buzzer.o
 .debug_info    0x0001a5cc      0x1bf build/USUAL/production/common.o
 .debug_info    0x0001a78b     0x1fdb build/USUAL/production/display.o
 .debug_info    0x0001c766      0x135 build/USUAL/production/melacs_spi.o
 .debug_info    0x0001c89b      0xd21 build/USUAL/production/onBoardADC.o
 .debug_info    0x0001d5bc      0xe07 build/USUAL/production/onBoardRTCC.o
 .debug_info    0x0001e3c3      0x47f build/USUAL/production/readConfig.o
 .debug_info    0x0001e842      0x398 build/USUAL/production/sensorValueConvertion.o
 .debug_info    0x0001ebda      0x373 build/USUAL/production/sensors.o
 .debug_info    0x0001ef4d      0x132 build/USUAL/production/hBridge.o
 .debug_info    0x0001f07f      0x945 build/USUAL/production/logRun.o
 .debug_info    0x0001f9c4      0xa51 build/USUAL/production/usb_composite.o
 .debug_info    0x00020415      0x138 build/USUAL/production/threeWayValve.o
 .debug_info    0x0002054d     0x16dd build/USUAL/production/main.o
 .debug_info    0x00021c2a      0x137 build/USUAL/production/alarmStrings.o
 .debug_info    0x00021d61      0x6d0 ..\..\servers\fsys-fatfs\fsys-fatfs.a(addfs.o)
 .debug_info    0x00022431      0x689 ..\..\servers\fsys-fatfs\fsys-fatfs.a(diskio.o)
 .debug_info    0x00022aba     0x1e74 ..\..\servers\fsys-fatfs\fsys-fatfs.a(fsysmain.o)
 .debug_info    0x0002492e      0x92e ..\..\servers\fsys-fatfs\fsys-fatfs.a(getdirentries.o)
 .debug_info    0x0002525c      0x741 ..\..\servers\fsys-fatfs\fsys-fatfs.a(lseek.o)
 .debug_info    0x0002599d      0x434 ..\..\servers\fsys-fatfs\fsys-fatfs.a(mkdir.o)
 .debug_info    0x00025dd1      0x5c2 ..\..\servers\fsys-fatfs\fsys-fatfs.a(mkfs.o)
 .debug_info    0x00026393      0x654 ..\..\servers\fsys-fatfs\fsys-fatfs.a(mount.o)
 .debug_info    0x000269e7      0x9c3 ..\..\servers\fsys-fatfs\fsys-fatfs.a(open.o)
 .debug_info    0x000273aa      0xd0d ..\..\servers\fsys-fatfs\fsys-fatfs.a(path.o)
 .debug_info    0x000280b7      0x73e ..\..\servers\fsys-fatfs\fsys-fatfs.a(readwrit.o)
 .debug_info    0x000287f5      0x4f6 ..\..\servers\fsys-fatfs\fsys-fatfs.a(rename.o)
 .debug_info    0x00028ceb      0x71f ..\..\servers\fsys-fatfs\fsys-fatfs.a(rmdir.o)
 .debug_info    0x0002940a      0x9d7 ..\..\servers\fsys-fatfs\fsys-fatfs.a(stat.o)
 .debug_info    0x00029de1      0x489 ..\..\servers\fsys-fatfs\fsys-fatfs.a(sync.o)
 .debug_info    0x0002a26a      0x3ff ..\..\servers\fsys-fatfs\fsys-fatfs.a(umount.o)
 .debug_info    0x0002a669      0x71d ..\..\servers\fsys-fatfs\fsys-fatfs.a(unlink.o)
 .debug_info    0x0002ad86      0x46b ..\..\servers\fsys-fatfs\fsys-fatfs.a(chmod.o)